Build started 01/31/2026 17:41:57.
     1>Project "/home/runner/work/TralliValli/TralliValli/TraliVali.slnx" on node 1 (VSTest target(s)).
     1>ValidateSolutionConfiguration:
         Building solution configuration "Release|Any CPU".
Test run for /home/runner/work/TralliValli/TralliValli/tests/TraliVali.Tests/bin/Release/net8.0/TraliVali.Tests.dll (.NETCoreApp,Version=v8.0)
VSTest version 18.0.1 (x64)

Starting test execution, please wait...
A total of 1 test files matched the specified pattern.
[xUnit.net 00:00:00.00] xUnit.net VSTest Adapter v2.5.3.1+6b60a9e56a (64-bit .NET 8.0.23)
[xUnit.net 00:00:00.59]   Discovering: TraliVali.Tests
[xUnit.net 00:00:01.21]   Discovered:  TraliVali.Tests
[xUnit.net 00:00:01.22]   Starting:    TraliVali.Tests
  Passed TraliVali.Tests.Workers.ArchivalWorkerCleanupTests.Configuration_MessageRetentionSettings_WorkTogether [82 ms]
  Passed TraliVali.Tests.Workers.ArchivalWorkerCleanupTests.Configuration_DeleteAfterArchive_CanBeSetToTrue [< 1 ms]
  Passed TraliVali.Tests.Workers.ArchivalWorkerCleanupTests.Configuration_DeleteAfterArchive_CanBeSetToFalse [< 1 ms]
  Passed TraliVali.Tests.Workers.ArchivalWorkerCleanupTests.Configuration_SupportsBothArchiveAndCleanupScenarios [< 1 ms]
  Passed TraliVali.Tests.Email.EmailServiceExtensionsTests.AddAzureCommunicationEmailService_WithMissingConnectionString_ShouldThrowOnServiceResolution [137 ms]
  Passed TraliVali.Tests.Email.EmailServiceExtensionsTests.AddAzureCommunicationEmailService_WithInvalidConfiguration_ShouldThrowOnServiceResolution [1 ms]
  Passed TraliVali.Tests.Email.EmailServiceExtensionsTests.AddAzureCommunicationEmailService_WithMissingSenderAddress_ShouldThrowOnServiceResolution [< 1 ms]
  Passed TraliVali.Tests.Email.EmailServiceExtensionsTests.AddAzureCommunicationEmailService_ShouldRegisterAsSingleton [249 ms]
  Passed TraliVali.Tests.Email.EmailServiceExtensionsTests.AddAzureCommunicationEmailService_WithValidConfiguration_ShouldRegisterServices [4 ms]
  Passed TraliVali.Tests.Workers.ArchivalWorkerCleanupTests.ArchivalWorker_CreatesWithCleanupConfiguration [315 ms]
  Passed TraliVali.Tests.Workers.ArchivalWorkerCleanupTests.Configuration_DeleteAfterArchive_WithoutBlobStorage_IsValid [< 1 ms]
  Passed TraliVali.Tests.Workers.ArchivalWorkerCleanupTests.Configuration_AllRetentionSettings_CanBeCombined(retentionDays: 30, batchSize: 100, deleteAfterArchive: True, scenario: "Short retention with small batches and cleanup") [2 ms]
  Passed TraliVali.Tests.Workers.ArchivalWorkerCleanupTests.Configuration_AllRetentionSettings_CanBeCombined(retentionDays: 365, batchSize: 5000, deleteAfterArchive: True, scenario: "Long retention with very large batches and cleanup") [< 1 ms]
  Passed TraliVali.Tests.Workers.ArchivalWorkerCleanupTests.Configuration_AllRetentionSettings_CanBeCombined(retentionDays: 180, batchSize: 1000, deleteAfterArchive: False, scenario: "Medium retention with large batches without cleanu"···) [< 1 ms]
  Passed TraliVali.Tests.Workers.ArchivalWorkerCleanupTests.Configuration_DeleteAfterArchive_DefaultsToTrue [< 1 ms]
  Passed TraliVali.Tests.Workers.ArchivalWorkerCleanupTests.Configuration_DeleteAfterArchive_IndependentOfOtherSettings [< 1 ms]
  Passed TraliVali.Tests.Workers.ArchivalWorkerCleanupTests.Configuration_CronScheduleAndDeleteAfterArchive_WorkTogether(cronSchedule: "0 */12 * * *", deleteAfterArchive: False, description: "Every 12 hours without cleanup") [< 1 ms]
  Passed TraliVali.Tests.Workers.ArchivalWorkerCleanupTests.Configuration_CronScheduleAndDeleteAfterArchive_WorkTogether(cronSchedule: "0 0 * * *", deleteAfterArchive: True, description: "Midnight daily with cleanup") [< 1 ms]
  Passed TraliVali.Tests.Workers.ArchivalWorkerCleanupTests.Configuration_CronScheduleAndDeleteAfterArchive_WorkTogether(cronSchedule: "0 3 * * 0", deleteAfterArchive: True, description: "Weekly Sunday 3am with cleanup") [< 1 ms]
  Passed TraliVali.Tests.Workers.ArchivalWorkerCleanupTests.Configuration_MessageRetentionSection_ContainsAllRequiredFields [< 1 ms]
  Passed TraliVali.Tests.Workers.ArchivalWorkerCleanupTests.ArchivalWorker_RequiresBothCollections_ForCleanupFunctionality [1 ms]
  Passed TraliVali.Tests.Workers.ArchivalWorkerCleanupTests.Configuration_DeleteAfterArchive_AcceptsBooleanValues(value: False, description: "Messages should not be deleted when DeleteAfterArc"···) [< 1 ms]
  Passed TraliVali.Tests.Workers.ArchivalWorkerCleanupTests.Configuration_DeleteAfterArchive_AcceptsBooleanValues(value: True, description: "Messages should be deleted when DeleteAfterArchive"···) [< 1 ms]
  Passed TraliVali.Tests.Workers.ArchivalWorkerCleanupTests.Configuration_DefaultValues_IncludeDeleteAfterArchive [< 1 ms]
  Passed TraliVali.Tests.Email.EmailConfigurationValidatorTests.StartAsync_ShouldThrowInvalidOperationException_WithEmptySenderAddress [12 ms]
  Passed TraliVali.Tests.Email.EmailConfigurationValidatorTests.StartAsync_ShouldRejectEmailWithoutAt [1 ms]
  Passed TraliVali.Tests.Email.EmailConfigurationValidatorTests.Constructor_ShouldThrowArgumentNullException_WhenLoggerIsNull [< 1 ms]
  Passed TraliVali.Tests.Email.EmailConfigurationValidatorTests.StopAsync_ShouldRespectCancellationToken [< 1 ms]
  Passed TraliVali.Tests.Email.EmailConfigurationValidatorTests.StartAsync_ShouldRejectWhitespaceSenderAddress [< 1 ms]
  Passed TraliVali.Tests.Email.EmailConfigurationValidatorTests.StartAsync_ShouldThrowInvalidOperationException_WithMultipleValidationErrors [< 1 ms]
  Passed TraliVali.Tests.Email.EmailConfigurationValidatorTests.StopAsync_ShouldCompleteSuccessfully [< 1 ms]
  Passed TraliVali.Tests.Entities.MessageReadStatusTests.GivenMessageReadStatus_WhenDefaultConstructorUsed_ThenPropertiesAreInitialized [1 ms]
  Passed TraliVali.Tests.Entities.MessageReadStatusTests.GivenMultipleMessageReadStatuses_WhenCreatedWithDifferentTimestamps_ThenReadAtTimesAreDifferent [< 1 ms]
  Passed TraliVali.Tests.Email.AzureCommunicationEmailConfigurationTests.DefaultValues_ShouldBeSetCorrectly [< 1 ms]
  Passed TraliVali.Tests.Entities.MessageReadStatusTests.GivenMultipleMessageReadStatuses_WhenCreated_ThenEachHasUniqueUserId [3 ms]
  Passed TraliVali.Tests.Email.AzureCommunicationEmailConfigurationTests.Validate_WithEmptySenderAddress_ShouldReturnError [3 ms]
  Passed TraliVali.Tests.Notifications.NotificationServiceExtensionsTests.AddNotificationService_WithMissingConfiguration_ShouldRegisterServicesWithDefaults [2 ms]
  Passed TraliVali.Tests.Entities.MessageReadStatusTests.GivenNewMessageReadStatus_WhenCreated_ThenAllPropertiesCanBeSet [1 ms]
  Passed TraliVali.Tests.Email.AzureCommunicationEmailConfigurationTests.Validate_WithInvalidSenderAddress_ShouldReturnError [< 1 ms]
  Passed TraliVali.Tests.Email.AzureCommunicationEmailConfigurationTests.SectionName_ShouldBeCorrect [< 1 ms]
  Passed TraliVali.Tests.Notifications.NotificationServiceExtensionsTests.AddNotificationService_ShouldRegisterAsSingleton [< 1 ms]
  Passed TraliVali.Tests.Email.AzureCommunicationEmailConfigurationTests.Validate_WithValidConfiguration_ShouldReturnNoErrors [< 1 ms]
  Passed TraliVali.Tests.Entities.MessageReadStatusTests.GivenMessageReadStatus_WhenReadAtInPast_ThenReadAtIsCorrect [< 1 ms]
  Passed TraliVali.Tests.Email.AzureCommunicationEmailConfigurationTests.Validate_WithMultipleErrors_ShouldReturnAllErrors [< 1 ms]
  Passed TraliVali.Tests.Email.AzureCommunicationEmailConfigurationTests.Validate_WithEmptyConnectionString_ShouldReturnError [< 1 ms]
  Passed TraliVali.Tests.Notifications.NotificationServiceExtensionsTests.AddNotificationService_ShouldRegisterConfiguration [2 ms]
  Passed TraliVali.Tests.Notifications.NotificationConfigurationTests.Validate_WithValidNoneProvider_ShouldReturnNoErrors [2 ms]
  Passed TraliVali.Tests.Notifications.NotificationConfigurationTests.Constructor_ShouldHaveDefaultProviderNone [< 1 ms]
  Passed TraliVali.Tests.Notifications.NotificationConfigurationTests.Validate_WithInvalidProvider_ShouldReturnError [< 1 ms]
  Passed TraliVali.Tests.Notifications.NotificationServiceExtensionsTests.AddNotificationService_WithInvalidProvider_ShouldThrowException [1 ms]
  Passed TraliVali.Tests.Notifications.NotificationServiceExtensionsTests.AddNotificationService_WithValidConfiguration_ShouldRegisterServices [< 1 ms]
  Passed TraliVali.Tests.Notifications.NotificationConfigurationTests.Validate_WithEmptyProvider_ShouldReturnError [1 ms]
  Passed TraliVali.Tests.Notifications.NotificationConfigurationTests.SectionName_ShouldBeNotifications [< 1 ms]
  Passed TraliVali.Tests.Notifications.NotificationConfigurationTests.Validate_WithValidNoneProviderLowerCase_ShouldReturnNoErrors [< 1 ms]
  Passed TraliVali.Tests.Notifications.NotificationConfigurationTests.Validate_WithNullProvider_ShouldReturnError [< 1 ms]
  Passed TraliVali.Tests.Data.ConversationFactoryTests.WithParticipant_ShouldAddParticipant [5 ms]
  Passed TraliVali.Tests.Data.ConversationFactoryTests.WithAdminParticipant_ShouldAddParticipantAsAdmin [< 1 ms]
  Passed TraliVali.Tests.Data.ConversationFactoryTests.WithMetadata_ShouldAddMetadataEntry [< 1 ms]
  Passed TraliVali.Tests.Data.ConversationFactoryTests.BuildGroupConversation_ShouldCreateGroupConversationWithMultipleParticipants [< 1 ms]
  Passed TraliVali.Tests.Data.ConversationFactoryTests.AsChannel_ShouldSetTypeAndIsGroup [< 1 ms]
  Passed TraliVali.Tests.Data.ConversationFactoryTests.WithName_ShouldSetName [< 1 ms]
  Passed TraliVali.Tests.Data.ConversationFactoryTests.BuildInvalid_ShouldCreateInvalidConversation [< 1 ms]
  Passed TraliVali.Tests.Data.ConversationFactoryTests.AsGroup_ShouldSetTypeAndIsGroup [< 1 ms]
  Passed TraliVali.Tests.Data.ConversationFactoryTests.BuilderPattern_ShouldAllowChaining [16 ms]
  Passed TraliVali.Tests.Data.ConversationFactoryTests.BuildValid_ShouldCreateValidConversation [< 1 ms]
  Passed TraliVali.Tests.Workers.ArchivalWorkerTests.ArchivalWorkerConfiguration_ShouldAcceptValidRetentionDays(retentionDays: 90) [1 ms]
  Passed TraliVali.Tests.Workers.ArchivalWorkerTests.ArchivalWorkerConfiguration_ShouldAcceptValidRetentionDays(retentionDays: 730) [< 1 ms]
  Passed TraliVali.Tests.Workers.ArchivalWorkerTests.ArchivalWorkerConfiguration_ShouldAcceptValidRetentionDays(retentionDays: 365) [< 1 ms]
  Passed TraliVali.Tests.Workers.ArchivalWorkerTests.ArchivalWorkerConfiguration_ShouldAcceptValidRetentionDays(retentionDays: 30) [< 1 ms]
  Passed TraliVali.Tests.Workers.ArchivalWorkerTests.ArchivalWorkerConfiguration_ShouldAcceptValidBatchSizes(batchSize: 5000) [< 1 ms]
  Passed TraliVali.Tests.Workers.ArchivalWorkerTests.ArchivalWorkerConfiguration_ShouldAcceptValidBatchSizes(batchSize: 100) [< 1 ms]
  Passed TraliVali.Tests.Data.ConversationFactoryTests.BuildDirectConversation_ShouldCreateDirectConversationWithTwoParticipants [1 ms]
  Passed TraliVali.Tests.Workers.ArchivalWorkerTests.ArchivalWorkerConfiguration_ShouldAcceptValidBatchSizes(batchSize: 500) [< 1 ms]
  Passed TraliVali.Tests.Workers.ArchivalWorkerTests.ArchivalWorkerConfiguration_ShouldAcceptValidBatchSizes(batchSize: 1000) [< 1 ms]
  Passed TraliVali.Tests.Workers.ArchivalWorkerTests.Constructor_ShouldThrowArgumentNullException_WhenConfigurationIsNull [< 1 ms]
  Passed TraliVali.Tests.Workers.ArchivalWorkerTests.ArchivalWorkerConfiguration_ShouldAcceptCircuitBreakerSettings(threshold: 3, timeoutSeconds: 15) [< 1 ms]
  Passed TraliVali.Tests.Workers.ArchivalWorkerTests.ArchivalWorkerConfiguration_ShouldAcceptCircuitBreakerSettings(threshold: 10, timeoutSeconds: 60) [< 1 ms]
  Passed TraliVali.Tests.Workers.ArchivalWorkerTests.ArchivalWorkerConfiguration_ShouldAcceptCircuitBreakerSettings(threshold: 5, timeoutSeconds: 30) [< 1 ms]
  Passed TraliVali.Tests.Workers.ArchivalWorkerTests.ArchivalWorkerConfiguration_ShouldAcceptValidCronSchedules(cronSchedule: "0 2 * * *") [< 1 ms]
  Passed TraliVali.Tests.Workers.ArchivalWorkerTests.ArchivalWorkerConfiguration_ShouldAcceptValidCronSchedules(cronSchedule: "0 0 * * 0") [< 1 ms]
  Passed TraliVali.Tests.Workers.ArchivalWorkerTests.ArchivalWorkerConfiguration_ShouldAcceptValidCronSchedules(cronSchedule: "0 */6 * * *") [< 1 ms]
  Passed TraliVali.Tests.Workers.ArchivalWorkerTests.Constructor_ShouldThrowArgumentNullException_WhenMessagesCollectionIsNull [< 1 ms]
  Passed TraliVali.Tests.Data.ConversationFactoryTests.WithLastMessageAt_ShouldSetLastMessageAt [2 ms]
  Passed TraliVali.Tests.Workers.ArchivalWorkerTests.Constructor_ShouldThrowArgumentNullException_WhenLoggerIsNull [1 ms]
  Passed TraliVali.Tests.Data.ConversationFactoryTests.AsDirect_ShouldSetTypeAndIsGroup [< 1 ms]
  Passed TraliVali.Tests.Workers.ArchivalWorkerTests.ArchivalWorkerConfiguration_ShouldHaveDefaultValues [< 1 ms]
  Passed TraliVali.Tests.Workers.ArchivalWorkerTests.ArchivalWorkerConfiguration_ShouldAcceptDeleteAfterArchiveFlag(deleteAfterArchive: False) [< 1 ms]
  Passed TraliVali.Tests.Data.ConversationFactoryTests.WithRecentMessage_ShouldAddMessageId [< 1 ms]
  Passed TraliVali.Tests.Workers.ArchivalWorkerTests.ArchivalWorkerConfiguration_ShouldAcceptDeleteAfterArchiveFlag(deleteAfterArchive: True) [< 1 ms]
  Passed TraliVali.Tests.Workers.ArchivalWorkerTests.Constructor_ShouldThrowArgumentNullException_WhenConversationsCollectionIsNull [< 1 ms]
  Passed TraliVali.Tests.Workers.ArchivalWorkerTests.Constructor_ShouldCreateWorkerSuccessfully_WhenAllParametersAreValid [< 1 ms]
  Passed TraliVali.Tests.Entities.MessageValidationTests.GivenEmptySenderId_WhenValidating_ThenReturnsSenderIdRequiredError [< 1 ms]
  Passed TraliVali.Tests.Entities.MessageValidationTests.GivenBothContentAndEncryptedContentEmpty_WhenValidating_ThenReturnsContentRequiredError [< 1 ms]
  Passed TraliVali.Tests.Entities.MessageValidationTests.GivenEmptyConversationId_WhenValidating_ThenReturnsConversationIdRequiredError [< 1 ms]
  Passed TraliVali.Tests.Entities.MessageValidationTests.GivenEncryptedContentProvided_WhenValidating_ThenReturnsNoErrors [< 1 ms]
  Passed TraliVali.Tests.Entities.FileValidationTests.GivenEmptyUploaderId_WhenValidating_ThenReturnsUploaderIdRequiredError [< 1 ms]
  Passed TraliVali.Tests.Entities.MessageValidationTests.GivenMessageWithReplyTo_WhenReplyToSet_ThenReplyToPropertyIsCorrect [< 1 ms]
  Passed TraliVali.Tests.Entities.FileValidationTests.GivenZeroSize_WhenValidating_ThenReturnsSizeGreaterThanZeroError [< 1 ms]
  Passed TraliVali.Tests.Entities.MessageValidationTests.GivenValidMessage_WhenValidating_ThenReturnsNoErrors [< 1 ms]
  Passed TraliVali.Tests.Entities.FileValidationTests.GivenFileWithThumbnail_WhenThumbnailPathSet_ThenThumbnailPathIsCorrect [< 1 ms]
  Passed TraliVali.Tests.Entities.MessageValidationTests.GivenDeletedMessage_WhenIsDeletedIsTrue_ThenIsDeletedPropertyIsCorrect [< 1 ms]
  Passed TraliVali.Tests.Entities.FileValidationTests.GivenEmptyBlobPath_WhenValidating_ThenReturnsBlobPathRequiredError [< 1 ms]
  Passed TraliVali.Tests.Entities.MessageValidationTests.GivenEmptyType_WhenValidating_ThenReturnsTypeRequiredError [< 1 ms]
  Passed TraliVali.Tests.Entities.FileValidationTests.GivenEmptyConversationId_WhenValidating_ThenReturnsConversationIdRequiredError [< 1 ms]
  Passed TraliVali.Tests.Entities.FileValidationTests.GivenEmptyFileName_WhenValidating_ThenReturnsFileNameRequiredError [< 1 ms]
  Passed TraliVali.Tests.Entities.FileValidationTests.GivenNegativeSize_WhenValidating_ThenReturnsSizeGreaterThanZeroError [< 1 ms]
  Passed TraliVali.Tests.Entities.FileValidationTests.GivenEmptyMimeType_WhenValidating_ThenReturnsMimeTypeRequiredError [< 1 ms]
  Passed TraliVali.Tests.Entities.FileValidationTests.GivenValidFile_WhenValidating_ThenReturnsNoErrors [< 1 ms]
  Passed TraliVali.Tests.Entities.FileValidationTests.GivenDeletedFile_WhenIsDeletedIsTrue_ThenIsDeletedPropertyIsCorrect [< 1 ms]
  Passed TraliVali.Tests.Entities.InviteValidationTests.GivenInviteIsUsedButUsedAtIsNull_WhenValidating_ThenReturnsUsedAtRequiredError [1 ms]
  Passed TraliVali.Tests.Entities.InviteValidationTests.GivenEmptyToken_WhenValidating_ThenReturnsTokenRequiredError [< 1 ms]
  Passed TraliVali.Tests.Entities.InviteValidationTests.GivenValidInvite_WhenValidating_ThenReturnsNoErrors [< 1 ms]
  Passed TraliVali.Tests.Entities.InviteValidationTests.GivenInviteIsUsedButUsedByIsNull_WhenValidating_ThenReturnsUsedByRequiredError [< 1 ms]
  Passed TraliVali.Tests.Entities.InviteValidationTests.GivenInvalidEmail_WhenValidating_ThenReturnsEmailFormatInvalidError [< 1 ms]
  Passed TraliVali.Tests.Entities.InviteValidationTests.GivenEmptyEmail_WhenValidating_ThenReturnsEmailRequiredError [< 1 ms]
  Passed TraliVali.Tests.Entities.InviteValidationTests.GivenEmptyInviterId_WhenValidating_ThenReturnsInviterIdRequiredError [< 1 ms]
  Passed TraliVali.Tests.Entities.InviteValidationTests.GivenUsedInviteWithAllRequiredFields_WhenValidating_ThenReturnsNoErrors [< 1 ms]
  Passed TraliVali.Tests.Entities.InviteValidationTests.GivenExpiresAtBeforeCreatedAt_WhenValidating_ThenReturnsExpiresAtAfterCreatedAtError [< 1 ms]
  Passed TraliVali.Tests.Entities.DeviceTests.GivenDevice_WhenDefaultConstructorUsed_ThenPropertiesAreInitialized [< 1 ms]
  Passed TraliVali.Tests.Entities.DeviceTests.GivenDevice_WhenLastActiveAtSet_ThenLastActiveAtIsCorrect [1 ms]
  Passed TraliVali.Tests.Entities.DeviceTests.GivenNewDevice_WhenCreated_ThenAllPropertiesCanBeSet [< 1 ms]
  Passed TraliVali.Tests.Entities.DeviceTests.GivenMultipleDevices_WhenCreated_ThenEachHasUniqueProperties [< 1 ms]
  Passed TraliVali.Tests.Entities.DeviceTests.GivenDevice_WhenLastActiveAtNotSet_ThenLastActiveAtIsNull [1 ms]
  Passed TraliVali.Tests.Email.EmailConfigurationValidatorTests.StartAsync_ShouldAcceptConnectionStringWithVariousFormats [70 ms]
  Passed TraliVali.Tests.Entities.UserKeyBackupValidationTests.GivenEmptyUserId_WhenValidating_ThenReturnsUserIdRequiredError [< 1 ms]
  Passed TraliVali.Tests.Entities.UserKeyBackupValidationTests.GivenValidUserKeyBackup_WhenValidating_ThenReturnsNoErrors [< 1 ms]
  Passed TraliVali.Tests.Entities.UserKeyBackupValidationTests.GivenEmptyEncryptedData_WhenValidating_ThenReturnsEncryptedDataRequiredError [< 1 ms]
  Passed TraliVali.Tests.Entities.UserKeyBackupValidationTests.GivenWhitespaceUserId_WhenValidating_ThenReturnsUserIdRequiredError [< 1 ms]
  Passed TraliVali.Tests.Entities.UserKeyBackupValidationTests.GivenEmptyIv_WhenValidating_ThenReturnsIvRequiredError [< 1 ms]
  Passed TraliVali.Tests.Entities.UserKeyBackupValidationTests.GivenWhitespaceEncryptedData_WhenValidating_ThenReturnsEncryptedDataRequiredError [< 1 ms]
  Passed TraliVali.Tests.Entities.UserKeyBackupValidationTests.GivenZeroVersion_WhenValidating_ThenReturnsVersionMustBePositiveError [< 1 ms]
  Passed TraliVali.Tests.Entities.UserKeyBackupValidationTests.GivenNegativeVersion_WhenValidating_ThenReturnsVersionMustBePositiveError [< 1 ms]
  Passed TraliVali.Tests.Entities.UserKeyBackupValidationTests.GivenEmptySalt_WhenValidating_ThenReturnsSaltRequiredError [< 1 ms]
  Passed TraliVali.Tests.Entities.UserKeyBackupValidationTests.GivenMultipleInvalidFields_WhenValidating_ThenReturnsMultipleErrors [< 1 ms]
  Passed TraliVali.Tests.Entities.UserKeyBackupValidationTests.GivenVersionGreaterThanOne_WhenValidating_ThenReturnsNoErrors [< 1 ms]
  Passed TraliVali.Tests.Email.EmailConfigurationValidatorTests.StartAsync_ShouldAcceptValidEmailWithPlus [2 ms]
  Passed TraliVali.Tests.Email.EmailConfigurationValidatorTests.StartAsync_ShouldThrowInvalidOperationException_WithInvalidEmailFormat [< 1 ms]
  Passed TraliVali.Tests.Email.EmailConfigurationValidatorTests.StartAsync_ShouldLogValidationStart [1 ms]
  Passed TraliVali.Tests.Email.EmailConfigurationValidatorTests.StartAsync_ShouldLogErrorMessage_WithInvalidConfiguration [1 ms]
  Passed TraliVali.Tests.Email.EmailConfigurationValidatorTests.Constructor_ShouldThrowArgumentNullException_WhenConfigurationIsNull [< 1 ms]
  Passed TraliVali.Tests.Email.EmailConfigurationValidatorTests.StartAsync_ShouldAcceptValidEmailWithDots [1 ms]
  Passed TraliVali.Tests.Email.EmailConfigurationValidatorTests.StartAsync_ShouldCompleteSuccessfully_WithValidConfiguration [1 ms]
  Passed TraliVali.Tests.Email.EmailConfigurationValidatorTests.StartAsync_ShouldThrowInvalidOperationException_WithEmptyConnectionString [< 1 ms]
  Passed TraliVali.Tests.Email.EmailConfigurationValidatorTests.StartAsync_ShouldRejectEmailWithSpaces [< 1 ms]
  Passed TraliVali.Tests.Email.EmailConfigurationValidatorTests.StartAsync_ShouldRespectCancellationToken [2 ms]
  Passed TraliVali.Tests.Entities.BackupStatusTests.GivenBackupStatus_WhenConvertingToString_ThenReturnsCorrectNames [< 1 ms]
  Passed TraliVali.Tests.Data.MongoDbContextTests.Constructor_ShouldThrowArgumentNullException_WhenConnectionStringIsNull [< 1 ms]
  Passed TraliVali.Tests.Data.MongoDbContextTests.Constructor_ShouldThrowArgumentNullException_WhenConnectionStringIsWhitespace [< 1 ms]
  Passed TraliVali.Tests.Data.MongoDbContextTests.Constructor_ShouldThrowArgumentNullException_WhenConnectionStringIsEmpty [< 1 ms]
  Passed TraliVali.Tests.Data.MongoDbContextTests.Constructor_ShouldThrowArgumentNullException_WhenDatabaseNameIsEmpty [< 1 ms]
  Passed TraliVali.Tests.Data.MongoDbContextTests.Constructor_ShouldThrowArgumentNullException_WhenDatabaseNameIsNull [< 1 ms]
  Passed TraliVali.Tests.Data.MongoDbContextTests.Constructor_ShouldThrowArgumentNullException_WhenDatabaseNameIsWhitespace [< 1 ms]
  Passed TraliVali.Tests.Messaging.NoOpNotificationServiceTests.SendBatchNotificationsAsync_ShouldThrowException_WhenBodyIsWhitespace [17 ms]
  Passed TraliVali.Tests.Messaging.NoOpNotificationServiceTests.SendBatchNotificationsAsync_ShouldHandleUserIdsWithSpecialCharacters [6 ms]
  Passed TraliVali.Tests.Hubs.ChatHubTests.SendMessage_ShouldThrowException_WhenMessageIdIsEmpty [68 ms]
  Passed TraliVali.Tests.Messaging.NoOpNotificationServiceTests.SendBatchNotificationsAsync_ShouldHandleLongContent [1 ms]
  Passed TraliVali.Tests.Messaging.NoOpNotificationServiceTests.SendPushNotificationAsync_ShouldThrowException_WhenBodyIsWhitespace [< 1 ms]
  Passed TraliVali.Tests.Messaging.NoOpNotificationServiceTests.SendBatchNotificationsAsync_ShouldThrowException_WhenUserIdsIsNull [< 1 ms]
  Passed TraliVali.Tests.Messaging.NoOpNotificationServiceTests.SendBatchNotificationsAsync_ShouldHandleSingleUser [4 ms]
  Passed TraliVali.Tests.Messaging.NoOpNotificationServiceTests.SendBatchNotificationsAsync_ShouldHandleSpecialCharacters [1 ms]
  Passed TraliVali.Tests.Messaging.NoOpNotificationServiceTests.SendPushNotificationAsync_ShouldThrowException_WhenTitleIsEmpty [< 1 ms]
  Passed TraliVali.Tests.Messaging.NoOpNotificationServiceTests.SendBatchNotificationsAsync_ShouldThrowException_WhenTitleIsWhitespace [1 ms]
  Passed TraliVali.Tests.Messaging.NoOpNotificationServiceTests.SendPushNotificationAsync_ShouldCompleteSuccessfully_WithValidParameters [2 ms]
  Passed TraliVali.Tests.Messaging.NoOpNotificationServiceTests.Constructor_ShouldThrowException_WhenLoggerIsNull [< 1 ms]
  Passed TraliVali.Tests.Hubs.ChatHubTests.StopTyping_ShouldNotifyOthersInGroup [14 ms]
  Passed TraliVali.Tests.Messaging.NoOpNotificationServiceTests.SendPushNotificationAsync_ShouldThrowException_WhenBodyIsNull [< 1 ms]
  Passed TraliVali.Tests.Messaging.NoOpNotificationServiceTests.SendBatchNotificationsAsync_ShouldThrowException_WhenUserIdsIsEmpty [< 1 ms]
  Passed TraliVali.Tests.Messaging.NoOpNotificationServiceTests.SendPushNotificationAsync_ShouldThrowException_WhenTitleIsNull [< 1 ms]
  Passed TraliVali.Tests.Messaging.NoOpNotificationServiceTests.SendBatchNotificationsAsync_ShouldLogUserIds [2 ms]
  Passed TraliVali.Tests.Messaging.NoOpNotificationServiceTests.SendBatchNotificationsAsync_ShouldThrowException_WhenBodyIsEmpty [< 1 ms]
  Passed TraliVali.Tests.Messaging.NoOpNotificationServiceTests.SendPushNotificationAsync_ShouldHandleLongContent [2 ms]
  Passed TraliVali.Tests.Messaging.NoOpNotificationServiceTests.SendBatchNotificationsAsync_ShouldRespectCancellationToken [1 ms]
  Passed TraliVali.Tests.Messaging.NoOpNotificationServiceTests.SendPushNotificationAsync_ShouldThrowException_WhenUserIdIsNull [< 1 ms]
  Passed TraliVali.Tests.Messaging.NoOpNotificationServiceTests.SendBatchNotificationsAsync_ShouldThrowException_WhenTitleIsEmpty [< 1 ms]
  Passed TraliVali.Tests.Hubs.ChatHubTests.OnDisconnectedAsync_ShouldNotBroadcast_WhenUserStillHasOtherConnections [11 ms]
  Passed TraliVali.Tests.Hubs.ChatHubTests.SendMessage_ShouldThrowException_WhenConversationIdIsEmpty [< 1 ms]
  Passed TraliVali.Tests.Messaging.NoOpNotificationServiceTests.SendBatchNotificationsAsync_ShouldHandleManyUsers [2 ms]
  Passed TraliVali.Tests.Hubs.ChatHubTests.MarkAsRead_ShouldThrowException_WhenConversationIdIsEmpty [1 ms]
  Passed TraliVali.Tests.Messaging.NoOpNotificationServiceTests.Constructor_ShouldLogInitialization [1 ms]
  Passed TraliVali.Tests.Hubs.ChatHubTests.MarkAsRead_ShouldNotifyGroupClients [3 ms]
  Passed TraliVali.Tests.Messaging.NoOpNotificationServiceTests.SendBatchNotificationsAsync_ShouldThrowException_WhenTitleIsNull [7 ms]
  Passed TraliVali.Tests.Hubs.ChatHubTests.StartTyping_ShouldThrowException_WhenConversationIdIsEmpty [5 ms]
  Passed TraliVali.Tests.Messaging.NoOpNotificationServiceTests.SendPushNotificationAsync_ShouldThrowException_WhenUserIdIsWhitespace [< 1 ms]
  Passed TraliVali.Tests.Hubs.ChatHubTests.Constructor_ShouldThrowException_WhenLoggerIsNull [< 1 ms]
  Passed TraliVali.Tests.Hubs.ChatHubTests.MarkAsRead_ShouldThrowException_WhenMessageIdIsEmpty [< 1 ms]
  Passed TraliVali.Tests.Messaging.NoOpNotificationServiceTests.SendPushNotificationAsync_ShouldLogCorrectInformation [4 ms]
  Passed TraliVali.Tests.Hubs.ChatHubTests.LeaveConversation_ShouldRemoveFromGroup_AndNotifyOthers [4 ms]
  Passed TraliVali.Tests.Hubs.ChatHubTests.StopTyping_ShouldThrowException_WhenConversationIdIsEmpty [< 1 ms]
  Passed TraliVali.Tests.Messaging.NoOpNotificationServiceTests.SendPushNotificationAsync_ShouldRespectCancellationToken [1 ms]
  Passed TraliVali.Tests.Messaging.NoOpNotificationServiceTests.SendPushNotificationAsync_ShouldThrowException_WhenBodyIsEmpty [< 1 ms]
  Passed TraliVali.Tests.Messaging.NoOpNotificationServiceTests.SendPushNotificationAsync_ShouldThrowException_WhenTitleIsWhitespace [< 1 ms]
  Passed TraliVali.Tests.Hubs.ChatHubTests.OnDisconnectedAsync_ShouldNotifyAllClients_AboutUserOffline [4 ms]
  Passed TraliVali.Tests.Hubs.ChatHubTests.SendMessage_ShouldCallReceiveMessage_OnGroupClients [4 ms]
  Passed TraliVali.Tests.Hubs.ChatHubTests.Constructor_ShouldThrowException_WhenPresenceServiceIsNull [< 1 ms]
  Passed TraliVali.Tests.Hubs.ChatHubTests.JoinConversation_ShouldThrowException_WhenConversationIdIsEmpty [3 ms]
  Passed TraliVali.Tests.Hubs.ChatHubTests.SendMessage_ShouldThrowException_WhenContentIsEmpty [< 1 ms]
  Passed TraliVali.Tests.Hubs.ChatHubTests.LeaveConversation_ShouldThrowException_WhenConversationIdIsEmpty [< 1 ms]
  Passed TraliVali.Tests.Hubs.ChatHubTests.JoinConversation_ShouldAddToGroup_AndNotifyOthers [2 ms]
  Passed TraliVali.Tests.Messaging.AzureCommunicationEmailServiceTests.SendInviteEmailAsync_ShouldRespectCancellationToken [69 ms]
  Passed TraliVali.Tests.Messaging.NoOpNotificationServiceTests.SendBatchNotificationsAsync_ShouldHandleVeryLargeBatch [16 ms]
  Passed TraliVali.Tests.Messaging.NoOpNotificationServiceTests.SendPushNotificationAsync_ShouldHandleSpecialCharacters [1 ms]
  Passed TraliVali.Tests.Hubs.ChatHubTests.StartTyping_ShouldNotifyOthersInGroup [3 ms]
  Passed TraliVali.Tests.Messaging.AzureCommunicationEmailServiceTests.SendPasswordResetEmailAsync_ShouldThrowException_WhenRecipientNameIsEmpty [2 ms]
  Passed TraliVali.Tests.Messaging.NoOpNotificationServiceTests.SendBatchNotificationsAsync_ShouldCompleteSuccessfully_WithValidParameters [2 ms]
  Passed TraliVali.Tests.Hubs.ChatHubTests.OnConnectedAsync_ShouldNotifyAllClients_AboutUserOnline [2 ms]
  Passed TraliVali.Tests.Messaging.NoOpNotificationServiceTests.SendBatchNotificationsAsync_ShouldThrowException_WhenBodyIsNull [< 1 ms]
  Passed TraliVali.Tests.Messaging.AzureCommunicationEmailServiceTests.SendWelcomeEmailAsync_ShouldThrowException_WhenRecipientNameIsNull [2 ms]
  Passed TraliVali.Tests.Messaging.AzureCommunicationEmailServiceTests.SendMagicLinkEmailAsync_ShouldThrowException_WhenRecipientNameIsNull [1 ms]
  Passed TraliVali.Tests.Messaging.NoOpNotificationServiceTests.SendBatchNotificationsAsync_ShouldLogCorrectInformation [3 ms]
  Passed TraliVali.Tests.Messaging.NoOpNotificationServiceTests.SendBatchNotificationsAsync_ShouldHandleDuplicateUserIds [2 ms]
  Passed TraliVali.Tests.Messaging.AzureCommunicationEmailServiceTests.SendWelcomeEmailAsync_ShouldRespectCancellationToken [5 ms]
  Passed TraliVali.Tests.Messaging.NoOpNotificationServiceTests.SendPushNotificationAsync_ShouldThrowException_WhenUserIdIsEmpty [< 1 ms]
  Passed TraliVali.Tests.Messaging.AzureCommunicationEmailServiceTests.SendWelcomeEmailAsync_ShouldThrowException_WhenRecipientNameIsEmpty [< 1 ms]
  Passed TraliVali.Tests.Workers.BackupWorkerTests.BackupWorkerConfiguration_ShouldAcceptValidRetentionDays(retentionDays: 30) [< 1 ms]
  Passed TraliVali.Tests.Workers.BackupWorkerTests.BackupWorkerConfiguration_ShouldAcceptValidRetentionDays(retentionDays: 1) [< 1 ms]
  Passed TraliVali.Tests.Workers.BackupWorkerTests.BackupWorkerConfiguration_ShouldAcceptValidRetentionDays(retentionDays: 7) [< 1 ms]
  Passed TraliVali.Tests.Workers.BackupWorkerTests.BackupWorkerConfiguration_ShouldAcceptValidRetentionDays(retentionDays: 90) [< 1 ms]
  Passed TraliVali.Tests.Workers.BackupWorkerTests.BackupWorkerConfiguration_ShouldAcceptValidRetentionDays(retentionDays: 365) [< 1 ms]
  Passed TraliVali.Tests.Workers.BackupWorkerTests.BackupWorkerConfiguration_ShouldHaveDefaultBlobContainerName [< 1 ms]
  Passed TraliVali.Tests.Workers.BackupWorkerTests.BackupWorkerConfiguration_Validate_ShouldPassWithAllRequiredFields [< 1 ms]
  Passed TraliVali.Tests.Workers.BackupWorkerTests.BackupWorkerConfiguration_ShouldThrowOnInvalidCircuitBreakerFailureThreshold(threshold: 0) [< 1 ms]
  Passed TraliVali.Tests.Workers.BackupWorkerTests.BackupWorkerConfiguration_ShouldThrowOnInvalidCircuitBreakerFailureThreshold(threshold: -5) [< 1 ms]
  Passed TraliVali.Tests.Workers.BackupWorkerTests.BackupWorkerConfiguration_ShouldThrowOnInvalidCircuitBreakerFailureThreshold(threshold: -1) [< 1 ms]
  Passed TraliVali.Tests.Messaging.AzureCommunicationEmailServiceTests.SendWelcomeEmailAsync_ShouldThrowException_WhenRecipientEmailIsEmpty [2 ms]
  Passed TraliVali.Tests.Workers.BackupWorkerTests.BackupWorkerConfiguration_ShouldSupportDifferentScheduleAndRetentionCombinations(cronSchedule: "0 2 * * *", retentionDays: 7) [< 1 ms]
  Passed TraliVali.Tests.Workers.BackupWorkerTests.BackupWorkerConfiguration_ShouldSupportDifferentScheduleAndRetentionCombinations(cronSchedule: "0 0 * * *", retentionDays: 30) [< 1 ms]
  Passed TraliVali.Tests.Workers.BackupWorkerTests.BackupWorkerConfiguration_ShouldSupportDifferentScheduleAndRetentionCombinations(cronSchedule: "0 4 * * 0", retentionDays: 90) [< 1 ms]
  Passed TraliVali.Tests.Workers.BackupWorkerTests.BackupWorkerConfiguration_ShouldSupportDifferentScheduleAndRetentionCombinations(cronSchedule: "0 3 * * *", retentionDays: 60) [< 1 ms]
  Passed TraliVali.Tests.Workers.BackupWorkerTests.BackupWorkerConfiguration_Validate_ShouldPassWithValidConfiguration [< 1 ms]
  Passed TraliVali.Tests.Workers.BackupWorkerTests.BackupWorkerConfiguration_ShouldAcceptValidCronExpressions(cronSchedule: "0 3 * * *") [< 1 ms]
  Passed TraliVali.Tests.Messaging.AzureCommunicationEmailServiceTests.SendMagicLinkEmailAsync_ShouldThrowException_WhenRecipientEmailIsNull [1 ms]
  Passed TraliVali.Tests.Messaging.AzureCommunicationEmailServiceTests.Configuration_ShouldReturnError_WhenConnectionStringIsEmpty [< 1 ms]
  Passed TraliVali.Tests.Messaging.AzureCommunicationEmailServiceTests.Constructor_ShouldThrowException_WhenSenderAddressIsEmpty [< 1 ms]
  Passed TraliVali.Tests.Messaging.AzureCommunicationEmailServiceTests.Constructor_ShouldThrowException_WhenConfigurationIsNull [< 1 ms]
  Passed TraliVali.Tests.Workers.BackupWorkerTests.BackupWorkerConfiguration_ShouldAcceptValidCronExpressions(cronSchedule: "0 0 * * *") [2 ms]
  Passed TraliVali.Tests.Workers.BackupWorkerTests.BackupWorkerConfiguration_ShouldAcceptValidCronExpressions(cronSchedule: "0 12 * * 0") [< 1 ms]
  Passed TraliVali.Tests.Workers.BackupWorkerTests.BackupWorkerConfiguration_ShouldThrowOnInvalidCircuitBreakerTimeoutSeconds(timeout: -1) [< 1 ms]
  Passed TraliVali.Tests.Workers.BackupWorkerTests.BackupWorkerConfiguration_ShouldThrowOnInvalidCircuitBreakerTimeoutSeconds(timeout: 0) [< 1 ms]
  Passed TraliVali.Tests.Workers.BackupWorkerTests.BackupWorkerConfiguration_ShouldThrowOnInvalidCircuitBreakerTimeoutSeconds(timeout: -30) [< 1 ms]
  Passed TraliVali.Tests.Workers.BackupWorkerTests.BackupWorkerConfiguration_ShouldSupportCustomRetentionPeriods(retentionDays: 90, expectedLogMessage: "Backup retention policy: Backups older than 90 day"···) [< 1 ms]
  Passed TraliVali.Tests.Workers.BackupWorkerTests.BackupWorkerConfiguration_ShouldSupportCustomRetentionPeriods(retentionDays: 1, expectedLogMessage: "Backup retention policy: Backups older than 1 day") [< 1 ms]
  Passed TraliVali.Tests.Workers.BackupWorkerTests.BackupWorkerConfiguration_ShouldSupportCustomRetentionPeriods(retentionDays: 7, expectedLogMessage: "Backup retention policy: Backups older than 7 days") [< 1 ms]
  Passed TraliVali.Tests.Workers.BackupWorkerTests.BackupWorkerConfiguration_ShouldSupportCustomRetentionPeriods(retentionDays: 30, expectedLogMessage: "Backup retention policy: Backups older than 30 day"···) [< 1 ms]
  Passed TraliVali.Tests.Workers.BackupWorkerTests.BackupWorkerConfiguration_Validate_ShouldThrowWhenCronScheduleIsEmpty [< 1 ms]
  Passed TraliVali.Tests.Workers.BackupWorkerTests.BackupWorkerConfiguration_RetentionDays_ShouldRejectNegativeValues [< 1 ms]
  Passed TraliVali.Tests.Messaging.AzureCommunicationEmailServiceTests.SendInviteEmailAsync_ShouldThrowException_WhenInviteLinkIsNull [5 ms]
  Passed TraliVali.Tests.Messaging.AzureCommunicationEmailServiceTests.SendMagicLinkEmailAsync_ShouldRespectCancellationToken [1 ms]
  Passed TraliVali.Tests.Messaging.AzureCommunicationEmailServiceTests.SendMagicLinkEmailAsync_ShouldThrowException_WhenMagicLinkIsNull [1 ms]
  Passed TraliVali.Tests.Messaging.AzureCommunicationEmailServiceTests.SendInviteEmailAsync_ShouldThrowException_WhenRecipientNameIsEmpty [1 ms]
  Passed TraliVali.Tests.Messaging.AzureCommunicationEmailServiceTests.Configuration_ShouldReturnMultipleErrors_WhenMultipleFieldsAreInvalid [< 1 ms]
  Passed TraliVali.Tests.Messaging.AzureCommunicationEmailServiceTests.SendMagicLinkEmailAsync_ShouldThrowException_WhenMagicLinkIsEmpty [1 ms]
  Passed TraliVali.Tests.Messaging.AzureCommunicationEmailServiceTests.SendInviteEmailAsync_ShouldThrowException_WhenRecipientNameIsNull [1 ms]
  Passed TraliVali.Tests.Messaging.AzureCommunicationEmailServiceTests.SendWelcomeEmailAsync_ShouldThrowException_WhenRecipientEmailIsWhitespace [1 ms]
  Passed TraliVali.Tests.Messaging.AzureCommunicationEmailServiceTests.Constructor_ShouldThrowException_WhenSenderAddressIsNull [< 1 ms]
  Passed TraliVali.Tests.Messaging.AzureCommunicationEmailServiceTests.SendInviteEmailAsync_ShouldThrowException_WhenInviterNameIsNull [< 1 ms]
  Passed TraliVali.Tests.Messaging.AzureCommunicationEmailServiceTests.SendInviteEmailAsync_ShouldThrowException_WhenRecipientEmailIsEmpty [< 1 ms]
  Passed TraliVali.Tests.Messaging.AzureCommunicationEmailServiceTests.SendPasswordResetEmailAsync_ShouldRespectCancellationToken [1 ms]
  Passed TraliVali.Tests.Messaging.AzureCommunicationEmailServiceTests.SendWelcomeEmailAsync_ShouldThrowException_WhenRecipientEmailIsNull [< 1 ms]
  Passed TraliVali.Tests.Messaging.AzureCommunicationEmailServiceTests.SendPasswordResetEmailAsync_ShouldThrowException_WhenRecipientEmailIsEmpty [< 1 ms]
  Passed TraliVali.Tests.Messaging.AzureCommunicationEmailServiceTests.SendWelcomeEmailAsync_ShouldThrowException_WhenRecipientNameIsWhitespace [1 ms]
  Passed TraliVali.Tests.Messaging.AzureCommunicationEmailServiceTests.SendMagicLinkEmailAsync_ShouldThrowException_WhenRecipientEmailIsEmpty [1 ms]
  Passed TraliVali.Tests.Messaging.AzureCommunicationEmailServiceTests.SendInviteEmailAsync_ShouldThrowException_WhenInviterNameIsEmpty [< 1 ms]
  Passed TraliVali.Tests.Messaging.AzureCommunicationEmailServiceTests.Constructor_ShouldThrowException_WhenConnectionStringIsNull [< 1 ms]
  Passed TraliVali.Tests.Messaging.AzureCommunicationEmailServiceTests.Configuration_ShouldValidate_WhenAllFieldsAreValid [< 1 ms]
  Passed TraliVali.Tests.Messaging.AzureCommunicationEmailServiceTests.Configuration_ShouldReturnError_WhenSenderAddressIsEmpty [< 1 ms]
  Passed TraliVali.Tests.Messaging.AzureCommunicationEmailServiceTests.SendMagicLinkEmailAsync_ShouldThrowException_WhenRecipientEmailIsWhitespace [1 ms]
  Passed TraliVali.Tests.Messaging.AzureCommunicationEmailServiceTests.SendPasswordResetEmailAsync_ShouldThrowException_WhenRecipientNameIsNull [1 ms]
  Passed TraliVali.Tests.Messaging.AzureCommunicationEmailServiceTests.Constructor_ShouldThrowException_WhenConnectionStringIsEmpty [< 1 ms]
  Passed TraliVali.Tests.Messaging.AzureCommunicationEmailServiceTests.SendMagicLinkEmailAsync_ShouldThrowException_WhenRecipientNameIsEmpty [1 ms]
  Passed TraliVali.Tests.Messaging.AzureCommunicationEmailServiceTests.Constructor_ShouldThrowException_WhenLoggerIsNull [< 1 ms]
  Passed TraliVali.Tests.Messaging.AzureCommunicationEmailServiceTests.SendPasswordResetEmailAsync_ShouldThrowException_WhenResetLinkIsEmpty [1 ms]
  Passed TraliVali.Tests.Messaging.AzureCommunicationEmailServiceTests.SendInviteEmailAsync_ShouldThrowException_WhenInviteLinkIsEmpty [< 1 ms]
  Passed TraliVali.Tests.Messaging.AzureCommunicationEmailServiceTests.SendPasswordResetEmailAsync_ShouldThrowException_WhenResetLinkIsNull [< 1 ms]
  Passed TraliVali.Tests.Messaging.AzureCommunicationEmailServiceTests.SendInviteEmailAsync_ShouldThrowException_WhenRecipientEmailIsNull [< 1 ms]
  Passed TraliVali.Tests.Messaging.AzureCommunicationEmailServiceTests.SendPasswordResetEmailAsync_ShouldThrowException_WhenRecipientEmailIsNull [< 1 ms]
  Passed TraliVali.Tests.Auth.MessageEncryptionServiceTests.DeriveMasterKeyFromPasswordAsync_ShouldHandleSpecialCharacters [161 ms]
  Passed TraliVali.Tests.Auth.MessageEncryptionServiceTests.DecryptConversationKeyAsync_ShouldThrowException_WhenEncryptedKeyIsNull [< 1 ms]
  Passed TraliVali.Tests.Auth.MessageEncryptionServiceTests.DeriveMasterKeyFromPasswordAsync_ShouldThrowException_WhenSaltIsEmpty [< 1 ms]
  Passed TraliVali.Tests.Workers.BackupWorkerTests.Constructor_ShouldThrowArgumentNullException_WhenConfigurationIsNull [41 ms]
  Passed TraliVali.Tests.Workers.BackupWorkerTests.BackupWorkerConfiguration_ShouldHaveDefaultValues [< 1 ms]
  Passed TraliVali.Tests.Workers.BackupWorkerTests.BackupWorkerConfiguration_Validate_ShouldThrowWhenBlobStorageConnectionStringIsEmpty [< 1 ms]
  Passed TraliVali.Tests.Workers.BackupWorkerTests.BackupWorkerConfiguration_ShouldThrowOnInvalidRetentionDays(retentionDays: -1) [< 1 ms]
  Passed TraliVali.Tests.Workers.BackupWorkerTests.BackupWorkerConfiguration_ShouldThrowOnInvalidRetentionDays(retentionDays: -30) [< 1 ms]
  Passed TraliVali.Tests.Workers.BackupWorkerTests.BackupWorkerConfiguration_ShouldThrowOnInvalidRetentionDays(retentionDays: 0) [< 1 ms]
  Passed TraliVali.Tests.Workers.BackupWorkerTests.BackupWorkerConfiguration_RetentionDays_ShouldBeConfigurable(configuredDays: 90, expectedDays: 90) [< 1 ms]
  Passed TraliVali.Tests.Workers.BackupWorkerTests.BackupWorkerConfiguration_RetentionDays_ShouldBeConfigurable(configuredDays: 30, expectedDays: 30) [11 ms]
  Passed TraliVali.Tests.Workers.FileProcessorWorkerTests.Constructor_ShouldCreateWorkerSuccessfully_WhenAllParametersAreValid [69 ms]
  Passed TraliVali.Tests.Workers.BackupWorkerTests.BackupWorkerConfiguration_RetentionDays_ShouldBeConfigurable(configuredDays: 365, expectedDays: 365) [< 1 ms]
  Passed TraliVali.Tests.Workers.BackupWorkerTests.BackupWorkerConfiguration_RetentionDays_ShouldBeConfigurable(configuredDays: 7, expectedDays: 7) [< 1 ms]
  Passed TraliVali.Tests.Workers.BackupWorkerTests.BackupWorkerConfiguration_ShouldAllowCustomValues [< 1 ms]
  Passed TraliVali.Tests.Workers.BackupWorkerTests.BackupWorkerConfiguration_ShouldHaveCorrectDefaultCronScheduleFor3AM [< 1 ms]
  Passed TraliVali.Tests.Workers.FileProcessorWorkerTests.Constructor_ShouldThrowArgumentNullException_WhenPublisherIsNull [< 1 ms]
  Passed TraliVali.Tests.Workers.BackupWorkerTests.BackupWorkerConfiguration_RetentionDays_ShouldHaveDefaultValue [< 1 ms]
  Passed TraliVali.Tests.Workers.FileProcessorWorkerTests.Constructor_ShouldThrowArgumentNullException_WhenLoggerIsNull [2 ms]
  Passed TraliVali.Tests.Workers.BackupWorkerTests.BackupWorkerConfiguration_RetentionDays_ShouldRejectZero [2 ms]
  Passed TraliVali.Tests.Workers.FileProcessorWorkerTests.FileProcessorWorkerConfiguration_ShouldHaveDefaultValues [< 1 ms]
  Passed TraliVali.Tests.Workers.FileProcessorWorkerTests.FileProcessorWorkerConfiguration_ShouldAllowCustomValues [< 1 ms]
  Passed TraliVali.Tests.Workers.BackupWorkerTests.BackupWorkerConfiguration_Validate_ShouldThrowWhenBlobContainerNameIsEmpty [< 1 ms]
  Passed TraliVali.Tests.Workers.BackupWorkerTests.Constructor_ShouldThrowArgumentNullException_WhenLoggerIsNull [< 1 ms]
  Passed TraliVali.Tests.Workers.BackupWorkerTests.BackupWorkerConfiguration_ShouldSupportDifferentBlobContainerNames [< 1 ms]
  Passed TraliVali.Tests.Workers.BackupWorkerTests.Constructor_ShouldCreateWorkerSuccessfully_WhenAllParametersAreValid [< 1 ms]
  Passed TraliVali.Tests.Workers.BackupWorkerTests.Constructor_ShouldThrowArgumentNullException_WhenDatabaseIsNull [< 1 ms]
  Passed TraliVali.Tests.Data.MessageFactoryTests.AsEdited_ShouldSetEditedAt [< 1 ms]
  Passed TraliVali.Tests.Data.MessageFactoryTests.BuildValid_ShouldCreateValidMessage [< 1 ms]
  Passed TraliVali.Tests.Data.MessageFactoryTests.AsReplyTo_ShouldSetReplyTo [< 1 ms]
  Passed TraliVali.Tests.Data.MessageFactoryTests.WithSenderId_ShouldSetSenderId [< 1 ms]
  Passed TraliVali.Tests.Data.MessageFactoryTests.BuilderPattern_ShouldAllowChaining [< 1 ms]
  Passed TraliVali.Tests.Data.MessageFactoryTests.BuildEncryptedMessage_ShouldCreateEncryptedMessage [< 1 ms]
  Passed TraliVali.Tests.Data.MessageFactoryTests.WithEncryptedContent_ShouldSetEncryptedContent [< 1 ms]
  Passed TraliVali.Tests.Data.MessageFactoryTests.AsText_ShouldSetTypeToText [< 1 ms]
  Passed TraliVali.Tests.Data.MessageFactoryTests.AsDeleted_ShouldSetIsDeletedTrue [< 1 ms]
  Passed TraliVali.Tests.Data.MessageFactoryTests.AsImage_ShouldSetTypeToImage [< 1 ms]
  Passed TraliVali.Tests.Data.MessageFactoryTests.WithAttachment_ShouldAddAttachment [< 1 ms]
  Passed TraliVali.Tests.Data.MessageFactoryTests.WithReadBy_MultipleCalls_ShouldAddMultipleReadStatuses [1 ms]
  Passed TraliVali.Tests.Data.MessageFactoryTests.AsSystem_ShouldSetTypeToSystem [< 1 ms]
  Passed TraliVali.Tests.Data.MessageFactoryTests.BuildTextMessage_ShouldCreateTextMessage [< 1 ms]
  Passed TraliVali.Tests.Data.MessageFactoryTests.BuildInvalid_ShouldCreateInvalidMessage [< 1 ms]
  Passed TraliVali.Tests.Data.MessageFactoryTests.AsFile_ShouldSetTypeToFile [< 1 ms]
  Passed TraliVali.Tests.Data.MessageFactoryTests.WithConversationId_ShouldSetConversationId [< 1 ms]
  Passed TraliVali.Tests.Data.MessageFactoryTests.WithReadBy_ShouldAddReadStatus [< 1 ms]
  Passed TraliVali.Tests.Data.MessageFactoryTests.WithContent_ShouldSetContent [< 1 ms]
  Passed TraliVali.Tests.Entities.ConversationKeyValidationTests.GivenNegativeVersion_WhenValidating_ThenReturnsVersionMustBePositiveError [1 ms]
  Passed TraliVali.Tests.Entities.ConversationKeyValidationTests.GivenWhitespaceConversationId_WhenValidating_ThenReturnsConversationIdRequiredError [< 1 ms]
  Passed TraliVali.Tests.Entities.ConversationKeyValidationTests.GivenVersionGreaterThanOne_WhenValidating_ThenReturnsNoErrors [< 1 ms]
  Passed TraliVali.Tests.Entities.ConversationKeyValidationTests.GivenValidConversationKey_WhenValidating_ThenReturnsNoErrors [< 1 ms]
  Passed TraliVali.Tests.Entities.ConversationKeyValidationTests.GivenEmptyIv_WhenValidating_ThenReturnsIvRequiredError [< 1 ms]
  Passed TraliVali.Tests.Entities.ConversationKeyValidationTests.GivenEmptyTag_WhenValidating_ThenReturnsTagRequiredError [< 1 ms]
  Passed TraliVali.Tests.Entities.ConversationKeyValidationTests.GivenEmptyEncryptedKey_WhenValidating_ThenReturnsEncryptedKeyRequiredError [< 1 ms]
  Passed TraliVali.Tests.Entities.ConversationKeyValidationTests.GivenEmptySalt_WhenValidating_ThenReturnsSaltRequiredError [< 1 ms]
  Passed TraliVali.Tests.Entities.ConversationKeyValidationTests.GivenZeroVersion_WhenValidating_ThenReturnsVersionMustBePositiveError [< 1 ms]
  Passed TraliVali.Tests.Entities.ConversationKeyValidationTests.GivenMultipleInvalidFields_WhenValidating_ThenReturnsMultipleErrors [< 1 ms]
  Passed TraliVali.Tests.Entities.ConversationKeyValidationTests.GivenEmptyConversationId_WhenValidating_ThenReturnsConversationIdRequiredError [< 1 ms]
  Passed TraliVali.Tests.Auth.MessageEncryptionServiceTests.DecryptMessageAsync_ShouldHandleLargeMessages [38 ms]
  Passed TraliVali.Tests.Auth.MessageEncryptionServiceTests.DecryptConversationKeyAsync_ShouldThrowException_WhenMasterKeyIsNull [< 1 ms]
  Passed TraliVali.Tests.Entities.BackupTests.GivenBackup_WhenStatusSetToFailed_ThenStatusIsFailedAndErrorMessageCanBeSet [3 ms]
  Passed TraliVali.Tests.Auth.MessageEncryptionServiceTests.DecryptMessageAsync_ShouldThrowException_WhenEncryptingEmptyMessage [< 1 ms]
  Passed TraliVali.Tests.Entities.BackupTests.GivenNewBackup_WhenCreated_ThenDefaultStatusIsPending [< 1 ms]
  Passed TraliVali.Tests.Entities.BackupTests.GivenBackup_WhenStatusSetToInProgress_ThenStatusIsInProgress [< 1 ms]
  Passed TraliVali.Tests.Entities.BackupTests.GivenBackup_WhenErrorMessageIsNull_ThenErrorMessageIsNull [< 1 ms]
  Passed TraliVali.Tests.Entities.BackupTests.GivenBackup_WhenStatusSetToCompleted_ThenStatusIsCompleted [< 1 ms]
  Passed TraliVali.Tests.Auth.MessageEncryptionServiceTests.DecryptMessageAsync_ShouldThrowException_WhenEncryptedContentIsEmpty [< 1 ms]
  Passed TraliVali.Tests.Entities.BackupTests.GivenBackup_WhenAllPropertiesSet_ThenPropertiesAreCorrect [2 ms]
  Passed TraliVali.Tests.Auth.MessageEncryptionServiceTests.DecryptConversationKeyAsync_ShouldDecryptKey_WhenParametersAreValid [7 ms]
  Passed TraliVali.Tests.Auth.MessageEncryptionServiceTests.DecryptMessageAsync_ShouldThrowException_WhenIvIsEmpty [< 1 ms]
  Passed TraliVali.Tests.Workers.FileProcessorWorkerTests.FileQueuePayload_ShouldSerializeAndDeserialize [95 ms]
  Passed TraliVali.Tests.Entities.UserValidationTests.GivenDefaultIsActive_WhenCreated_ThenIsActiveIsTrue [< 1 ms]
  Passed TraliVali.Tests.Entities.UserValidationTests.GivenInvalidEmail_WhenValidating_ThenReturnsEmailFormatInvalidError [< 1 ms]
  Passed TraliVali.Tests.Entities.UserValidationTests.GivenValidUser_WhenValidating_ThenReturnsNoErrors [< 1 ms]
  Passed TraliVali.Tests.Entities.UserValidationTests.GivenEmptyDisplayName_WhenValidating_ThenReturnsDisplayNameRequiredError [< 1 ms]
  Passed TraliVali.Tests.Entities.UserValidationTests.GivenEmptyEmail_WhenValidating_ThenReturnsEmailRequiredError [< 1 ms]
  Passed TraliVali.Tests.Entities.UserValidationTests.GivenEmptyPasswordHash_WhenValidating_ThenReturnsPasswordHashRequiredError [< 1 ms]
  Passed TraliVali.Tests.Entities.UserValidationTests.GivenDefaultUserRole_WhenCreated_ThenRoleIsUser [< 1 ms]
  Passed TraliVali.Tests.Entities.UserValidationTests.GivenEmptyPublicKey_WhenValidating_ThenReturnsPublicKeyRequiredError [< 1 ms]
  Passed TraliVali.Tests.Entities.UserValidationTests.GivenEmailWithSpaces_WhenValidating_ThenReturnsEmailFormatInvalidError [< 1 ms]
  Passed TraliVali.Tests.Entities.UserValidationTests.GivenMultipleInvalidFields_WhenValidating_ThenReturnsMultipleErrors [< 1 ms]
  Passed TraliVali.Tests.Entities.UserValidationTests.GivenDisplayNameTooLong_WhenValidating_ThenReturnsDisplayNameTooLongError [< 1 ms]
  Passed TraliVali.Tests.Workers.FileProcessorWorkerTests.FileEntity_ShouldHaveMetadataFields [9 ms]
  Passed TraliVali.Tests.Workers.FileProcessorWorkerTests.Constructor_ShouldThrowArgumentNullException_WhenBlobServiceIsNull [< 1 ms]
  Passed TraliVali.Tests.Workers.FileProcessorWorkerTests.Constructor_ShouldThrowArgumentNullException_WhenFilesCollectionIsNull [< 1 ms]
  Passed TraliVali.Tests.Workers.FileProcessorWorkerTests.Constructor_ShouldThrowArgumentNullException_WhenConfigurationIsNull [< 1 ms]
  Passed TraliVali.Tests.Workers.FileProcessorWorkerTests.Constructor_ShouldThrowArgumentNullException_WhenConsumerIsNull [< 1 ms]
  Passed TraliVali.Tests.Data.UserFactoryTests.WithCreatedAt_ShouldSetCreatedAt [< 1 ms]
  Passed TraliVali.Tests.Data.UserFactoryTests.WithDisplayName_ShouldSetDisplayName [< 1 ms]
  Passed TraliVali.Tests.Data.UserFactoryTests.AsInactive_ShouldSetIsActiveFalse [< 1 ms]
  Passed TraliVali.Tests.Data.UserFactoryTests.WithEmail_ShouldSetEmail [< 1 ms]
  Passed TraliVali.Tests.Data.UserFactoryTests.WithLastLoginAt_ShouldSetLastLoginAt [< 1 ms]
  Passed TraliVali.Tests.Data.UserFactoryTests.AsAdmin_ShouldSetRoleToAdmin [< 1 ms]
  Passed TraliVali.Tests.Data.UserFactoryTests.Create_ShouldGenerateUniqueEmails [< 1 ms]
  Passed TraliVali.Tests.Data.UserFactoryTests.BuilderPattern_ShouldAllowChaining [< 1 ms]
  Passed TraliVali.Tests.Data.UserFactoryTests.BuildValid_ShouldCreateValidUser [< 1 ms]
  Passed TraliVali.Tests.Data.UserFactoryTests.WithInvitedBy_ShouldSetInvitedBy [< 1 ms]
  Passed TraliVali.Tests.Data.UserFactoryTests.WithDevice_ShouldAddDevice [< 1 ms]
  Passed TraliVali.Tests.Data.UserFactoryTests.BuildInvalid_ShouldCreateInvalidUser [< 1 ms]
  Passed TraliVali.Tests.Entities.ConversationValidationTests.GivenValidConversation_WhenValidating_ThenReturnsNoErrors [< 1 ms]
  Passed TraliVali.Tests.Entities.ConversationValidationTests.GivenEmptyParticipants_WhenValidating_ThenReturnsParticipantsRequiredError [< 1 ms]
  Passed TraliVali.Tests.Entities.ConversationValidationTests.GivenEmptyType_WhenValidating_ThenReturnsTypeRequiredError [< 1 ms]
  Passed TraliVali.Tests.Entities.ConversationValidationTests.GivenRecentMessagesExceeds50_WhenValidating_ThenReturnsRecentMessagesTooManyError [< 1 ms]
  Passed TraliVali.Tests.Entities.ConversationValidationTests.GivenRecentMessagesExactly50_WhenValidating_ThenReturnsNoErrors [< 1 ms]
  Passed TraliVali.Tests.Entities.ConversationValidationTests.GivenGroupConversation_WhenIsGroupIsTrue_ThenIsGroupPropertyIsCorrect [< 1 ms]
  Passed TraliVali.Tests.Entities.ConversationValidationTests.GivenDirectConversation_WhenIsGroupIsFalse_ThenIsGroupPropertyIsCorrect [< 1 ms]
  Passed TraliVali.Tests.Notifications.NoOpNotificationServiceTests.SendBatchNotificationsAsync_WithEmptyBody_ShouldThrowArgumentException [< 1 ms]
  Passed TraliVali.Tests.Notifications.NoOpNotificationServiceTests.Constructor_WithValidLogger_ShouldLogInitialization [1 ms]
  Passed TraliVali.Tests.Notifications.NoOpNotificationServiceTests.SendPushNotificationAsync_WithNullUserId_ShouldThrowArgumentNullException [< 1 ms]
  Passed TraliVali.Tests.Notifications.NoOpNotificationServiceTests.SendPushNotificationAsync_WithEmptyTitle_ShouldThrowArgumentException [< 1 ms]
  Passed TraliVali.Tests.Notifications.NoOpNotificationServiceTests.SendPushNotificationAsync_WithNullBody_ShouldThrowArgumentNullException [< 1 ms]
  Passed TraliVali.Tests.Notifications.NoOpNotificationServiceTests.SendBatchNotificationsAsync_WithNullBody_ShouldThrowArgumentNullException [< 1 ms]
  Passed TraliVali.Tests.Notifications.NoOpNotificationServiceTests.Constructor_WithNullLogger_ShouldThrowArgumentNullException [< 1 ms]
  Passed TraliVali.Tests.Notifications.NoOpNotificationServiceTests.SendPushNotificationAsync_WithEmptyUserId_ShouldThrowArgumentException [< 1 ms]
  Passed TraliVali.Tests.Notifications.NoOpNotificationServiceTests.SendBatchNotificationsAsync_WithValidParameters_ShouldLogNotification [2 ms]
  Passed TraliVali.Tests.Notifications.NoOpNotificationServiceTests.SendPushNotificationAsync_WithValidParameters_ShouldCompleteSuccessfully [2 ms]
  Passed TraliVali.Tests.Workers.MessageProcessorWorkerTests.Constructor_ShouldCreateWorkerSuccessfully_WhenAllParametersAreValid [27 ms]
  Passed TraliVali.Tests.Workers.MessageProcessorWorkerTests.Constructor_ShouldThrowArgumentNullException_WhenConversationsCollectionIsNull [< 1 ms]
  Passed TraliVali.Tests.Workers.MessageProcessorWorkerTests.Constructor_ShouldThrowArgumentNullException_WhenLoggerIsNull [< 1 ms]
  Passed TraliVali.Tests.Workers.MessageProcessorWorkerTests.Constructor_ShouldThrowArgumentNullException_WhenHubContextIsNull [< 1 ms]
  Passed TraliVali.Tests.Workers.MessageProcessorWorkerTests.Constructor_ShouldThrowArgumentNullException_WhenMessagesCollectionIsNull [< 1 ms]
  Passed TraliVali.Tests.Workers.MessageProcessorWorkerTests.Constructor_ShouldThrowArgumentNullException_WhenPublisherIsNull [< 1 ms]
  Passed TraliVali.Tests.Workers.MessageProcessorWorkerTests.Constructor_ShouldThrowArgumentNullException_WhenConfigurationIsNull [< 1 ms]
  Passed TraliVali.Tests.Workers.MessageProcessorWorkerTests.MessageProcessorWorkerConfiguration_ShouldHaveDefaultValues [< 1 ms]
  Passed TraliVali.Tests.Notifications.NoOpNotificationServiceTests.SendPushNotificationAsync_WithValidParameters_ShouldLogNotification [10 ms]
  Passed TraliVali.Tests.Notifications.NoOpNotificationServiceTests.SendBatchNotificationsAsync_WithEmptyTitle_ShouldThrowArgumentException [4 ms]
  Passed TraliVali.Tests.Notifications.NoOpNotificationServiceTests.SendBatchNotificationsAsync_WithEmptyUserIds_ShouldThrowArgumentException [3 ms]
  Passed TraliVali.Tests.Notifications.NoOpNotificationServiceTests.SendPushNotificationAsync_WithNullTitle_ShouldThrowArgumentNullException [< 1 ms]
  Passed TraliVali.Tests.Notifications.NoOpNotificationServiceTests.SendBatchNotificationsAsync_WithSingleUser_ShouldLogCorrectly [5 ms]
  Passed TraliVali.Tests.Notifications.NoOpNotificationServiceTests.SendBatchNotificationsAsync_WithNullTitle_ShouldThrowArgumentNullException [< 1 ms]
  Passed TraliVali.Tests.Notifications.NoOpNotificationServiceTests.SendBatchNotificationsAsync_WithValidParameters_ShouldCompleteSuccessfully [< 1 ms]
  Passed TraliVali.Tests.Notifications.NoOpNotificationServiceTests.SendPushNotificationAsync_WithEmptyBody_ShouldThrowArgumentException [< 1 ms]
  Passed TraliVali.Tests.Notifications.NoOpNotificationServiceTests.SendBatchNotificationsAsync_WithNullUserIds_ShouldThrowArgumentNullException [1 ms]
  Passed TraliVali.Tests.Workers.MessageProcessorWorkerTests.MessageQueuePayload_ShouldSerializeAndDeserialize [28 ms]
  Passed TraliVali.Tests.Workers.MessageProcessorWorkerTests.Constructor_ShouldThrowArgumentNullException_WhenConsumerIsNull [< 1 ms]
  Passed TraliVali.Tests.Entities.ArchivalStatsTests.GivenArchivalStats_WhenAllPropertiesSet_ThenPropertiesAreCorrect [< 1 ms]
  Passed TraliVali.Tests.Entities.ArchivalStatsTests.GivenArchivalStats_WhenErrorMessageIsNull_ThenErrorMessageIsNull [< 1 ms]
  Passed TraliVali.Tests.Entities.ArchivalStatsTests.GivenArchivalStats_WhenPartialSuccess_ThenCanSetPartialStatus [< 1 ms]
  Passed TraliVali.Tests.Entities.ArchivalStatsTests.GivenArchivalStats_WhenLargeNumberOfMessagesArchived_ThenStoresCorrectValue [< 1 ms]
  Passed TraliVali.Tests.Entities.ArchivalStatsTests.GivenArchivalStats_WhenNoMessagesArchived_ThenMessagesArchivedIsZero [< 1 ms]
  Passed TraliVali.Tests.Entities.ArchivalStatsTests.GivenArchivalStats_WhenStatusSetToFailed_ThenStatusIsFailedAndErrorMessageCanBeSet [< 1 ms]
  Passed TraliVali.Tests.Entities.ArchivalStatsTests.GivenNewArchivalStats_WhenCreated_ThenDefaultStatusIsSuccess [< 1 ms]
  Passed TraliVali.Tests.Entities.ParticipantTests.GivenNewParticipant_WhenCreated_ThenAllPropertiesCanBeSet [< 1 ms]
  Passed TraliVali.Tests.Entities.ParticipantTests.GivenMultipleParticipants_WhenCreated_ThenEachHasUniqueUserId [< 1 ms]
  Passed TraliVali.Tests.Entities.ParticipantTests.GivenParticipant_WhenLastReadAtSet_ThenLastReadAtIsCorrect [1 ms]
  Passed TraliVali.Tests.Entities.ParticipantTests.GivenParticipant_WhenLastReadAtNotSet_ThenLastReadAtIsNull [< 1 ms]
  Passed TraliVali.Tests.Entities.ParticipantTests.GivenParticipant_WhenDefaultRoleUsed_ThenRoleIsMember [< 1 ms]
  Passed TraliVali.Tests.Entities.ParticipantTests.GivenParticipant_WhenDefaultConstructorUsed_ThenPropertiesAreInitialized [< 1 ms]
  Passed TraliVali.Tests.Entities.ParticipantTests.GivenParticipant_WhenRoleSetToAdmin_ThenRoleIsAdmin [< 1 ms]
info: TraliVali.Messaging.NoOpNotificationService[0]
      NoOpNotificationService initialized - notifications will be logged but not sent
info: TraliVali.Messaging.NoOpNotificationService[0]
      Would send push notification to user user123: Title='Test Title', Body='Test Body'
info: TraliVali.Messaging.NoOpNotificationService[0]
      NoOpNotificationService initialized - notifications will be logged but not sent
info: TraliVali.Messaging.NoOpNotificationService[0]
      Would send batch notification to 3 users: Title='Batch Title', Body='Batch Body', UserIds=[user1, user2, user3]
[testcontainers.org 00:00:00.61] Connected to Docker:
  Host: unix:///var/run/docker.sock
  Server Version: 28.0.4
  Kernel Version: 6.11.0-1018-azure
  API Version: 1.48
  Operating System: Ubuntu 24.04.3 LTS
  Total Memory: 15.62 GB
  Passed TraliVali.Tests.Notifications.NotificationServiceIntegrationTests.NotificationService_IsRegisteredAsSingleton_InRealScenario [< 1 ms]
  Passed TraliVali.Tests.Notifications.NotificationServiceIntegrationTests.NotificationService_CanSendSingleNotification_Successfully [94 ms]
  Passed TraliVali.Tests.Notifications.NotificationServiceIntegrationTests.NotificationService_CanSendBatchNotifications_Successfully [6 ms]
  Passed TraliVali.Tests.Auth.MessageEncryptionServiceTests.DeriveMasterKeyFromPasswordAsync_ShouldProduceDifferentKeys_ForDifferentSalts [292 ms]
  Passed TraliVali.Tests.Auth.MessageEncryptionServiceTests.DecryptMessageAsync_ShouldThrowException_WhenConversationKeyIsWrongSize [< 1 ms]
  Passed TraliVali.Tests.Auth.MessageEncryptionServiceTests.DecryptMessageAsync_ShouldThrowException_WhenConversationKeyIsNull [< 1 ms]
  Passed TraliVali.Tests.Auth.MessageEncryptionServiceTests.DecryptConversationKeyAsync_ShouldThrowException_WhenMasterKeyIsWrongSize [< 1 ms]
  Passed TraliVali.Tests.Auth.JwtServiceTests.RefreshTokenAsync_ShouldReturnNull_ForEmptyToken [428 ms]
[testcontainers.org 00:00:00.86] Searching Docker registry credential in Auths
[testcontainers.org 00:00:00.86] Searching Docker registry credential in CredsStore
[testcontainers.org 00:00:00.86] Searching Docker registry credential in CredHelpers
[testcontainers.org 00:00:00.87] Searching Docker registry credential in Auths
[testcontainers.org 00:00:00.87] Docker registry credential https://index.docker.io/v1/ found
  Passed TraliVali.Tests.Auth.JwtServiceTests.GenerateToken_ShouldSetCorrectExpirationDays [115 ms]
  Passed TraliVali.Tests.Auth.MessageEncryptionServiceTests.DeriveMasterKeyFromPasswordAsync_ShouldProduceSameKey_ForSameInputs [248 ms]
  Passed TraliVali.Tests.Auth.MessageEncryptionServiceTests.DecryptMessageAsync_ShouldThrowException_WhenTagIsIncorrect [1 ms]
  Passed TraliVali.Tests.Auth.MessageEncryptionServiceTests.DeriveMasterKeyFromPasswordAsync_ShouldThrowException_WhenPasswordIsNull [< 1 ms]
  Passed TraliVali.Tests.Auth.MessageEncryptionServiceTests.DecryptConversationKeyAsync_ShouldThrowException_WhenEncryptedKeyIsEmpty [< 1 ms]
  Passed TraliVali.Tests.Auth.JwtServiceTests.GenerateToken_ShouldIncludeRefreshTokenType [22 ms]
  Passed TraliVali.Tests.Auth.JwtServiceTests.GenerateToken_ShouldIncludeCorrectClaims [5 ms]
  Passed TraliVali.Tests.Auth.JwtServiceTests.RefreshTokenAsync_ShouldBlacklistOldRefreshToken [24 ms]
  Passed TraliVali.Tests.Auth.JwtServiceTests.Constructor_ShouldThrowException_WhenPublicKeyIsEmpty [2 ms]
  Passed TraliVali.Tests.Auth.JwtServiceTests.Constructor_ShouldThrowException_WhenBlacklistServiceIsNull [1 ms]
  Passed TraliVali.Tests.Auth.JwtServiceTests.ValidateTokenAsync_ShouldReturnInvalid_ForEmptyToken [1 ms]
  Passed TraliVali.Tests.Auth.JwtServiceTests.ValidateTokenAsync_ShouldReturnValid_ForValidToken [3 ms]
  Passed TraliVali.Tests.Auth.JwtServiceTests.RefreshTokenAsync_ShouldGenerateNewTokens [5 ms]
  Passed TraliVali.Tests.Auth.JwtServiceTests.Constructor_ShouldThrowException_WhenRefreshTokenExpirationDaysIsNegative [1 ms]
  Passed TraliVali.Tests.Auth.JwtServiceTests.Constructor_ShouldThrowException_WhenPrivateKeyIsEmpty [1 ms]
  Passed TraliVali.Tests.Auth.JwtServiceTests.Constructor_ShouldThrowException_WhenExpirationDaysIsZero [1 ms]
  Passed TraliVali.Tests.Auth.JwtServiceTests.RefreshTokenAsync_ShouldReturnNull_ForAccessToken [3 ms]
  Passed TraliVali.Tests.Auth.JwtServiceTests.GenerateToken_ShouldThrowException_WhenDeviceIdIsEmpty [2 ms]
  Passed TraliVali.Tests.Auth.JwtServiceTests.Constructor_ShouldThrowException_WhenSettingsIsNull [1 ms]
  Passed TraliVali.Tests.Auth.JwtServiceTests.RefreshTokenAsync_ShouldReturnNull_ForInvalidToken [1 ms]
  Passed TraliVali.Tests.Auth.JwtServiceTests.GenerateToken_ShouldThrowException_WhenUserIsNull [1 ms]
  Passed TraliVali.Tests.Auth.JwtServiceTests.ValidateTokenAsync_ShouldReturnInvalid_ForExpiredToken [4 ms]
  Passed TraliVali.Tests.Auth.JwtServiceTests.ValidateTokenAsync_ShouldReturnInvalid_ForBlacklistedToken [7 ms]
  Passed TraliVali.Tests.Auth.JwtServiceTests.ValidateTokenAsync_ShouldReturnInvalid_ForInvalidToken [2 ms]
  Passed TraliVali.Tests.Auth.JwtServiceTests.GenerateToken_ShouldGenerateValidTokens [4 ms]
  Passed TraliVali.Tests.Auth.MessageEncryptionServiceTests.DeriveMasterKeyFromPasswordAsync_ShouldDeriveKey_WhenParametersAreValid [108 ms]
  Passed TraliVali.Tests.Auth.MessageEncryptionServiceTests.DeriveMasterKeyFromPasswordAsync_ShouldThrowException_WhenSaltIsInvalidBase64 [< 1 ms]
  Passed TraliVali.Tests.Auth.MessageEncryptionServiceTests.DeriveMasterKeyFromPasswordAsync_ShouldProduceDifferentKeys_ForDifferentPasswords [190 ms]
  Passed TraliVali.Tests.Auth.MessageEncryptionServiceTests.DecryptMessageAsync_ShouldHandleUnicodeCharacters [< 1 ms]
  Passed TraliVali.Tests.Auth.MessageEncryptionServiceTests.DeriveMasterKeyFromPasswordAsync_ShouldHandleUnicodePassword [93 ms]
  Passed TraliVali.Tests.Auth.MessageEncryptionServiceTests.FullEncryptionWorkflow_ShouldWork_EndToEnd [95 ms]
  Passed TraliVali.Tests.Auth.MessageEncryptionServiceTests.DeriveMasterKeyFromPasswordAsync_ShouldHandleLongPasswords [86 ms]
  Passed TraliVali.Tests.Auth.MessageEncryptionServiceTests.DecryptConversationKeyAsync_ShouldThrowException_WhenTagIsIncorrect [< 1 ms]
  Passed TraliVali.Tests.Auth.MessageEncryptionServiceTests.DeriveMasterKeyFromPasswordAsync_ShouldThrowException_WhenSaltIsNull [< 1 ms]
  Passed TraliVali.Tests.Auth.MessageEncryptionServiceTests.DecryptMessageAsync_ShouldThrowException_WhenEncryptedContentIsNull [< 1 ms]
[testcontainers.org 00:00:01.54] Docker image testcontainers/ryuk:0.14.0 created
[testcontainers.org 00:00:01.61] Docker container 9e0d7385d732 created
[testcontainers.org 00:00:01.65] Start Docker container 9e0d7385d732
[testcontainers.org 00:00:01.86] Wait for Docker container 9e0d7385d732 to complete readiness checks
[testcontainers.org 00:00:01.87] Docker container 9e0d7385d732 ready
  Passed TraliVali.Tests.Auth.MessageEncryptionServiceTests.DecryptMessageAsync_ShouldThrowException_WhenTagIsEmpty [< 1 ms]
  Passed TraliVali.Tests.Auth.MessageEncryptionServiceTests.DecryptMessageAsync_ShouldDecryptMessage_WhenParametersAreValid [< 1 ms]
  Passed TraliVali.Tests.Auth.MessageEncryptionServiceTests.DecryptMessageAsync_ShouldThrowException_WhenEncryptedContentIsInvalidBase64 [< 1 ms]
  Passed TraliVali.Tests.Auth.MessageEncryptionServiceTests.DecryptConversationKeyAsync_ShouldThrowException_WhenIvIsEmpty [< 1 ms]
  Passed TraliVali.Tests.Auth.MessageEncryptionServiceTests.DecryptConversationKeyAsync_ShouldReturnDifferentKey_WhenWrongMasterKeyUsed [< 1 ms]
  Passed TraliVali.Tests.Auth.MessageEncryptionServiceTests.DecryptConversationKeyAsync_ShouldThrowException_WhenEncryptedKeyIsInvalidBase64 [< 1 ms]
  Passed TraliVali.Tests.Auth.MessageEncryptionServiceTests.DeriveMasterKeyFromPasswordAsync_ShouldThrowException_WhenPasswordIsEmpty [< 1 ms]
  Passed TraliVali.Tests.Auth.MessageEncryptionServiceTests.DecryptConversationKeyAsync_ShouldThrowException_WhenTagIsEmpty [< 1 ms]
[testcontainers.org 00:00:03.88] Searching Docker registry credential in Auths
[testcontainers.org 00:00:03.88] Searching Docker registry credential in CredHelpers
[testcontainers.org 00:00:03.88] Searching Docker registry credential in CredsStore
[testcontainers.org 00:00:03.88] Searching Docker registry credential in Auths
[testcontainers.org 00:00:03.88] Docker registry credential mcr.microsoft.com not found
  Passed TraliVali.Tests.Email.AzureCommunicationEmailServiceTests.SendMagicLinkEmailAsync_WithLongRecipientName_ShouldThrowException [5 s]
  Passed TraliVali.Tests.Email.AzureCommunicationEmailServiceTests.SendMagicLinkEmailAsync_WithWhitespaceMagicLink_ShouldThrowArgumentNullException [1 ms]
  Passed TraliVali.Tests.Email.AzureCommunicationEmailServiceTests.SendPasswordResetEmailAsync_WithNullRecipientName_ShouldThrowArgumentNullException [1 ms]
  Passed TraliVali.Tests.Email.AzureCommunicationEmailServiceTests.Constructor_WithInvalidConfiguration_ShouldThrowInvalidOperationException [< 1 ms]
  Passed TraliVali.Tests.Email.AzureCommunicationEmailServiceTests.SendWelcomeEmailAsync_WithWhitespaceRecipientEmail_ShouldThrowArgumentNullException [1 ms]
  Passed TraliVali.Tests.Email.AzureCommunicationEmailServiceTests.SendPasswordResetEmailAsync_WithWhitespaceRecipientEmail_ShouldThrowArgumentNullException [2 ms]
  Passed TraliVali.Tests.Email.AzureCommunicationEmailServiceTests.Constructor_WithNullConfiguration_ShouldThrowArgumentNullException [< 1 ms]
  Passed TraliVali.Tests.Email.AzureCommunicationEmailServiceTests.SendInviteEmailAsync_WithNullRecipientEmail_ShouldThrowArgumentNullException [1 ms]
  Passed TraliVali.Tests.Email.AzureCommunicationEmailServiceTests.SendMagicLinkEmailAsync_WithNullMagicLink_ShouldThrowArgumentNullException [3 ms]
  Passed TraliVali.Tests.Email.AzureCommunicationEmailServiceTests.SendMagicLinkEmailAsync_WithCancelledToken_ShouldThrowOperationCanceledException [4 ms]
[testcontainers.org 00:00:10.08] Docker image redis:7-alpine created
[testcontainers.org 00:00:10.08] Docker image redis:7-alpine created
[testcontainers.org 00:00:10.08] Docker image redis:7-alpine created
[testcontainers.org 00:00:10.12] Docker container b86e1b1c631c created
[testcontainers.org 00:00:10.13] Start Docker container b86e1b1c631c
[testcontainers.org 00:00:10.13] Docker container 354b2d126fe8 created
[testcontainers.org 00:00:10.13] Docker container 477c1fc150b8 created
[testcontainers.org 00:00:10.13] Start Docker container 354b2d126fe8
[testcontainers.org 00:00:10.14] Start Docker container 477c1fc150b8
[testcontainers.org 00:00:10.51] Wait for Docker container b86e1b1c631c to complete readiness checks
[testcontainers.org 00:00:10.52] Execute "redis-cli ping" at Docker container b86e1b1c631c
[testcontainers.org 00:00:10.59] Wait for Docker container 354b2d126fe8 to complete readiness checks
[testcontainers.org 00:00:10.59] Execute "redis-cli ping" at Docker container 354b2d126fe8
[testcontainers.org 00:00:10.61] Wait for Docker container 477c1fc150b8 to complete readiness checks
[testcontainers.org 00:00:10.62] Execute "redis-cli ping" at Docker container 477c1fc150b8
[testcontainers.org 00:00:10.66] Docker container b86e1b1c631c ready
[testcontainers.org 00:00:10.72] Docker container 477c1fc150b8 ready
[testcontainers.org 00:00:10.72] Docker container 354b2d126fe8 ready
[testcontainers.org 00:00:10.86] Stop Docker container b86e1b1c631c
[testcontainers.org 00:00:10.86] Stop Docker container 477c1fc150b8
[testcontainers.org 00:00:10.86] Stop Docker container 354b2d126fe8
[testcontainers.org 00:00:11.24] Delete Docker container 354b2d126fe8
[testcontainers.org 00:00:11.24] Delete Docker container b86e1b1c631c
  Passed TraliVali.Tests.Auth.PresenceServiceTests.GetLastSeenAsync_ShouldReturnNull_ForNeverSeenUser [21 ms]
[testcontainers.org 00:00:11.29] Delete Docker container 477c1fc150b8
[testcontainers.org 00:00:11.31] Docker container 3529e92539b3 created
[testcontainers.org 00:00:11.31] Start Docker container 3529e92539b3
[testcontainers.org 00:00:11.33] Docker container 30f68a68b9f1 created
[testcontainers.org 00:00:11.33] Start Docker container 30f68a68b9f1
[testcontainers.org 00:00:11.36] Docker container 2efd0c5196b3 created
[testcontainers.org 00:00:11.36] Start Docker container 2efd0c5196b3
[testcontainers.org 00:00:11.72] Wait for Docker container 3529e92539b3 to complete readiness checks
[testcontainers.org 00:00:11.73] Execute "redis-cli ping" at Docker container 3529e92539b3
[testcontainers.org 00:00:11.79] Wait for Docker container 2efd0c5196b3 to complete readiness checks
[testcontainers.org 00:00:11.79] Execute "redis-cli ping" at Docker container 2efd0c5196b3
[testcontainers.org 00:00:11.82] Docker container 3529e92539b3 ready
[testcontainers.org 00:00:11.83] Wait for Docker container 30f68a68b9f1 to complete readiness checks
[testcontainers.org 00:00:11.83] Execute "redis-cli ping" at Docker container 30f68a68b9f1
[testcontainers.org 00:00:11.86] Stop Docker container 3529e92539b3
  Passed TraliVali.Tests.Auth.MagicLinkServiceTests.ValidateAndConsumeMagicLinkAsync_ShouldReturnNull_WhenTokenIsInvalid [22 ms]
  Passed TraliVali.Tests.Auth.TokenBlacklistServiceTests.BlacklistTokenAsync_ShouldNotStore_WhenTokenAlreadyExpired [18 ms]
  Passed TraliVali.Tests.Email.AzureCommunicationEmailServiceTests.SendInviteEmailAsync_WithSpecialCharactersInNames_ShouldThrowException [5 s]
  Passed TraliVali.Tests.Email.AzureCommunicationEmailServiceTests.Constructor_WithEmptySenderAddress_ShouldThrowInvalidOperationException [< 1 ms]
  Passed TraliVali.Tests.Email.AzureCommunicationEmailServiceTests.SendMagicLinkEmailAsync_WithEmptyRecipientEmail_ShouldThrowArgumentNullException [1 ms]
  Passed TraliVali.Tests.Email.AzureCommunicationEmailServiceTests.Constructor_WithNullLogger_ShouldThrowArgumentNullException [< 1 ms]
  Passed TraliVali.Tests.Email.AzureCommunicationEmailServiceTests.SendInviteEmailAsync_WithWhitespaceRecipientEmail_ShouldThrowArgumentNullException [< 1 ms]
  Passed TraliVali.Tests.Email.AzureCommunicationEmailServiceTests.SendWelcomeEmailAsync_WithCancelledToken_ShouldThrowOperationCanceledException [1 ms]
  Passed TraliVali.Tests.Email.AzureCommunicationEmailServiceTests.SendWelcomeEmailAsync_WithNullRecipientEmail_ShouldThrowArgumentNullException [< 1 ms]
  Passed TraliVali.Tests.Email.AzureCommunicationEmailServiceTests.SendMagicLinkEmailAsync_WithNullRecipientName_ShouldThrowArgumentNullException [< 1 ms]
  Passed TraliVali.Tests.Email.AzureCommunicationEmailServiceTests.SendInviteEmailAsync_WithWhitespaceRecipientName_ShouldThrowArgumentNullException [< 1 ms]
  Passed TraliVali.Tests.Email.AzureCommunicationEmailServiceTests.SendInviteEmailAsync_WithNullInviteLink_ShouldThrowArgumentNullException [< 1 ms]
  Passed TraliVali.Tests.Email.AzureCommunicationEmailServiceTests.SendPasswordResetEmailAsync_WithWhitespaceResetLink_ShouldThrowArgumentNullException [< 1 ms]
  Passed TraliVali.Tests.Email.AzureCommunicationEmailServiceTests.SendPasswordResetEmailAsync_WithNullRecipientEmail_ShouldThrowArgumentNullException [1 ms]
  Passed TraliVali.Tests.Email.AzureCommunicationEmailServiceTests.SendMagicLinkEmailAsync_WithWhitespaceRecipientEmail_ShouldThrowArgumentNullException [< 1 ms]
  Passed TraliVali.Tests.Email.AzureCommunicationEmailServiceTests.SendWelcomeEmailAsync_WithWhitespaceRecipientName_ShouldThrowArgumentNullException [1 ms]
  Passed TraliVali.Tests.Email.AzureCommunicationEmailServiceTests.SendInviteEmailAsync_WithNullInviterName_ShouldThrowArgumentNullException [< 1 ms]
  Passed TraliVali.Tests.Email.AzureCommunicationEmailServiceTests.SendPasswordResetEmailAsync_WithNullResetLink_ShouldThrowArgumentNullException [< 1 ms]
  Passed TraliVali.Tests.Email.AzureCommunicationEmailServiceTests.SendPasswordResetEmailAsync_WithWhitespaceRecipientName_ShouldThrowArgumentNullException [< 1 ms]
  Passed TraliVali.Tests.Email.AzureCommunicationEmailServiceTests.Constructor_WithEmptyConnectionString_ShouldThrowInvalidOperationException [< 1 ms]
  Passed TraliVali.Tests.Email.AzureCommunicationEmailServiceTests.SendInviteEmailAsync_WithWhitespaceInviterName_ShouldThrowArgumentNullException [1 ms]
  Passed TraliVali.Tests.Email.AzureCommunicationEmailServiceTests.SendInviteEmailAsync_WithWhitespaceInviteLink_ShouldThrowArgumentNullException [1 ms]
  Passed TraliVali.Tests.Email.AzureCommunicationEmailServiceTests.SendWelcomeEmailAsync_WithNullRecipientName_ShouldThrowArgumentNullException [< 1 ms]
  Passed TraliVali.Tests.Email.AzureCommunicationEmailServiceTests.SendMagicLinkEmailAsync_WithWhitespaceRecipientName_ShouldThrowArgumentNullException [1 ms]
  Passed TraliVali.Tests.Email.AzureCommunicationEmailServiceTests.SendMagicLinkEmailAsync_WithNullRecipientEmail_ShouldThrowArgumentNullException [1 ms]
[testcontainers.org 00:00:11.90] Docker container 2efd0c5196b3 ready
[testcontainers.org 00:00:11.95] Docker container 30f68a68b9f1 ready
[testcontainers.org 00:00:11.98] Stop Docker container 30f68a68b9f1
[testcontainers.org 00:00:12.17] Delete Docker container 3529e92539b3
[testcontainers.org 00:00:12.24] Docker container addd27d6cf1d created
[testcontainers.org 00:00:12.25] Start Docker container addd27d6cf1d
[testcontainers.org 00:00:12.34] Delete Docker container 30f68a68b9f1
[testcontainers.org 00:00:12.42] Docker container 52fe1428a0b1 created
[testcontainers.org 00:00:12.43] Start Docker container 52fe1428a0b1
[testcontainers.org 00:00:12.58] Wait for Docker container addd27d6cf1d to complete readiness checks
[testcontainers.org 00:00:12.58] Execute "redis-cli ping" at Docker container addd27d6cf1d
[testcontainers.org 00:00:12.67] Docker container addd27d6cf1d ready
[testcontainers.org 00:00:12.70] Stop Docker container addd27d6cf1d
[testcontainers.org 00:00:12.76] Wait for Docker container 52fe1428a0b1 to complete readiness checks
[testcontainers.org 00:00:12.76] Execute "redis-cli ping" at Docker container 52fe1428a0b1
[testcontainers.org 00:00:12.85] Docker container 52fe1428a0b1 ready
[testcontainers.org 00:00:12.86] Stop Docker container 52fe1428a0b1
[testcontainers.org 00:00:13.04] Delete Docker container addd27d6cf1d
[testcontainers.org 00:00:13.08] Docker container 819704abc57e created
[testcontainers.org 00:00:13.08] Start Docker container 819704abc57e
[testcontainers.org 00:00:13.27] Delete Docker container 52fe1428a0b1
[testcontainers.org 00:00:13.36] Docker container 35eb0ff55f13 created
[testcontainers.org 00:00:13.37] Start Docker container 35eb0ff55f13
  Passed TraliVali.Tests.Email.AzureCommunicationEmailServiceTests.SendInviteEmailAsync_WithCancelledToken_ShouldThrowOperationCanceledException [1 ms]
  Passed TraliVali.Tests.Email.AzureCommunicationEmailServiceTests.SendPasswordResetEmailAsync_WithCancelledToken_ShouldThrowOperationCanceledException [1 ms]
  Passed TraliVali.Tests.Auth.PresenceServiceTests.SetOnlineAsync_ShouldMarkUserAsOnline [21 ms]
  Passed TraliVali.Tests.Auth.MagicLinkServiceTests.MagicLink_ShouldNotBeValidAfterRedisExpiry [21 ms]
  Passed TraliVali.Tests.Auth.PresenceServiceTests.SetOfflineAsync_ShouldMarkOffline_WhenLastConnectionDisconnects [26 ms]
  Passed TraliVali.Tests.Auth.MagicLinkServiceTests.ValidateAndConsumeMagicLinkAsync_ShouldReturnMagicLink_WhenTokenIsValid [5 ms]
[testcontainers.org 00:00:13.42] Wait for Docker container 819704abc57e to complete readiness checks
[testcontainers.org 00:00:13.42] Execute "redis-cli ping" at Docker container 819704abc57e
[testcontainers.org 00:00:13.51] Docker container 819704abc57e ready
[testcontainers.org 00:00:13.53] Stop Docker container 819704abc57e
[testcontainers.org 00:00:13.68] Wait for Docker container 35eb0ff55f13 to complete readiness checks
[testcontainers.org 00:00:13.68] Execute "redis-cli ping" at Docker container 35eb0ff55f13
[testcontainers.org 00:00:13.77] Docker container 35eb0ff55f13 ready
[testcontainers.org 00:00:13.79] Stop Docker container 35eb0ff55f13
[testcontainers.org 00:00:13.90] Delete Docker container 819704abc57e
[testcontainers.org 00:00:13.96] Docker container a184157ee951 created
[testcontainers.org 00:00:13.97] Start Docker container a184157ee951
[testcontainers.org 00:00:14.05] Docker image rabbitmq:3.12-management-alpine created
[testcontainers.org 00:00:14.05] Docker image rabbitmq:3.12-management-alpine created
[testcontainers.org 00:00:14.05] Docker image rabbitmq:3.12-management-alpine created
[testcontainers.org 00:00:14.10] Docker container 9a8bb93bf931 created
[testcontainers.org 00:00:14.10] Docker container a7a83cdf54ed created
[testcontainers.org 00:00:14.10] Start Docker container 9a8bb93bf931
[testcontainers.org 00:00:14.11] Start Docker container a7a83cdf54ed
[testcontainers.org 00:00:14.11] Docker container aa0252920841 created
[testcontainers.org 00:00:14.12] Start Docker container aa0252920841
[testcontainers.org 00:00:14.12] Delete Docker container 35eb0ff55f13
[testcontainers.org 00:00:14.23] Docker container d7e46b38ce40 created
[testcontainers.org 00:00:14.24] Start Docker container d7e46b38ce40
[testcontainers.org 00:00:14.44] Wait for Docker container a184157ee951 to complete readiness checks
[testcontainers.org 00:00:14.44] Execute "redis-cli ping" at Docker container a184157ee951
[testcontainers.org 00:00:14.55] Docker container a184157ee951 ready
[testcontainers.org 00:00:14.57] Stop Docker container a184157ee951
[testcontainers.org 00:00:14.57] Wait for Docker container aa0252920841 to complete readiness checks
[testcontainers.org 00:00:14.62] Wait for Docker container 9a8bb93bf931 to complete readiness checks
[testcontainers.org 00:00:14.66] Wait for Docker container a7a83cdf54ed to complete readiness checks
[testcontainers.org 00:00:14.74] Wait for Docker container d7e46b38ce40 to complete readiness checks
[testcontainers.org 00:00:14.75] Execute "redis-cli ping" at Docker container d7e46b38ce40
[testcontainers.org 00:00:14.88] Docker container d7e46b38ce40 ready
  Passed TraliVali.Tests.Auth.PresenceServiceTests.SetOfflineAsync_ShouldKeepUserOnline_WhenMultipleConnections [7 ms]
  Passed TraliVali.Tests.Auth.MagicLinkServiceTests.MagicLink_ShouldExpireAfter15Minutes [6 ms]
[testcontainers.org 00:00:14.90] Stop Docker container d7e46b38ce40
[testcontainers.org 00:00:14.92] Stop Docker container 2efd0c5196b3
[testcontainers.org 00:00:15.07] Delete Docker container a184157ee951
[testcontainers.org 00:00:15.17] Docker container 9a7154276b10 created
[testcontainers.org 00:00:15.17] Start Docker container 9a7154276b10
[testcontainers.org 00:00:15.39] Delete Docker container d7e46b38ce40
[testcontainers.org 00:00:15.48] Delete Docker container 2efd0c5196b3
[testcontainers.org 00:00:15.50] Docker container 01935619f538 created
[testcontainers.org 00:00:15.50] Start Docker container 01935619f538
[testcontainers.org 00:00:15.54] Docker container b25974402d0f created
[testcontainers.org 00:00:15.55] Start Docker container b25974402d0f
[testcontainers.org 00:00:15.78] Wait for Docker container 9a7154276b10 to complete readiness checks
[testcontainers.org 00:00:15.79] Execute "redis-cli ping" at Docker container 9a7154276b10
[testcontainers.org 00:00:15.97] Docker container 9a7154276b10 ready
[testcontainers.org 00:00:16.03] Stop Docker container 9a7154276b10
[testcontainers.org 00:00:16.12] Wait for Docker container 01935619f538 to complete readiness checks
[testcontainers.org 00:00:16.12] Execute "redis-cli ping" at Docker container 01935619f538
[testcontainers.org 00:00:16.24] Wait for Docker container b25974402d0f to complete readiness checks
[testcontainers.org 00:00:16.25] Execute "redis-cli ping" at Docker container b25974402d0f
[testcontainers.org 00:00:16.30] Docker container 01935619f538 ready
[testcontainers.org 00:00:16.32] Stop Docker container 01935619f538
  Passed TraliVali.Tests.Auth.PresenceServiceTests.Constructor_ShouldThrowException_WhenRedisIsNull [< 1 ms]
  Passed TraliVali.Tests.Auth.MagicLinkServiceTests.CreateMagicLinkAsync_ShouldThrowException_WhenDeviceIdIsEmpty [< 1 ms]
  Passed TraliVali.Tests.Auth.TokenBlacklistServiceTests.BlacklistTokenAsync_ShouldExpireToken_AfterTtl [3 s]
[testcontainers.org 00:00:16.40] Docker container b25974402d0f ready
[testcontainers.org 00:00:16.42] Stop Docker container b25974402d0f
[testcontainers.org 00:00:16.63] Delete Docker container 9a7154276b10
[testcontainers.org 00:00:16.70] Docker container 26ff43a231ff created
[testcontainers.org 00:00:16.71] Start Docker container 26ff43a231ff
[testcontainers.org 00:00:16.87] Delete Docker container 01935619f538
[testcontainers.org 00:00:16.89] Delete Docker container b25974402d0f
[testcontainers.org 00:00:16.96] Docker container 5b115f937d75 created
[testcontainers.org 00:00:16.97] Start Docker container 5b115f937d75
[testcontainers.org 00:00:16.99] Docker container 8a847b70051d created
[testcontainers.org 00:00:17.00] Start Docker container 8a847b70051d
[testcontainers.org 00:00:17.17] Wait for Docker container 26ff43a231ff to complete readiness checks
[testcontainers.org 00:00:17.18] Execute "redis-cli ping" at Docker container 26ff43a231ff
[testcontainers.org 00:00:17.31] Docker container 26ff43a231ff ready
[testcontainers.org 00:00:17.32] Stop Docker container 26ff43a231ff
[testcontainers.org 00:00:17.57] Wait for Docker container 5b115f937d75 to complete readiness checks
[testcontainers.org 00:00:17.57] Execute "redis-cli ping" at Docker container 5b115f937d75
[testcontainers.org 00:00:17.72] Wait for Docker container 8a847b70051d to complete readiness checks
[testcontainers.org 00:00:17.72] Docker container 5b115f937d75 ready
[testcontainers.org 00:00:17.73] Execute "redis-cli ping" at Docker container 8a847b70051d
[testcontainers.org 00:00:17.74] Stop Docker container 5b115f937d75
[testcontainers.org 00:00:17.84] Delete Docker container 26ff43a231ff
  Passed TraliVali.Tests.Auth.PresenceServiceTests.SetOnlineAsync_ShouldClearLastSeen_WhenUserComesOnline [37 ms]
  Passed TraliVali.Tests.Auth.MagicLinkServiceTests.CreateMagicLinkAsync_ShouldThrowException_WhenEmailIsEmpty [< 1 ms]
  Passed TraliVali.Tests.Auth.TokenBlacklistServiceTests.BlacklistTokenAsync_ShouldHandleMultipleTokens [12 ms]
  Passed TraliVali.Tests.Auth.PresenceServiceTests.SetOnlineAsync_ShouldThrowException_WhenConnectionIdIsEmpty [1 ms]
[testcontainers.org 00:00:17.90] Docker container 8a847b70051d ready
[testcontainers.org 00:00:17.91] Stop Docker container 8a847b70051d
[testcontainers.org 00:00:17.92] Docker container d65d7f8b85b3 created
[testcontainers.org 00:00:17.92] Start Docker container d65d7f8b85b3
[testcontainers.org 00:00:18.24] Delete Docker container 5b115f937d75
[testcontainers.org 00:00:18.35] Docker container 659d236df7d9 created
[testcontainers.org 00:00:18.36] Start Docker container 659d236df7d9
[testcontainers.org 00:00:18.48] Delete Docker container 8a847b70051d
[testcontainers.org 00:00:18.49] Wait for Docker container d65d7f8b85b3 to complete readiness checks
[testcontainers.org 00:00:18.50] Execute "redis-cli ping" at Docker container d65d7f8b85b3
[testcontainers.org 00:00:18.56] Docker container c680b2d3efa1 created
[testcontainers.org 00:00:18.57] Start Docker container c680b2d3efa1
[testcontainers.org 00:00:18.62] Docker container d65d7f8b85b3 ready
[testcontainers.org 00:00:18.64] Stop Docker container d65d7f8b85b3
[testcontainers.org 00:00:18.85] Wait for Docker container 659d236df7d9 to complete readiness checks
[testcontainers.org 00:00:18.85] Execute "redis-cli ping" at Docker container 659d236df7d9
[testcontainers.org 00:00:19.02] Docker container 659d236df7d9 ready
[testcontainers.org 00:00:19.03] Stop Docker container 659d236df7d9
[testcontainers.org 00:00:19.09] Wait for Docker container c680b2d3efa1 to complete readiness checks
[testcontainers.org 00:00:19.10] Execute "redis-cli ping" at Docker container c680b2d3efa1
[testcontainers.org 00:00:19.25] Docker container c680b2d3efa1 ready
[testcontainers.org 00:00:19.27] Delete Docker container d65d7f8b85b3
[testcontainers.org 00:00:19.27] Stop Docker container c680b2d3efa1
[testcontainers.org 00:00:19.35] Docker container 67b98c9c374b created
[testcontainers.org 00:00:19.36] Start Docker container 67b98c9c374b
  Passed TraliVali.Tests.Auth.MagicLinkServiceTests.CreateMagicLinkAsync_ShouldCreateValidToken [6 ms]
  Passed TraliVali.Tests.Auth.TokenBlacklistServiceTests.IsTokenBlacklistedAsync_ShouldReturnFalse_ForEmptyToken [< 1 ms]
  Passed TraliVali.Tests.Auth.PresenceServiceTests.GetLastSeenAsync_ShouldReturnNull_ForEmptyUserId [1 ms]
[testcontainers.org 00:00:19.42] Delete Docker container 659d236df7d9
[testcontainers.org 00:00:19.51] Docker container e453ed9ae7a8 created
[testcontainers.org 00:00:19.52] Start Docker container e453ed9ae7a8
[testcontainers.org 00:00:19.76] Delete Docker container c680b2d3efa1
[testcontainers.org 00:00:19.87] Docker container 609cc230dd3d created
[testcontainers.org 00:00:19.87] Start Docker container 609cc230dd3d
[testcontainers.org 00:00:19.95] Wait for Docker container 67b98c9c374b to complete readiness checks
[testcontainers.org 00:00:19.96] Execute "redis-cli ping" at Docker container 67b98c9c374b
[testcontainers.org 00:00:20.02] Wait for Docker container e453ed9ae7a8 to complete readiness checks
[testcontainers.org 00:00:20.03] Execute "redis-cli ping" at Docker container e453ed9ae7a8
[testcontainers.org 00:00:20.13] Docker container 67b98c9c374b ready
[testcontainers.org 00:00:20.14] Stop Docker container 67b98c9c374b
[testcontainers.org 00:00:20.23] Docker container e453ed9ae7a8 ready
[testcontainers.org 00:00:20.25] Stop Docker container e453ed9ae7a8
[testcontainers.org 00:00:20.36] Wait for Docker container 609cc230dd3d to complete readiness checks
[testcontainers.org 00:00:20.37] Execute "redis-cli ping" at Docker container 609cc230dd3d
[testcontainers.org 00:00:20.51] Docker container 609cc230dd3d ready
[testcontainers.org 00:00:20.54] Stop Docker container 609cc230dd3d
[testcontainers.org 00:00:20.63] Delete Docker container 67b98c9c374b
[testcontainers.org 00:00:20.73] Docker container 7b0afc5eb3de created
[testcontainers.org 00:00:20.74] Start Docker container 7b0afc5eb3de
[testcontainers.org 00:00:20.78] Delete Docker container e453ed9ae7a8
[testcontainers.org 00:00:20.89] Docker container fd32014a7732 created
  Passed TraliVali.Tests.Auth.MagicLinkServiceTests.ValidateAndConsumeMagicLinkAsync_ShouldReturnNull_WhenTokenIsEmpty [< 1 ms]
  Passed TraliVali.Tests.Auth.TokenBlacklistServiceTests.IsTokenBlacklistedAsync_ShouldReturnFalse_ForWhitespaceToken [< 1 ms]
  Passed TraliVali.Tests.Auth.PresenceServiceTests.SetOfflineAsync_ShouldThrowException_WhenUserIdIsEmpty [< 1 ms]
  Passed TraliVali.Tests.Auth.MagicLinkServiceTests.CreateMagicLinkAsync_ShouldGenerateUniqueTokens [8 ms]
[testcontainers.org 00:00:20.90] Start Docker container fd32014a7732
[testcontainers.org 00:00:20.94] Delete Docker container 609cc230dd3d
[testcontainers.org 00:00:21.03] Docker container d92011e63d12 created
[testcontainers.org 00:00:21.03] Start Docker container d92011e63d12
[testcontainers.org 00:00:21.27] Wait for Docker container 7b0afc5eb3de to complete readiness checks
[testcontainers.org 00:00:21.27] Execute "redis-cli ping" at Docker container 7b0afc5eb3de
[testcontainers.org 00:00:21.38] Docker container 7b0afc5eb3de ready
[testcontainers.org 00:00:21.39] Stop Docker container 7b0afc5eb3de
[testcontainers.org 00:00:21.43] Wait for Docker container fd32014a7732 to complete readiness checks
[testcontainers.org 00:00:21.43] Execute "redis-cli ping" at Docker container fd32014a7732
[testcontainers.org 00:00:21.55] Docker container fd32014a7732 ready
[testcontainers.org 00:00:21.57] Stop Docker container fd32014a7732
[testcontainers.org 00:00:21.57] Wait for Docker container d92011e63d12 to complete readiness checks
[testcontainers.org 00:00:21.58] Execute "redis-cli ping" at Docker container d92011e63d12
[testcontainers.org 00:00:21.68] Docker container d92011e63d12 ready
[testcontainers.org 00:00:21.70] Stop Docker container d92011e63d12
[testcontainers.org 00:00:21.85] Delete Docker container 7b0afc5eb3de
[testcontainers.org 00:00:21.95] Docker container 2518ee947977 created
[testcontainers.org 00:00:21.96] Start Docker container 2518ee947977
[testcontainers.org 00:00:21.97] Delete Docker container fd32014a7732
[testcontainers.org 00:00:22.09] Delete Docker container d92011e63d12
[testcontainers.org 00:00:22.20] Docker container 87a99159b248 created
[testcontainers.org 00:00:22.21] Start Docker container 87a99159b248
[testcontainers.org 00:00:22.37] Wait for Docker container 2518ee947977 to complete readiness checks
[testcontainers.org 00:00:22.38] Execute "redis-cli ping" at Docker container 2518ee947977
  Passed TraliVali.Tests.Auth.TokenBlacklistServiceTests.BlacklistTokenAsync_ShouldHashTokens [4 ms]
  Passed TraliVali.Tests.Auth.PresenceServiceTests.GetOnlineUsersAsync_ShouldThrowException_WhenArrayIsNull [1 ms]
  Passed TraliVali.Tests.Auth.MagicLinkServiceTests.ValidateAndConsumeMagicLinkAsync_ShouldBeSingleUse [5 ms]
  Passed TraliVali.Tests.Auth.TokenBlacklistServiceTests.IsTokenBlacklistedAsync_ShouldReturnFalse_ForNonBlacklistedToken [3 ms]
[testcontainers.org 00:00:22.49] Docker container 2518ee947977 ready
[testcontainers.org 00:00:22.51] Stop Docker container 2518ee947977
[testcontainers.org 00:00:22.62] Wait for Docker container 87a99159b248 to complete readiness checks
[testcontainers.org 00:00:22.62] Execute "redis-cli ping" at Docker container 87a99159b248
[testcontainers.org 00:00:22.74] Docker container 87a99159b248 ready
[testcontainers.org 00:00:22.76] Stop Docker container 87a99159b248
[testcontainers.org 00:00:22.95] Delete Docker container 2518ee947977
[testcontainers.org 00:00:23.01] Docker container 876e7fee7af3 created
[testcontainers.org 00:00:23.01] Start Docker container 876e7fee7af3
[testcontainers.org 00:00:23.08] Delete Docker container 87a99159b248
[testcontainers.org 00:00:23.13] Docker container 91d4f9d77c55 created
[testcontainers.org 00:00:23.13] Start Docker container 91d4f9d77c55
[testcontainers.org 00:00:23.41] Wait for Docker container 876e7fee7af3 to complete readiness checks
[testcontainers.org 00:00:23.41] Execute "redis-cli ping" at Docker container 876e7fee7af3
[testcontainers.org 00:00:23.51] Docker container 876e7fee7af3 ready
[testcontainers.org 00:00:23.54] Stop Docker container 876e7fee7af3
[testcontainers.org 00:00:23.61] Wait for Docker container 91d4f9d77c55 to complete readiness checks
[testcontainers.org 00:00:23.61] Execute "redis-cli ping" at Docker container 91d4f9d77c55
[testcontainers.org 00:00:23.75] Docker container 91d4f9d77c55 ready
[testcontainers.org 00:00:23.77] Stop Docker container 91d4f9d77c55
  Passed TraliVali.Tests.Auth.PresenceServiceTests.GetLastSeenAsync_ShouldReturnNull_ForOnlineUser [5 ms]
  Passed TraliVali.Tests.Auth.TokenBlacklistServiceTests.BlacklistTokenAsync_ShouldThrowException_WhenTokenIsEmpty [< 1 ms]
[testcontainers.org 00:00:24.01] Delete Docker container 876e7fee7af3
[testcontainers.org 00:00:24.10] Docker container 198d9d07e977 created
[testcontainers.org 00:00:24.10] Start Docker container 198d9d07e977
[testcontainers.org 00:00:24.13] Delete Docker container 91d4f9d77c55
[testcontainers.org 00:00:24.22] Docker container 16f0f69c276b created
[testcontainers.org 00:00:24.23] Start Docker container 16f0f69c276b
[testcontainers.org 00:00:24.56] Wait for Docker container 198d9d07e977 to complete readiness checks
[testcontainers.org 00:00:24.57] Execute "redis-cli ping" at Docker container 198d9d07e977
[testcontainers.org 00:00:24.67] Wait for Docker container 16f0f69c276b to complete readiness checks
[testcontainers.org 00:00:24.67] Execute "redis-cli ping" at Docker container 16f0f69c276b
[testcontainers.org 00:00:24.71] Docker container 198d9d07e977 ready
[testcontainers.org 00:00:24.72] Stop Docker container 198d9d07e977
[testcontainers.org 00:00:24.81] Docker container 16f0f69c276b ready
[testcontainers.org 00:00:24.82] Stop Docker container 16f0f69c276b
[testcontainers.org 00:00:25.16] Delete Docker container 198d9d07e977
[testcontainers.org 00:00:25.25] Delete Docker container 16f0f69c276b
[testcontainers.org 00:00:25.27] Docker container 16bc15dc2b36 created
[testcontainers.org 00:00:25.27] Start Docker container 16bc15dc2b36
  Passed TraliVali.Tests.Auth.PresenceServiceTests.GetOnlineUsersAsync_ShouldSkipEmptyUserIds [16 ms]
  Passed TraliVali.Tests.Auth.TokenBlacklistServiceTests.BlacklistTokenAsync_ShouldBlacklistToken [4 ms]
  Passed TraliVali.Tests.Auth.PresenceServiceTests.SetOfflineAsync_ShouldThrowException_WhenConnectionIdIsEmpty [< 1 ms]
  Passed TraliVali.Tests.Auth.TokenBlacklistServiceTests.Constructor_ShouldThrowException_WhenRedisIsNull [< 1 ms]
[testcontainers.org 00:00:25.65] Wait for Docker container 16bc15dc2b36 to complete readiness checks
[testcontainers.org 00:00:25.66] Execute "redis-cli ping" at Docker container 16bc15dc2b36
[testcontainers.org 00:00:25.81] Docker container 16bc15dc2b36 ready
[testcontainers.org 00:00:25.83] Stop Docker container 16bc15dc2b36
[testcontainers.org 00:00:26.07] Delete Docker container 16bc15dc2b36
[testcontainers.org 00:00:26.13] Docker container c77c74ffa7b8 created
[testcontainers.org 00:00:26.14] Start Docker container c77c74ffa7b8
[testcontainers.org 00:00:26.48] Wait for Docker container c77c74ffa7b8 to complete readiness checks
[testcontainers.org 00:00:26.49] Execute "redis-cli ping" at Docker container c77c74ffa7b8
[testcontainers.org 00:00:26.58] Docker container c77c74ffa7b8 ready
[testcontainers.org 00:00:26.59] Stop Docker container c77c74ffa7b8
  Passed TraliVali.Tests.Auth.PresenceServiceTests.GetLastSeenAsync_ShouldReturnTimestamp_ForOfflineUser [14 ms]
[testcontainers.org 00:00:26.93] Delete Docker container c77c74ffa7b8
[testcontainers.org 00:00:26.98] Docker container 2b4af933981b created
[testcontainers.org 00:00:26.98] Start Docker container 2b4af933981b
[testcontainers.org 00:00:27.25] Wait for Docker container 2b4af933981b to complete readiness checks
[testcontainers.org 00:00:27.26] Execute "redis-cli ping" at Docker container 2b4af933981b
[testcontainers.org 00:00:27.35] Docker container 2b4af933981b ready
[testcontainers.org 00:00:27.37] Stop Docker container 2b4af933981b
[testcontainers.org 00:00:27.72] Delete Docker container 2b4af933981b
[testcontainers.org 00:00:27.75] Docker image mongo:6.0 created
[testcontainers.org 00:00:27.75] Docker image mongo:6.0 created
[testcontainers.org 00:00:27.75] Docker image mongo:6.0 created
[testcontainers.org 00:00:27.76] Docker image mongo:6.0 created
[testcontainers.org 00:00:27.80] Docker container 27bdac6c3025 created
[testcontainers.org 00:00:27.80] Start Docker container 27bdac6c3025
[testcontainers.org 00:00:27.81] Docker container d5bbd611e57b created
[testcontainers.org 00:00:27.82] Start Docker container d5bbd611e57b
[testcontainers.org 00:00:27.82] Docker container a6bac1f8de62 created
[testcontainers.org 00:00:27.82] Docker container 5c45e49783b5 created
[testcontainers.org 00:00:27.82] Start Docker container a6bac1f8de62
[testcontainers.org 00:00:27.83] Start Docker container 5c45e49783b5
[testcontainers.org 00:00:27.83] Docker container a89e1ee4d501 created
[testcontainers.org 00:00:27.83] Start Docker container a89e1ee4d501
[testcontainers.org 00:00:28.39] Wait for Docker container 27bdac6c3025 to complete readiness checks
  Passed TraliVali.Tests.Auth.PresenceServiceTests.GetOnlineUsersAsync_ShouldReturnEmptyDictionary_ForEmptyArray [1 ms]
  Passed TraliVali.Tests.Auth.PresenceServiceTests.SetOfflineAsync_ShouldSetLastSeenTimestamp [6 ms]
[testcontainers.org 00:00:28.40] Execute "redis-cli ping" at Docker container 27bdac6c3025
[testcontainers.org 00:00:28.46] Wait for Docker container a6bac1f8de62 to complete readiness checks
[testcontainers.org 00:00:28.54] Wait for Docker container d5bbd611e57b to complete readiness checks
[testcontainers.org 00:00:28.55] Wait for Docker container 5c45e49783b5 to complete readiness checks
[testcontainers.org 00:00:28.58] Docker container 27bdac6c3025 ready
[testcontainers.org 00:00:28.60] Wait for Docker container a89e1ee4d501 to complete readiness checks
[testcontainers.org 00:00:28.62] Stop Docker container 27bdac6c3025
[testcontainers.org 00:00:29.19] Delete Docker container 27bdac6c3025
[testcontainers.org 00:00:29.32] Docker container 628d9b329810 created
[testcontainers.org 00:00:29.32] Start Docker container 628d9b329810
  Passed TraliVali.Tests.Auth.PresenceServiceTests.PresenceTracking_ShouldHandleComplexScenario [27 ms]
[testcontainers.org 00:00:30.05] Docker image mongo:7 created
[testcontainers.org 00:00:30.07] Docker image mongo:7 created
[testcontainers.org 00:00:30.07] Docker image mongo:7 created
[testcontainers.org 00:00:30.08] Docker image mongo:7 created
[testcontainers.org 00:00:30.08] Docker image mongo:7 created
[testcontainers.org 00:00:30.08] Docker image mongo:7 created
[testcontainers.org 00:00:30.11] Docker image mongo:7 created
[testcontainers.org 00:00:30.14] Docker image mongo:7 created
[testcontainers.org 00:00:30.14] Docker image mongo:7 created
[testcontainers.org 00:00:30.16] Docker image mongo:7 created
[testcontainers.org 00:00:30.28] Docker container da079896e9ac created
[testcontainers.org 00:00:30.28] Docker container faca6e15cedc created
[testcontainers.org 00:00:30.30] Start Docker container da079896e9ac
[testcontainers.org 00:00:30.30] Start Docker container faca6e15cedc
[testcontainers.org 00:00:30.36] Docker container 53d01e04631a created
[testcontainers.org 00:00:30.38] Docker container bcc6b4abd9ba created
[testcontainers.org 00:00:30.39] Start Docker container 53d01e04631a
[testcontainers.org 00:00:30.40] Docker container 02db8350233e created
[testcontainers.org 00:00:30.41] Start Docker container bcc6b4abd9ba
[testcontainers.org 00:00:30.43] Start Docker container 02db8350233e
[testcontainers.org 00:00:30.44] Docker container f39299ed10b3 created
[testcontainers.org 00:00:30.46] Docker container 08971ff08045 created
[testcontainers.org 00:00:30.46] Start Docker container f39299ed10b3
[testcontainers.org 00:00:30.46] Wait for Docker container 628d9b329810 to complete readiness checks
[testcontainers.org 00:00:30.47] Start Docker container 08971ff08045
[testcontainers.org 00:00:30.47] Docker container dc235615591c created
[testcontainers.org 00:00:30.47] Execute "redis-cli ping" at Docker container 628d9b329810
[testcontainers.org 00:00:30.49] Start Docker container dc235615591c
[testcontainers.org 00:00:30.49] Docker container 29aca40143ff created
[testcontainers.org 00:00:30.50] Docker container 715e1e1e44eb created
[testcontainers.org 00:00:30.52] Start Docker container 29aca40143ff
[testcontainers.org 00:00:30.53] Start Docker container 715e1e1e44eb
[testcontainers.org 00:00:30.80] Docker container 628d9b329810 ready
[testcontainers.org 00:00:30.85] Stop Docker container 628d9b329810
[testcontainers.org 00:00:31.66] Wait for Docker container da079896e9ac to complete readiness checks
[testcontainers.org 00:00:31.83] Wait for Docker container faca6e15cedc to complete readiness checks
[testcontainers.org 00:00:31.86] Docker container aa0252920841 ready
[testcontainers.org 00:00:31.88] Docker container a7a83cdf54ed ready
[testcontainers.org 00:00:31.88] Docker container 9a8bb93bf931 ready
info: TraliVali.Infrastructure.Messaging.RabbitMqService[0]
      Initializing RabbitMQ connection to 127.0.0.1:32783
info: TraliVali.Infrastructure.Messaging.RabbitMqService[0]
      Initializing RabbitMQ connection to 127.0.0.1:32782
info: TraliVali.Infrastructure.Messaging.RabbitMqService[0]
      Initializing RabbitMQ connection to 127.0.0.1:32784
info: TraliVali.Infrastructure.Messaging.RabbitMqService[0]
      Created exchange: tralivali.messages
info: TraliVali.Infrastructure.Messaging.RabbitMqService[0]
      Created exchange: tralivali.messages
[testcontainers.org 00:00:32.17] Wait for Docker container f39299ed10b3 to complete readiness checks
info: TraliVali.Infrastructure.Messaging.RabbitMqService[0]
      Created exchange: tralivali.messages
info: TraliVali.Infrastructure.Messaging.RabbitMqService[0]
      Created and bound queue: messages.process
info: TraliVali.Infrastructure.Messaging.RabbitMqService[0]
      Created and bound queue: messages.process
info: TraliVali.Infrastructure.Messaging.RabbitMqService[0]
      Created and bound queue: files.process
info: TraliVali.Infrastructure.Messaging.RabbitMqService[0]
      Created and bound queue: files.process
info: TraliVali.Infrastructure.Messaging.RabbitMqService[0]
      Created and bound queue: messages.process
info: TraliVali.Infrastructure.Messaging.RabbitMqService[0]
      Created and bound queue: archival.process
info: TraliVali.Infrastructure.Messaging.RabbitMqService[0]
      Created and bound queue: archival.process
info: TraliVali.Infrastructure.Messaging.RabbitMqService[0]
      Created and bound queue: files.process
info: TraliVali.Infrastructure.Messaging.RabbitMqService[0]
      Created and bound queue: backup.process
info: TraliVali.Infrastructure.Messaging.RabbitMqService[0]
      Created and bound queue: backup.process
info: TraliVali.Infrastructure.Messaging.RabbitMqService[0]
      Created and bound queue: messages.process.deadletter
info: TraliVali.Infrastructure.Messaging.RabbitMqService[0]
      RabbitMQ initialization completed successfully
info: TraliVali.Infrastructure.Messaging.RabbitMqService[0]
      Created and bound queue: archival.process
info: TraliVali.Infrastructure.Messaging.RabbitMqService[0]
      Started consuming from queue: messages.process
info: TraliVali.Infrastructure.Messaging.RabbitMqService[0]
      Created and bound queue: messages.process.deadletter
info: TraliVali.Infrastructure.Messaging.RabbitMqService[0]
      RabbitMQ initialization completed successfully
info: TraliVali.Infrastructure.Messaging.RabbitMqService[0]
      Started consuming from queue: files.process
info: TraliVali.Infrastructure.Messaging.RabbitMqService[0]
      Started consuming from queue: archival.process
info: TraliVali.Infrastructure.Messaging.RabbitMqService[0]
      Started consuming from queue: files.process
info: TraliVali.Infrastructure.Messaging.RabbitMqService[0]
      Created and bound queue: backup.process
info: TraliVali.Infrastructure.Messaging.RabbitMqService[0]
      Stopped consuming messages
info: TraliVali.Infrastructure.Messaging.RabbitMqService[0]
      Stopped consuming messages
info: TraliVali.Infrastructure.Messaging.RabbitMqService[0]
      Started consuming from queue: messages.process
info: TraliVali.Infrastructure.Messaging.RabbitMqService[0]
      Stopped consuming messages
info: TraliVali.Infrastructure.Messaging.RabbitMqService[0]
      Started consuming from queue: messages.process.deadletter
info: TraliVali.Infrastructure.Messaging.RabbitMqService[0]
      Created and bound queue: messages.process.deadletter
info: TraliVali.Infrastructure.Messaging.RabbitMqService[0]
      RabbitMQ initialization completed successfully
info: TraliVali.Infrastructure.Messaging.RabbitMqService[0]
      Started consuming from queue: messages.process.deadletter
info: TraliVali.Infrastructure.Messaging.RabbitMqService[0]
      Stopped consuming messages
info: TraliVali.Infrastructure.Messaging.RabbitMqService[0]
      Started consuming from queue: backup.process
  Passed TraliVali.Tests.Messaging.RabbitMqServiceTests.GetQueueNames_ShouldReturnAllQueueNames [< 1 ms]
  Passed TraliVali.Tests.Messaging.RabbitMqServiceTests.StartConsumingAsync_ShouldConsumeMessages [38 ms]
  Passed TraliVali.Tests.Messaging.RabbitMqServiceTests.StopConsuming_ShouldStopConsumingMessages [< 1 ms]
  Passed TraliVali.Tests.Workers.WorkerRabbitMqIntegrationTests.WorkerQueues_ShouldSupportMultipleQueueTypes [75 ms]
  Passed TraliVali.Tests.Workers.WorkerRabbitMqIntegrationTests.MessageQueue_ShouldSupportWorkerConsumptionPattern [11 ms]
  Passed TraliVali.Tests.Workers.WorkerRabbitMqIntegrationTests.DeadLetterQueue_ShouldHandleWorkerFailureScenario [77 ms]
  Passed TraliVali.Tests.Messaging.RabbitMqDeadLetterQueueTests.DeadLetterQueue_ShouldPreserveMessageContent [95 ms]
info: TraliVali.Infrastructure.Messaging.RabbitMqService[0]
      Stopped consuming messages
info: TraliVali.Infrastructure.Messaging.RabbitMqService[0]
      Stopped consuming messages
info: TraliVali.Infrastructure.Messaging.RabbitMqService[0]
      Initializing RabbitMQ connection to 127.0.0.1:32783
info: TraliVali.Infrastructure.Messaging.RabbitMqService[0]
      Created exchange: tralivali.messages
[testcontainers.org 00:00:32.59] Stop Docker container 9a8bb93bf931
info: TraliVali.Infrastructure.Messaging.RabbitMqService[0]
      Created and bound queue: messages.process
info: TraliVali.Infrastructure.Messaging.RabbitMqService[0]
      Created and bound queue: files.process
info: TraliVali.Infrastructure.Messaging.RabbitMqService[0]
      Created and bound queue: archival.process
info: TraliVali.Infrastructure.Messaging.RabbitMqService[0]
      Created and bound queue: backup.process
info: TraliVali.Infrastructure.Messaging.RabbitMqService[0]
      Created and bound queue: messages.process.deadletter
info: TraliVali.Infrastructure.Messaging.RabbitMqService[0]
      RabbitMQ initialization completed successfully
info: TraliVali.Infrastructure.Messaging.RabbitMqService[0]
      Started consuming from queue: messages.process.deadletter
info: TraliVali.Infrastructure.Messaging.RabbitMqService[0]
      Stopped consuming messages
[testcontainers.org 00:00:32.74] Wait for Docker container bcc6b4abd9ba to complete readiness checks
info: TraliVali.Infrastructure.Messaging.RabbitMqService[0]
      Started consuming from queue: messages.process.deadletter
info: TraliVali.Infrastructure.Messaging.RabbitMqService[0]
      Stopped consuming messages
info: TraliVali.Infrastructure.Messaging.RabbitMqService[0]
      Started consuming from queue: messages.process.deadletter
info: TraliVali.Infrastructure.Messaging.RabbitMqService[0]
      Stopped consuming messages
info: TraliVali.Infrastructure.Messaging.RabbitMqService[0]
      Started consuming from queue: messages.process.deadletter
info: TraliVali.Infrastructure.Messaging.RabbitMqService[0]
      Stopped consuming messages
[testcontainers.org 00:00:33.18] Wait for Docker container 715e1e1e44eb to complete readiness checks
[testcontainers.org 00:00:33.21] Stop Docker container aa0252920841
[testcontainers.org 00:00:33.38] Wait for Docker container 29aca40143ff to complete readiness checks
[testcontainers.org 00:00:33.53] Wait for Docker container 53d01e04631a to complete readiness checks
[testcontainers.org 00:00:33.71] Wait for Docker container 02db8350233e to complete readiness checks
[testcontainers.org 00:00:33.78] Wait for Docker container dc235615591c to complete readiness checks
  Passed TraliVali.Tests.Workers.WorkerRabbitMqIntegrationTests.WorkerQueue_ShouldMaintainMessageOrder [39 ms]
  Passed TraliVali.Tests.Messaging.RabbitMqServiceTests.InitializeAsync_ShouldCreateExchangeAndQueues [148 ms]
  Passed TraliVali.Tests.Messaging.RabbitMqServiceTests.StartConsumingAsync_ShouldThrowException_WhenCallbackIsNull [< 1 ms]
  Passed TraliVali.Tests.Messaging.RabbitMqDeadLetterQueueTests.DeadLetterQueue_ShouldSupportConcurrentConsumption [118 ms]
  Passed TraliVali.Tests.Messaging.RabbitMqDeadLetterQueueTests.DeadLetterQueue_ShouldPersistMessagesWhenNoConsumer [510 ms]
  Passed TraliVali.Tests.Messaging.RabbitMqDeadLetterQueueTests.DeadLetterQueue_ShouldHandleMultipleFailedMessages [12 ms]
  Passed TraliVali.Tests.Messaging.RabbitMqDeadLetterQueueTests.DeadLetterQueue_ShouldReceiveMessages [16 ms]
[testcontainers.org 00:00:34.04] Wait for Docker container 08971ff08045 to complete readiness checks
[testcontainers.org 00:00:34.09] Delete Docker container 628d9b329810
[testcontainers.org 00:00:34.21] Docker container 76d32abc1665 created
[testcontainers.org 00:00:34.21] Start Docker container 76d32abc1665
[testcontainers.org 00:00:35.27] Docker image mcr.microsoft.com/azure-storage/azurite:latest created
[testcontainers.org 00:00:35.28] Docker image mcr.microsoft.com/azure-storage/azurite:latest created
[testcontainers.org 00:00:35.29] Wait for Docker container 76d32abc1665 to complete readiness checks
[testcontainers.org 00:00:35.32] Execute "redis-cli ping" at Docker container 76d32abc1665
[testcontainers.org 00:00:35.38] Docker container 67bba04dcc86 created
[testcontainers.org 00:00:35.39] Start Docker container 67bba04dcc86
[testcontainers.org 00:00:35.43] Docker container d6600d98b433 created
[testcontainers.org 00:00:35.44] Start Docker container d6600d98b433
  Passed TraliVali.Tests.Auth.PresenceServiceTests.GetOnlineUsersAsync_ShouldReturnCorrectStatus_ForMultipleUsers [27 ms]
[testcontainers.org 00:00:35.63] Docker container 76d32abc1665 ready
[testcontainers.org 00:00:35.67] Stop Docker container 76d32abc1665
[testcontainers.org 00:00:36.81] Docker container a6bac1f8de62 ready
[testcontainers.org 00:00:36.89] Docker container d5bbd611e57b ready
[testcontainers.org 00:00:36.99] Docker container 5c45e49783b5 ready
[testcontainers.org 00:00:37.53] Delete Docker container 76d32abc1665
  Passed TraliVali.Tests.Auth.PresenceServiceTests.SetOfflineAsync_ShouldMarkUserAsOffline [9 ms]
[testcontainers.org 00:00:37.88] Docker container 613ab5434806 created
[testcontainers.org 00:00:37.91] Start Docker container 613ab5434806
[testcontainers.org 00:00:37.99] Docker container ad266faff5df created
[testcontainers.org 00:00:38.02] Stop Docker container a6bac1f8de62
[testcontainers.org 00:00:38.03] Start Docker container ad266faff5df
[testcontainers.org 00:00:38.06] Stop Docker container 5c45e49783b5
[testcontainers.org 00:00:38.21] Docker container a89e1ee4d501 ready
[testcontainers.org 00:00:38.50] Stop Docker container a89e1ee4d501
[testcontainers.org 00:00:38.66] Wait for Docker container 67bba04dcc86 to complete readiness checks
[testcontainers.org 00:00:38.78] Wait for Docker container d6600d98b433 to complete readiness checks
[testcontainers.org 00:00:39.77] Wait for Docker container 613ab5434806 to complete readiness checks
[testcontainers.org 00:00:39.79] Execute "redis-cli ping" at Docker container 613ab5434806
[testcontainers.org 00:00:39.89] Delete Docker container a6bac1f8de62
  Passed TraliVali.Tests.Auth.InviteServiceTests.ValidateInviteAsync_ShouldReturnNull_WhenTokenIsAlreadyUsed [304 ms]
[testcontainers.org 00:00:40.41] Docker container 14c63b365809 created
[testcontainers.org 00:00:40.43] Start Docker container 14c63b365809
[testcontainers.org 00:00:40.44] Docker container 613ab5434806 ready
[testcontainers.org 00:00:40.47] Stop Docker container 613ab5434806
[testcontainers.org 00:00:40.55] Delete Docker container 5c45e49783b5
[testcontainers.org 00:00:41.08] Delete Docker container a89e1ee4d501
[testcontainers.org 00:00:41.41] Delete Docker container 9a8bb93bf931
[testcontainers.org 00:00:41.46] Docker container faca6e15cedc ready
[testcontainers.org 00:00:41.47] Docker container 9c8a895b03e0 created
[testcontainers.org 00:00:41.48] Start Docker container 9c8a895b03e0
[testcontainers.org 00:00:41.58] Wait for Docker container ad266faff5df to complete readiness checks
  Passed TraliVali.Tests.Auth.ArchiveServiceTests.ExportConversationMessagesAsync_ShouldFallbackToPlainContentWhenDecryptionFails [368 ms]
  Passed TraliVali.Tests.Auth.ConversationServiceTests.GetUserConversationsAsync_ShouldReturnEmpty_WhenUserHasNoConversations [17 ms]
[testcontainers.org 00:00:41.71] Docker container e271312be27b created
[testcontainers.org 00:00:41.76] Start Docker container e271312be27b
[testcontainers.org 00:00:42.23] Delete Docker container 613ab5434806
[testcontainers.org 00:00:42.29] Delete Docker container aa0252920841
[testcontainers.org 00:00:42.42] Wait for Docker container 14c63b365809 to complete readiness checks
[testcontainers.org 00:00:42.99] Stop Docker container faca6e15cedc
[testcontainers.org 00:00:43.00] Wait for Docker container 9c8a895b03e0 to complete readiness checks
[testcontainers.org 00:00:43.13] Wait for Docker container e271312be27b to complete readiness checks
  Passed TraliVali.Tests.Repositories.InviteRepositoryTests.UpdateAsync_ShouldMarkInviteAsUsed [368 ms]
  Passed TraliVali.Tests.Auth.PresenceServiceTests.SetOnlineAsync_ShouldThrowException_WhenUserIdIsEmpty [< 1 ms]
  Passed TraliVali.Tests.Repositories.InviteRepositoryTests.FindAsync_ShouldFindUnusedInvites [277 ms]
  Passed TraliVali.Tests.Repositories.InviteRepositoryTests.AddAsync_ShouldAddInvite [238 ms]
  Passed TraliVali.Tests.Repositories.InviteRepositoryTests.FindAsync_ShouldFindInviteByToken [233 ms]
[testcontainers.org 00:00:43.29] Docker container da079896e9ac ready
[testcontainers.org 00:00:43.48] Docker container bcc6b4abd9ba ready
[testcontainers.org 00:00:43.81] Docker container f39299ed10b3 ready
[testcontainers.org 00:00:44.20] Docker container 29aca40143ff ready
[testcontainers.org 00:00:44.35] Delete Docker container faca6e15cedc
  Passed TraliVali.Tests.Repositories.UserKeyBackupRepositoryTests.DeleteAsync_ShouldDeleteUserKeyBackup [238 ms]
  Passed TraliVali.Tests.Repositories.FileRepositoryTests.FindAsync_ShouldFindFilesByUploader [300 ms]
  Passed TraliVali.Tests.Repositories.UserKeyBackupRepositoryTests.AddAsync_ShouldAddUserKeyBackup [176 ms]
  Passed TraliVali.Tests.Repositories.FileRepositoryTests.FindAsync_ShouldFindNonDeletedFiles [319 ms]
  Passed TraliVali.Tests.Repositories.UserKeyBackupRepositoryTests.GetByIdAsync_ShouldReturnNull_WhenBackupDoesNotExist [420 ms]
  Passed TraliVali.Tests.Repositories.MessageRepositoryTests.FindAsync_ShouldFindMessagesByConversationId [364 ms]
[testcontainers.org 00:00:44.87] Stop Docker container bcc6b4abd9ba
[testcontainers.org 00:00:44.98] Stop Docker container f39299ed10b3
  Passed TraliVali.Tests.Repositories.FileRepositoryTests.AddAsync_ShouldAddFile [264 ms]
  Passed TraliVali.Tests.Repositories.UserKeyBackupRepositoryTests.GetByIdAsync_ShouldReturnUserKeyBackup_WhenBackupExists [246 ms]
  Passed TraliVali.Tests.Repositories.MessageRepositoryTests.AddAsync_ShouldAddMessage [224 ms]
  Passed TraliVali.Tests.Repositories.ConversationRepositoryTests.AddAsync_ShouldAddConversation [229 ms]
  Passed TraliVali.Tests.Repositories.FileRepositoryTests.UpdateAsync_ShouldMarkFileAsDeleted [179 ms]
  Passed TraliVali.Tests.Repositories.MessageRepositoryTests.DeleteAsync_ShouldDeleteMessage [188 ms]
  Passed TraliVali.Tests.Repositories.UserKeyBackupRepositoryTests.FindAsync_ShouldReturnMatchingUserKeyBackups [208 ms]
  Passed TraliVali.Tests.Repositories.ConversationRepositoryTests.FindAsync_ShouldFindConversationsByParticipant [286 ms]
[testcontainers.org 00:00:45.27] Docker container dc235615591c ready
[testcontainers.org 00:00:45.36] Docker container 02db8350233e ready
[testcontainers.org 00:00:45.37] Stop Docker container 29aca40143ff
[testcontainers.org 00:00:45.62] Docker container 08971ff08045 ready
[testcontainers.org 00:00:45.74] Docker container 715e1e1e44eb ready
[testcontainers.org 00:00:46.02] Delete Docker container bcc6b4abd9ba
  Passed TraliVali.Tests.Repositories.UserKeyBackupRepositoryTests.CountAsync_ShouldReturnTotalCount_WhenNoPredicateProvided [249 ms]
  Passed TraliVali.Tests.Repositories.ConversationRepositoryTests.UpdateAsync_ShouldUpdateConversation [267 ms]
  Passed TraliVali.Tests.Repositories.UserKeyBackupRepositoryTests.CountAsync_ShouldReturnMatchingCount_WhenPredicateProvided [249 ms]
  Passed TraliVali.Tests.Repositories.UserKeyBackupRepositoryTests.UpdateAsync_ShouldReturnFalse_WhenBackupDoesNotExist [234 ms]
  Passed TraliVali.Tests.Repositories.BackupRepositoryTests.FindAsync_ShouldFindCompletedBackups [395 ms]
  Passed TraliVali.Tests.Repositories.UserKeyBackupRepositoryTests.DeleteAsync_ShouldReturnFalse_WhenBackupDoesNotExist [320 ms]
[testcontainers.org 00:00:46.08] Docker container 67bba04dcc86 ready
[testcontainers.org 00:00:46.12] Docker container d6600d98b433 ready
[testcontainers.org 00:00:46.27] Docker container 53d01e04631a ready
[testcontainers.org 00:00:46.37] Stop Docker container d6600d98b433
[testcontainers.org 00:00:46.48] Delete Docker container 29aca40143ff
[testcontainers.org 00:00:46.48] Delete Docker container f39299ed10b3
  Passed TraliVali.Tests.Repositories.RepositoryConcurrencyTests.ConcurrentUpdate_ShouldHandleRaceCondition [483 ms]
  Passed TraliVali.Tests.Repositories.UserRepositoryTests.DeleteAsync_ShouldReturnFalse_WhenUserDoesNotExist [264 ms]
  Passed TraliVali.Tests.Repositories.BackupRepositoryTests.UpdateAsync_ShouldSetErrorMessage_WhenBackupFails [316 ms]
  Passed TraliVali.Tests.Repositories.UserKeyBackupRepositoryTests.GetAllAsync_ShouldReturnAllUserKeyBackups [398 ms]
  Passed TraliVali.Tests.Repositories.MongoRepositoryErrorHandlingTests.UpdateAsync_ShouldThrowArgumentNullException_WhenEntityIsNull [439 ms]
info: TraliVali.Infrastructure.Messaging.RabbitMqService[0]
      Started consuming from queue: messages.process
info: TraliVali.Infrastructure.Messaging.RabbitMqService[0]
      Stopped consuming messages
  Passed TraliVali.Tests.Messaging.RabbitMqServiceTests.InitializeAsync_WithInvalidConfiguration_ShouldRetryAndFail [14 s]
  Passed TraliVali.Tests.Messaging.RabbitMqServiceTests.PublishAsync_ShouldPublishMessageToQueue [31 ms]
  Passed TraliVali.Tests.Messaging.RabbitMqServiceTests.StartConsumingAsync_ShouldThrowException_WhenQueueNameIsNull [1 ms]
  Passed TraliVali.Tests.Messaging.RabbitMqServiceTests.PublishAsync_ShouldThrowException_WhenRoutingKeyIsNull [1 ms]
  Passed TraliVali.Tests.Messaging.RabbitMqServiceTests.PublishAsync_ShouldThrowException_WhenMessageIsNull [< 1 ms]
  Passed TraliVali.Tests.Repositories.UserRepositoryTests.CountAsync_ShouldReturnMatchingCount_WhenPredicateProvided [394 ms]
  Passed TraliVali.Tests.Repositories.BackupRepositoryTests.AddAsync_ShouldAddBackup [387 ms]
[testcontainers.org 00:00:46.77] Stop Docker container da079896e9ac
[testcontainers.org 00:00:46.83] Stop Docker container a7a83cdf54ed
[testcontainers.org 00:00:46.84] Docker container ad266faff5df ready
[testcontainers.org 00:00:46.86] Stop Docker container 67bba04dcc86
  Passed TraliVali.Tests.Repositories.UserKeyBackupRepositoryTests.UpdateAsync_ShouldUpdateUserKeyBackup [309 ms]
  Passed TraliVali.Tests.Repositories.MongoRepositoryErrorHandlingTests.UpdateAsync_ShouldReturnFalse_WhenIdIsEmpty [242 ms]
  Passed TraliVali.Tests.Messaging.RabbitMqServiceTests.PublishAsync_ToMultipleQueues_ShouldRouteCorrectly [192 ms]
  Passed TraliVali.Tests.Repositories.RepositoryConcurrencyTests.ConcurrentFind_ShouldReturnConsistentResults [632 ms]
  Passed TraliVali.Tests.Repositories.UserRepositoryTests.GetAllAsync_ShouldReturnAllUsers [231 ms]
  Passed TraliVali.Tests.Repositories.MongoDbIndexTests.CreateIndexesAsync_ShouldCreateConversationParticipantIndex [304 ms]
  Passed TraliVali.Tests.Repositories.BackupRepositoryTests.FindAsync_ShouldFindBackupsByType [272 ms]
  Passed TraliVali.Tests.Repositories.MongoRepositoryErrorHandlingTests.GetByIdAsync_ShouldReturnNull_WhenIdIsWhitespace [212 ms]
  Passed TraliVali.Tests.Repositories.RepositoryConcurrencyTests.ConcurrentTransactionalOperations_ShouldMaintainConsistency [303 ms]
  Passed TraliVali.Tests.Repositories.UserRepositoryTests.DeleteAsync_ShouldDeleteUser [208 ms]
  Passed TraliVali.Tests.Repositories.MongoDbIndexTests.CreateIndexesAsync_ShouldCreateUserKeyBackupUserIdIndex [230 ms]
[testcontainers.org 00:00:47.27] Stop Docker container dc235615591c
[testcontainers.org 00:00:47.44] Stop Docker container d5bbd611e57b
  Passed TraliVali.Tests.Repositories.MongoRepositoryErrorHandlingTests.AddAsync_ShouldThrowArgumentNullException_WhenEntityIsNull [199 ms]
  Passed TraliVali.Tests.Repositories.BackupRepositoryTests.UpdateAsync_ShouldUpdateBackupStatus [280 ms]
  Passed TraliVali.Tests.Repositories.UserRepositoryTests.UpdateAsync_ShouldUpdateUser [215 ms]
  Passed TraliVali.Tests.Repositories.MongoRepositoryErrorHandlingTests.DeleteAsync_ShouldReturnFalse_WhenIdIsEmpty [172 ms]
  Passed TraliVali.Tests.Repositories.MongoDbIndexTests.UserKeyBackupUserIdIndex_ShouldBeUnique [243 ms]
  Passed TraliVali.Tests.Repositories.RepositoryConcurrencyTests.ConcurrentRead_ShouldReturnSameUser [372 ms]
[testcontainers.org 00:00:47.66] Delete Docker container da079896e9ac
  Passed TraliVali.Tests.Repositories.MongoRepositoryErrorHandlingTests.DeleteAsync_ShouldReturnFalse_WhenIdIsInvalid [210 ms]
  Passed TraliVali.Tests.Repositories.UserRepositoryTests.GetByIdAsync_ShouldReturnUser_WhenUserExists [267 ms]
  Passed TraliVali.Tests.Repositories.MongoDbIndexTests.CreateIndexesAsync_ShouldCreateMessageConversationIdAndCreatedAtIndex [193 ms]
  Passed TraliVali.Tests.Repositories.MongoRepositoryErrorHandlingTests.GetByIdAsync_ShouldReturnNull_WhenIdIsInvalid [241 ms]
  Passed TraliVali.Tests.Repositories.RepositoryConcurrencyTests.ConcurrentAdd_ShouldAddAllUsers [347 ms]
  Passed TraliVali.Tests.Repositories.UserRepositoryTests.AddAsync_ShouldAddUser [251 ms]
[testcontainers.org 00:00:48.02] Delete Docker container dc235615591c
[testcontainers.org 00:00:48.23] Delete Docker container d5bbd611e57b
[testcontainers.org 00:00:48.27] Stop Docker container 715e1e1e44eb
  Passed TraliVali.Tests.Repositories.MongoDbIndexTests.CreateIndexesAsync_ShouldCreateInviteTtlIndex [226 ms]
  Passed TraliVali.Tests.Repositories.MongoRepositoryErrorHandlingTests.UpdateAsync_ShouldReturnFalse_WhenIdIsInvalid [204 ms]
  Passed TraliVali.Tests.Repositories.RepositoryConcurrencyTests.ConcurrentDelete_ShouldHandleMultipleDeletes [230 ms]
  Passed TraliVali.Tests.Repositories.MongoDbIndexTests.CreateIndexesAsync_ShouldCreateUserEmailIndex [210 ms]
  Passed TraliVali.Tests.Repositories.UserRepositoryTests.FindAsync_ShouldReturnMatchingUsers [238 ms]
  Passed TraliVali.Tests.Repositories.MongoRepositoryErrorHandlingTests.GetByIdAsync_ShouldReturnNull_WhenIdIsEmpty [239 ms]
  Passed TraliVali.Tests.Repositories.MongoDbIndexTests.CreateIndexesAsync_ShouldCreateInviteTokenIndex [241 ms]
[testcontainers.org 00:00:48.33] Stop Docker container ad266faff5df
[testcontainers.org 00:00:48.65] Stop Docker container 08971ff08045
[testcontainers.org 00:00:48.65] Stop Docker container 53d01e04631a
[testcontainers.org 00:00:48.79] Delete Docker container 67bba04dcc86
  Passed TraliVali.Tests.Repositories.UserRepositoryTests.GetByIdAsync_ShouldReturnNull_WhenUserDoesNotExist [232 ms]
  Passed TraliVali.Tests.Repositories.RepositoryConcurrencyTests.ConcurrentCount_ShouldReturnConsistentCount [402 ms]
  Passed TraliVali.Tests.Repositories.UserRepositoryTests.CountAsync_ShouldReturnTotalCount_WhenNoPredicateProvided [198 ms]
  Passed TraliVali.Tests.Repositories.MongoDbIndexTests.InviteTokenIndex_ShouldBeUnique [216 ms]
  Passed TraliVali.Tests.Repositories.UserRepositoryTests.UpdateAsync_ShouldReturnFalse_WhenUserDoesNotExist [122 ms]
  Passed TraliVali.Tests.Repositories.MongoDbIndexTests.UserEmailIndex_ShouldBeUnique [123 ms]
  Passed TraliVali.Tests.Repositories.RepositoryConcurrencyTests.ConcurrentMixedOperations_ShouldMaintainDataIntegrity [270 ms]
  Passed TraliVali.Tests.Workers.BackupRotationIntegrationTests.BackupRotation_ShouldParseCorrectDateFromBlobPath [492 ms]
[testcontainers.org 00:00:48.81] Delete Docker container 715e1e1e44eb
[testcontainers.org 00:00:48.90] Docker container d12c33aed5c9 created
[testcontainers.org 00:00:48.91] Start Docker container d12c33aed5c9
[testcontainers.org 00:00:48.93] Delete Docker container d6600d98b433
[testcontainers.org 00:00:48.97] Docker container e91d9a59e1ee created
[testcontainers.org 00:00:48.97] Start Docker container e91d9a59e1ee
[testcontainers.org 00:00:49.09] Stop Docker container 02db8350233e
[testcontainers.org 00:00:49.12] Delete Docker container 08971ff08045
[testcontainers.org 00:00:49.18] Delete Docker container 53d01e04631a
[testcontainers.org 00:00:49.33] Wait for Docker container d12c33aed5c9 to complete readiness checks
[testcontainers.org 00:00:49.37] Wait for Docker container e91d9a59e1ee to complete readiness checks
[testcontainers.org 00:00:49.42] Delete Docker container 02db8350233e
  Passed TraliVali.Tests.Repositories.RepositoryConcurrencyTests.ConcurrentAddWithUniqueConstraint_ShouldHandleDuplicates [173 ms]
  Passed TraliVali.Tests.Infrastructure.Storage.AzureBlobServiceTests.DownloadArchiveAsync_ShouldThrowArgumentException_WhenPathIsEmpty [4 ms]
  Passed TraliVali.Tests.Repositories.RepositoryConcurrencyTests.ConcurrentOperationsOnDifferentRepositories_ShouldSucceed [183 ms]
[testcontainers.org 00:00:50.33] Delete Docker container ad266faff5df
[testcontainers.org 00:00:50.40] Docker container f4d47cd9b9b4 created
[testcontainers.org 00:00:50.41] Start Docker container f4d47cd9b9b4
[testcontainers.org 00:00:50.61] Docker container 14c63b365809 ready
[testcontainers.org 00:00:50.79] Wait for Docker container f4d47cd9b9b4 to complete readiness checks
[testcontainers.org 00:00:50.79] Stop Docker container 14c63b365809
[testcontainers.org 00:00:51.02] Delete Docker container 14c63b365809
[testcontainers.org 00:00:51.08] Docker container 2c98c239e73e created
[testcontainers.org 00:00:51.09] Start Docker container 2c98c239e73e
[testcontainers.org 00:00:51.23] Docker container 9c8a895b03e0 ready
[testcontainers.org 00:00:51.38] Docker container d12c33aed5c9 ready
[testcontainers.org 00:00:51.39] Wait for Docker container 2c98c239e73e to complete readiness checks
[testcontainers.org 00:00:51.40] Docker container e271312be27b ready
[testcontainers.org 00:00:51.45] Stop Docker container 9c8a895b03e0
[testcontainers.org 00:00:51.52] Stop Docker container d12c33aed5c9
[testcontainers.org 00:00:51.60] Stop Docker container e271312be27b
[testcontainers.org 00:00:51.76] Delete Docker container 9c8a895b03e0
  Passed TraliVali.Tests.Auth.BackupServiceTests.TriggerBackupAsync_ShouldBackupMultipleCollections [577 ms]
  Passed TraliVali.Tests.Auth.InviteServiceTests.GenerateInviteLinkAsync_ShouldThrowException_WhenExpiryHoursIsNegative [1 ms]
  Passed TraliVali.Tests.Auth.ArchiveServiceTests.Constructor_ShouldThrowArgumentNullException_WhenUsersIsNull [< 1 ms]
[testcontainers.org 00:00:51.84] Docker container 21687c44518c created
[testcontainers.org 00:00:51.84] Start Docker container 21687c44518c
[testcontainers.org 00:00:51.90] Delete Docker container e271312be27b
[testcontainers.org 00:00:51.96] Docker container 09ee298a38cb created
[testcontainers.org 00:00:51.96] Start Docker container 09ee298a38cb
[testcontainers.org 00:00:52.11] Wait for Docker container 21687c44518c to complete readiness checks
[testcontainers.org 00:00:52.26] Wait for Docker container 09ee298a38cb to complete readiness checks
[testcontainers.org 00:00:52.43] Docker container e91d9a59e1ee ready
[testcontainers.org 00:00:52.50] Stop Docker container e91d9a59e1ee
  Passed TraliVali.Tests.Auth.ConversationServiceTests.CreateDirectConversationAsync_ShouldReturnExistingConversation_WhenUsersAreReversed [14 ms]
[testcontainers.org 00:00:53.43] Delete Docker container a7a83cdf54ed
[testcontainers.org 00:00:54.18] Delete Docker container d12c33aed5c9
[testcontainers.org 00:00:54.20] Docker container 3ce260df9e8c created
[testcontainers.org 00:00:54.20] Start Docker container 3ce260df9e8c
[testcontainers.org 00:00:54.44] Wait for Docker container 3ce260df9e8c to complete readiness checks
[testcontainers.org 00:00:54.58] Delete Docker container e91d9a59e1ee
[testcontainers.org 00:00:54.61] Docker container d80482a121c4 created
[testcontainers.org 00:00:54.61] Start Docker container d80482a121c4
  Passed TraliVali.Tests.Workers.BackupRotationIntegrationTests.BackupRotation_ShouldKeepBackupsOnExactRetentionBoundary [53 ms]
  Passed TraliVali.Tests.Infrastructure.Storage.AzureBlobServiceTests.GenerateArchivePath_ShouldPadMonthWithZero [< 1 ms]
[testcontainers.org 00:00:54.85] Docker container f4d47cd9b9b4 ready
[testcontainers.org 00:00:54.92] Wait for Docker container d80482a121c4 to complete readiness checks
[testcontainers.org 00:00:55.04] Docker container 04786ea8a95d created
[testcontainers.org 00:00:55.05] Start Docker container 04786ea8a95d
[testcontainers.org 00:00:55.50] Docker container 2c98c239e73e ready
[testcontainers.org 00:00:55.65] Wait for Docker container 04786ea8a95d to complete readiness checks
[testcontainers.org 00:00:55.71] Stop Docker container 2c98c239e73e
[testcontainers.org 00:00:55.98] Delete Docker container 2c98c239e73e
[testcontainers.org 00:00:56.04] Docker container 6b6d8e84114a created
[testcontainers.org 00:00:56.05] Start Docker container 6b6d8e84114a
[testcontainers.org 00:00:56.17] Docker container 21687c44518c ready
  Passed TraliVali.Tests.Auth.InviteServiceTests.RedeemInviteAsync_ShouldReturnFalse_WhenTokenIsExpired [8 ms]
[testcontainers.org 00:00:56.36] Docker container 09ee298a38cb ready
[testcontainers.org 00:00:56.41] Wait for Docker container 6b6d8e84114a to complete readiness checks
[testcontainers.org 00:00:56.41] Stop Docker container 21687c44518c
[testcontainers.org 00:00:56.48] Docker container 3ce260df9e8c ready
[testcontainers.org 00:00:56.61] Stop Docker container 09ee298a38cb
[testcontainers.org 00:00:56.61] Stop Docker container 3ce260df9e8c
[testcontainers.org 00:00:56.78] Delete Docker container 21687c44518c
[testcontainers.org 00:00:56.90] Docker container 636ad0f23baa created
[testcontainers.org 00:00:56.91] Start Docker container 636ad0f23baa
[testcontainers.org 00:00:56.97] Docker container d80482a121c4 ready
[testcontainers.org 00:00:56.99] Delete Docker container 09ee298a38cb
[testcontainers.org 00:00:57.04] Stop Docker container d80482a121c4
[testcontainers.org 00:00:57.07] Docker container 3ee2b64e732f created
[testcontainers.org 00:00:57.07] Start Docker container 3ee2b64e732f
[testcontainers.org 00:00:57.24] Wait for Docker container 636ad0f23baa to complete readiness checks
[testcontainers.org 00:00:57.40] Wait for Docker container 3ee2b64e732f to complete readiness checks
[testcontainers.org 00:00:57.69] Docker container 04786ea8a95d ready
[testcontainers.org 00:00:57.70] Stop Docker container f4d47cd9b9b4
  Passed TraliVali.Tests.Auth.ArchiveServiceTests.ExportConversationMessagesAsync_ShouldThrowArgumentException_WhenStartDateIsAfterEndDate [4 ms]
  Passed TraliVali.Tests.Auth.ConversationServiceTests.RemoveMemberAsync_ShouldReturnFalse_WhenMemberDoesNotExist [12 ms]
[testcontainers.org 00:00:57.93] Delete Docker container f4d47cd9b9b4
[testcontainers.org 00:00:57.97] Stop Docker container 04786ea8a95d
[testcontainers.org 00:00:59.30] Delete Docker container 3ce260df9e8c
  Passed TraliVali.Tests.Workers.BackupRotationIntegrationTests.BackupRotation_ShouldHandleBlobsWithInvalidPathStructure [71 ms]
[testcontainers.org 00:00:59.32] Docker container e4f5ceef4216 created
[testcontainers.org 00:00:59.32] Start Docker container e4f5ceef4216
[testcontainers.org 00:00:59.50] Wait for Docker container e4f5ceef4216 to complete readiness checks
[testcontainers.org 00:00:59.94] Delete Docker container d80482a121c4
[testcontainers.org 00:00:59.98] Docker container a118d1965634 created
[testcontainers.org 00:00:59.99] Start Docker container a118d1965634
[testcontainers.org 00:01:00.29] Wait for Docker container a118d1965634 to complete readiness checks
[testcontainers.org 00:01:00.47] Docker container 6b6d8e84114a ready
[testcontainers.org 00:01:00.64] Stop Docker container 6b6d8e84114a
[testcontainers.org 00:01:00.77] Delete Docker container 04786ea8a95d
[testcontainers.org 00:01:00.80] Docker container f7f4b3496ff9 created
[testcontainers.org 00:01:00.80] Start Docker container f7f4b3496ff9
  Passed TraliVali.Tests.Infrastructure.Storage.AzureBlobServiceTests.GenerateDownloadUrl_ShouldThrowArgumentException_WhenBlobPathIsNull [1 ms]
  Passed TraliVali.Tests.Auth.BackupServiceTests.RestoreBackupAsync_ShouldReturnFalse_WhenStorageIsNotConfigured [1 ms]
[testcontainers.org 00:01:00.90] Delete Docker container 6b6d8e84114a
[testcontainers.org 00:01:00.97] Docker container 65a3c81fce39 created
[testcontainers.org 00:01:00.97] Start Docker container 65a3c81fce39
[testcontainers.org 00:01:01.10] Wait for Docker container f7f4b3496ff9 to complete readiness checks
[testcontainers.org 00:01:01.24] Wait for Docker container 65a3c81fce39 to complete readiness checks
[testcontainers.org 00:01:01.33] Docker container 636ad0f23baa ready
[testcontainers.org 00:01:01.46] Docker container 3ee2b64e732f ready
[testcontainers.org 00:01:01.47] Stop Docker container 636ad0f23baa
[testcontainers.org 00:01:01.53] Docker container e4f5ceef4216 ready
[testcontainers.org 00:01:01.63] Stop Docker container 3ee2b64e732f
[testcontainers.org 00:01:01.76] Stop Docker container e4f5ceef4216
[testcontainers.org 00:01:01.83] Delete Docker container 636ad0f23baa
[testcontainers.org 00:01:01.91] Docker container b89662562eb0 created
[testcontainers.org 00:01:01.92] Start Docker container b89662562eb0
[testcontainers.org 00:01:02.06] Delete Docker container 3ee2b64e732f
[testcontainers.org 00:01:02.18] Docker container e95dab126052 created
[testcontainers.org 00:01:02.18] Start Docker container e95dab126052
  Passed TraliVali.Tests.Auth.InviteServiceTests.ValidateInviteAsync_ShouldReturnNull_WhenTokenIsEmpty [< 1 ms]
  Passed TraliVali.Tests.Auth.ArchiveServiceTests.ExportConversationMessagesAsync_ShouldIncludeSenderNames [20 ms]
  Passed TraliVali.Tests.Auth.ConversationServiceTests.UpdateGroupMetadataAsync_ShouldUpdateBothNameAndAvatar [16 ms]
[testcontainers.org 00:01:02.33] Docker container a118d1965634 ready
[testcontainers.org 00:01:02.36] Wait for Docker container b89662562eb0 to complete readiness checks
[testcontainers.org 00:01:02.43] Stop Docker container a118d1965634
[testcontainers.org 00:01:02.51] Wait for Docker container e95dab126052 to complete readiness checks
[testcontainers.org 00:01:04.12] Delete Docker container e4f5ceef4216
  Passed TraliVali.Tests.Workers.BackupRotationIntegrationTests.BackupRotation_ShouldDeleteMultipleCollectionBackupsForSameDate [147 ms]
[testcontainers.org 00:01:04.15] Docker container a7e0a903ebcb created
[testcontainers.org 00:01:04.15] Start Docker container a7e0a903ebcb
[testcontainers.org 00:01:04.33] Wait for Docker container a7e0a903ebcb to complete readiness checks
[testcontainers.org 00:01:05.17] Delete Docker container a118d1965634
[xUnit.net 00:01:06.87]     TraliVali.Tests.Auth.BackupServiceTests.TriggerBackupAsync_ShouldHandleCancellation [FAIL]
[xUnit.net 00:01:06.87]       DotNet.Testcontainers.Containers.ContainerNotRunningException : Container f7f4b3496ff9bbcebaacee727d3e1861cc66b7f5c7f8fff1fd571667b3947566 exited with code 48.
[xUnit.net 00:01:06.87]         Stdout: 
[xUnit.net 00:01:06.87]           2026-01-31T17:43:09.796587755Z about to fork child process, waiting until server is ready for connections.
[xUnit.net 00:01:06.87]           2026-01-31T17:43:09.798564813Z forked process: 28
[xUnit.net 00:01:06.87]           2026-01-31T17:43:09.800005192Z 
[xUnit.net 00:01:06.87]           2026-01-31T17:43:09.800017425Z {"t":{"$date":"2026-01-31T17:43:09.799+00:00"},"s":"I",  "c":"CONTROL",  "id":20698,   "ctx":"-","msg":"***** SERVER RESTARTED *****"}
[xUnit.net 00:01:06.87]           2026-01-31T17:43:09.810837993Z {"t":{"$date":"2026-01-31T17:43:09.805+00:00"},"s":"I",  "c":"CONTROL",  "id":23285,   "ctx":"-","msg":"Automatically disabling TLS 1.0, to force-enable TLS 1.0 specify --sslDisabledProtocols 'none'"}
[testcontainers.org 00:01:05.22] Docker container fd73f7e8254d created
[xUnit.net 00:01:06.87]           2026-01-31T17:43:09.810857439Z {"t":{"$date":"2026-01-31T17:43:09.805+00:00"},"s":"I",  "c":"NETWORK",  "id":4915701, "ctx":"-","msg":"Initialized wire specification","attr":{"spec":{"incomingExternalClient":{"minWireVersion":0,"maxWireVersion":17},"incomingInternalClient":{"minWireVersion":0,"maxWireVersion":17},"outgoing":{"minWireVersion":6,"maxWireVersion":17},"isInternalClient":true}}}
[xUnit.net 00:01:06.87]           2026-01-31T17:43:09.810864573Z {"t":{"$date":"2026-01-31T17:43:09.808+00:00"},"s":"I",  "c":"NETWORK",  "id":4648601, "ctx":"main","msg":"Implicit TCP FastOpen unavailable. If TCP FastOpen is required, set tcpFastOpenServer, tcpFastOpenClient, and tcpFastOpenQueueSize."}
[xUnit.net 00:01:06.87]           2026-01-31T17:43:09.813138134Z {"t":{"$date":"2026-01-31T17:43:09.812+00:00"},"s":"I",  "c":"REPL",     "id":5123008, "ctx":"main","msg":"Successfully registered PrimaryOnlyService","attr":{"service":"TenantMigrationDonorService","namespace":"config.tenantMigrationDonors"}}
[xUnit.net 00:01:06.87]           2026-01-31T17:43:09.813152321Z {"t":{"$date":"2026-01-31T17:43:09.813+00:00"},"s":"I",  "c":"REPL",     "id":5123008, "ctx":"main","msg":"Successfully registered PrimaryOnlyService","attr":{"service":"TenantMigrationRecipientService","namespace":"config.tenantMigrationRecipients"}}
[xUnit.net 00:01:06.88]           2026-01-31T17:43:09.813157861Z {"t":{"$date":"2026-01-31T17:43:09.813+00:00"},"s":"I",  "c":"REPL",     "id":5123008, "ctx":"main","msg":"Successfully registered PrimaryOnlyService","attr":{"service":"ShardSplitDonorService","namespace":"config.tenantSplitDonors"}}
[xUnit.net 00:01:06.88]           2026-01-31T17:43:09.814090236Z {"t":{"$date":"2026-01-31T17:43:09.814+00:00"},"s":"I",  "c":"CONTROL",  "id":5945603, "ctx":"main","msg":"Multi threading initialized"}
[xUnit.net 00:01:06.88]           2026-01-31T17:43:09.815255081Z {"t":{"$date":"2026-01-31T17:43:09.815+00:00"},"s":"I",  "c":"CONTROL",  "id":4615611, "ctx":"initandlisten","msg":"MongoDB starting","attr":{"pid":28,"port":27017,"dbPath":"/data/db","architecture":"64-bit","host":"f7f4b3496ff9"}}
[xUnit.net 00:01:06.88]           2026-01-31T17:43:09.815354506Z {"t":{"$date":"2026-01-31T17:43:09.815+00:00"},"s":"I",  "c":"CONTROL",  "id":23403,   "ctx":"initandlisten","msg":"Build Info","attr":{"buildInfo":{"version":"6.0.27","gitVersion":"fc88ca137231d7457aed6265d4f32a361ae71716","openSSLVersion":"OpenSSL 3.0.2 15 Mar 2022","modules":[],"allocator":"tcmalloc","environment":{"distmod":"ubuntu2204","distarch":"x86_64","target_arch":"x86_64"}}}}
[xUnit.net 00:01:06.88]           2026-01-31T17:43:09.815363983Z {"t":{"$date":"2026-01-31T17:43:09.815+00:00"},"s":"I",  "c":"CONTROL",  "id":51765,   "ctx":"initandlisten","msg":"Operating System","attr":{"os":{"name":"Ubuntu","version":"22.04"}}}
[xUnit.net 00:01:06.88]           2026-01-31T17:43:09.815376246Z {"t":{"$date":"2026-01-31T17:43:09.815+00:00"},"s":"I",  "c":"CONTROL",  "id":21951,   "ctx":"initandlisten","msg":"Options set by command line","attr":{"options":{"net":{"bindIp":"127.0.0.1","port":27017,"tls":{"mode":"disabled"}},"processManagement":{"fork":true,"pidFilePath":"/tmp/docker-entrypoint-temp-mongod.pid"},"systemLog":{"destination":"file","logAppend":true,"path":"/proc/1/fd/1"}}}}
[xUnit.net 00:01:06.88]           2026-01-31T17:43:09.816639068Z {"t":{"$date":"2026-01-31T17:43:09.816+00:00"},"s":"I",  "c":"STORAGE",  "id":22297,   "ctx":"initandlisten","msg":"Using the XFS filesystem is strongly recommended with the WiredTiger storage engine. See http://dochub.mongodb.org/core/prodnotes-filesystem","tags":["startupWarnings"]}
[xUnit.net 00:01:06.88]           2026-01-31T17:43:09.816659035Z {"t":{"$date":"2026-01-31T17:43:09.816+00:00"},"s":"I",  "c":"STORAGE",  "id":22315,   "ctx":"initandlisten","msg":"Opening WiredTiger","attr":{"config":"create,cache_size=7483M,session_max=33000,eviction=(threads_min=4,threads_max=4),config_base=false,statistics=(fast),log=(enabled=true,remove=true,path=journal,compressor=snappy),builtin_extension_config=(zstd=(compression_level=6)),file_manager=(close_idle_time=600,close_scan_interval=10,close_handle_minimum=2000),statistics_log=(wait=0),json_output=(error,message),verbose=[recovery_progress:1,checkpoint_progress:1,compact_progress:1,backup:0,checkpoint:0,compact:0,evict:0,history_store:0,recovery:0,rts:0,salvage:0,tiered:0,timestamp:0,transaction:0,verify:0,log:0],"}}
[xUnit.net 00:01:06.88]           2026-01-31T17:43:10.057718228Z {"t":{"$date":"2026-01-31T17:43:10.057+00:00"},"s":"I",  "c":"WTRECOV",  "id":22430,   "ctx":"initandlisten","msg":"WiredTiger message","attr":{"message":{"ts_sec":1769881390,"ts_usec":57484,"thread":"28:0x7f5b07f93cc0","session_name":"txn-recover","category":"WT_VERB_RECOVERY_PROGRESS","category_id":30,"verbose_level":"DEBUG","verbose_level_id":1,"msg":"recovery log replay has successfully finished and ran for 0 milliseconds"}}}
[xUnit.net 00:01:06.88]           2026-01-31T17:43:10.057870111Z {"t":{"$date":"2026-01-31T17:43:10.057+00:00"},"s":"I",  "c":"WTRECOV",  "id":22430,   "ctx":"initandlisten","msg":"WiredTiger message","attr":{"message":{"ts_sec":1769881390,"ts_usec":57710,"thread":"28:0x7f5b07f93cc0","session_name":"txn-recover","category":"WT_VERB_RECOVERY_PROGRESS","category_id":30,"verbose_level":"DEBUG","verbose_level_id":1,"msg":"Set global recovery timestamp: (0, 0)"}}}
[xUnit.net 00:01:06.88]           2026-01-31T17:43:10.057893244Z {"t":{"$date":"2026-01-31T17:43:10.057+00:00"},"s":"I",  "c":"WTRECOV",  "id":22430,   "ctx":"initandlisten","msg":"WiredTiger message","attr":{"message":{"ts_sec":1769881390,"ts_usec":57744,"thread":"28:0x7f5b07f93cc0","session_name":"txn-recover","category":"WT_VERB_RECOVERY_PROGRESS","category_id":30,"verbose_level":"DEBUG","verbose_level_id":1,"msg":"Set global oldest timestamp: (0, 0)"}}}
[xUnit.net 00:01:06.88]           2026-01-31T17:43:10.057908672Z {"t":{"$date":"2026-01-31T17:43:10.057+00:00"},"s":"I",  "c":"WTRECOV",  "id":22430,   "ctx":"initandlisten","msg":"WiredTiger message","attr":{"message":{"ts_sec":1769881390,"ts_usec":57788,"thread":"28:0x7f5b07f93cc0","session_name":"txn-recover","category":"WT_VERB_RECOVERY_PROGRESS","category_id":30,"verbose_level":"DEBUG","verbose_level_id":1,"msg":"recovery was completed successfully and took 0ms, including 0ms for the log replay, 0ms for the rollback to stable, and 0ms for the checkpoint."}}}
[xUnit.net 00:01:06.88]           2026-01-31T17:43:10.063042403Z {"t":{"$date":"2026-01-31T17:43:10.062+00:00"},"s":"I",  "c":"STORAGE",  "id":4795906, "ctx":"initandlisten","msg":"WiredTiger opened","attr":{"durationMillis":246}}
[xUnit.net 00:01:06.88]           2026-01-31T17:43:10.063071898Z {"t":{"$date":"2026-01-31T17:43:10.063+00:00"},"s":"I",  "c":"RECOVERY", "id":23987,   "ctx":"initandlisten","msg":"WiredTiger recoveryTimestamp","attr":{"recoveryTimestamp":{"$timestamp":{"t":0,"i":0}}}}
[xUnit.net 00:01:06.88]           2026-01-31T17:43:10.078635272Z {"t":{"$date":"2026-01-31T17:43:10.076+00:00"},"s":"W",  "c":"CONTROL",  "id":22120,   "ctx":"initandlisten","msg":"Access control is not enabled for the database. Read and write access to data and configuration is unrestricted","tags":["startupWarnings"]}
[xUnit.net 00:01:06.88]           2026-01-31T17:43:10.081271476Z {"t":{"$date":"2026-01-31T17:43:10.076+00:00"},"s":"W",  "c":"CONTROL",  "id":22178,   "ctx":"initandlisten","msg":"/sys/kernel/mm/transparent_hugepage/enabled is 'always'. We suggest setting it to 'never' in this binary version","tags":["startupWarnings"]}
[xUnit.net 00:01:06.88]           2026-01-31T17:43:10.081285262Z {"t":{"$date":"2026-01-31T17:43:10.076+00:00"},"s":"I",  "c":"STORAGE",  "id":20320,   "ctx":"initandlisten","msg":"createCollection","attr":{"namespace":"admin.system.version","uuidDisposition":"provided","uuid":{"uuid":{"$uuid":"48088efc-46ee-40dc-88e5-24f669e7df91"}},"options":{"uuid":{"$uuid":"48088efc-46ee-40dc-88e5-24f669e7df91"}}}}
[xUnit.net 00:01:06.88]           2026-01-31T17:43:10.091137231Z {"t":{"$date":"2026-01-31T17:43:10.091+00:00"},"s":"I",  "c":"INDEX",    "id":20345,   "ctx":"initandlisten","msg":"Index build: done building","attr":{"buildUUID":null,"collectionUUID":{"uuid":{"$uuid":"48088efc-46ee-40dc-88e5-24f669e7df91"}},"namespace":"admin.system.version","index":"_id_","ident":"index-1-3064723559166933630","collectionIdent":"collection-0-3064723559166933630","commitTimestamp":null}}
[xUnit.net 00:01:06.88]           2026-01-31T17:43:10.091443944Z {"t":{"$date":"2026-01-31T17:43:10.091+00:00"},"s":"I",  "c":"REPL",     "id":20459,   "ctx":"initandlisten","msg":"Setting featureCompatibilityVersion","attr":{"newVersion":"6.0"}}
[xUnit.net 00:01:06.88]           2026-01-31T17:43:10.091911344Z {"t":{"$date":"2026-01-31T17:43:10.091+00:00"},"s":"I",  "c":"REPL",     "id":5853300, "ctx":"initandlisten","msg":"current featureCompatibilityVersion value","attr":{"featureCompatibilityVersion":"6.0","context":"setFCV"}}
[xUnit.net 00:01:06.88]           2026-01-31T17:43:10.091924078Z {"t":{"$date":"2026-01-31T17:43:10.091+00:00"},"s":"I",  "c":"NETWORK",  "id":4915702, "ctx":"initandlisten","msg":"Updated wire specification","attr":{"oldSpec":{"incomingExternalClient":{"minWireVersion":0,"maxWireVersion":17},"incomingInternalClient":{"minWireVersion":0,"maxWireVersion":17},"outgoing":{"minWireVersion":6,"maxWireVersion":17},"isInternalClient":true},"newSpec":{"incomingExternalClient":{"minWireVersion":0,"maxWireVersion":17},"incomingInternalClient":{"minWireVersion":17,"maxWireVersion":17},"outgoing":{"minWireVersion":17,"maxWireVersion":17},"isInternalClient":true}}}
[xUnit.net 00:01:06.88]           2026-01-31T17:43:10.091931742Z {"t":{"$date":"2026-01-31T17:43:10.091+00:00"},"s":"I",  "c":"NETWORK",  "id":4915702, "ctx":"initandlisten","msg":"Updated wire specification","attr":{"oldSpec":{"incomingExternalClient":{"minWireVersion":0,"maxWireVersion":17},"incomingInternalClient":{"minWireVersion":17,"maxWireVersion":17},"outgoing":{"minWireVersion":17,"maxWireVersion":17},"isInternalClient":true},"newSpec":{"incomingExternalClient":{"minWireVersion":0,"maxWireVersion":17},"incomingInternalClient":{"minWireVersion":17,"maxWireVersion":17},"outgoing":{"minWireVersion":17,"maxWireVersion":17},"isInternalClient":true}}}
[xUnit.net 00:01:06.88]           2026-01-31T17:43:10.092024822Z {"t":{"$date":"2026-01-31T17:43:10.091+00:00"},"s":"I",  "c":"REPL",     "id":5853300, "ctx":"initandlisten","msg":"current featureCompatibilityVersion value","attr":{"featureCompatibilityVersion":"6.0","context":"startup"}}
[xUnit.net 00:01:06.88]           2026-01-31T17:43:10.092276480Z {"t":{"$date":"2026-01-31T17:43:10.092+00:00"},"s":"I",  "c":"STORAGE",  "id":5071100, "ctx":"initandlisten","msg":"Clearing temp directory"}
[xUnit.net 00:01:06.88]           2026-01-31T17:43:10.092584894Z {"t":{"$date":"2026-01-31T17:43:10.092+00:00"},"s":"I",  "c":"CONTROL",  "id":20536,   "ctx":"initandlisten","msg":"Flow Control is enabled on this deployment"}
[xUnit.net 00:01:06.88]           2026-01-31T17:43:10.092950083Z {"t":{"$date":"2026-01-31T17:43:10.092+00:00"},"s":"I",  "c":"FTDC",     "id":20625,   "ctx":"initandlisten","msg":"Initializing full-time diagnostic data capture","attr":{"dataDirectory":"/data/db/diagnostic.data"}}
[xUnit.net 00:01:06.88]           2026-01-31T17:43:10.096935047Z {"t":{"$date":"2026-01-31T17:43:10.096+00:00"},"s":"I",  "c":"STORAGE",  "id":20320,   "ctx":"initandlisten","msg":"createCollection","attr":{"namespace":"local.startup_log","uuidDisposition":"generated","uuid":{"uuid":{"$uuid":"8552d664-4fae-47ba-b63c-d570b1655baf"}},"options":{"capped":true,"size":10485760}}}
[xUnit.net 00:01:06.88]           2026-01-31T17:43:10.109568019Z {"t":{"$date":"2026-01-31T17:43:10.109+00:00"},"s":"I",  "c":"INDEX",    "id":20345,   "ctx":"initandlisten","msg":"Index build: done building","attr":{"buildUUID":null,"collectionUUID":{"uuid":{"$uuid":"8552d664-4fae-47ba-b63c-d570b1655baf"}},"namespace":"local.startup_log","index":"_id_","ident":"index-3-3064723559166933630","collectionIdent":"collection-2-3064723559166933630","commitTimestamp":null}}
[xUnit.net 00:01:06.88]           2026-01-31T17:43:10.110903684Z {"t":{"$date":"2026-01-31T17:43:10.110+00:00"},"s":"I",  "c":"REPL",     "id":6015317, "ctx":"initandlisten","msg":"Setting new configuration state","attr":{"newState":"ConfigReplicationDisabled","oldState":"ConfigPreStart"}}
[xUnit.net 00:01:06.88]           2026-01-31T17:43:10.111020141Z {"t":{"$date":"2026-01-31T17:43:10.110+00:00"},"s":"I",  "c":"STORAGE",  "id":22262,   "ctx":"initandlisten","msg":"Timestamp monitor starting"}
[xUnit.net 00:01:06.88]           2026-01-31T17:43:10.113135546Z {"t":{"$date":"2026-01-31T17:43:10.113+00:00"},"s":"I",  "c":"STORAGE",  "id":20320,   "ctx":"LogicalSessionCacheRefresh","msg":"createCollection","attr":{"namespace":"config.system.sessions","uuidDisposition":"generated","uuid":{"uuid":{"$uuid":"31c67377-55d5-4bf0-8823-b5dd29c6e081"}},"options":{}}}
[xUnit.net 00:01:06.88]           2026-01-31T17:43:10.114087457Z {"t":{"$date":"2026-01-31T17:43:10.113+00:00"},"s":"I",  "c":"NETWORK",  "id":23015,   "ctx":"listener","msg":"Listening on","attr":{"address":"/tmp/mongodb-27017.sock"}}
[xUnit.net 00:01:06.88]           2026-01-31T17:43:10.114292088Z {"t":{"$date":"2026-01-31T17:43:10.114+00:00"},"s":"I",  "c":"NETWORK",  "id":23015,   "ctx":"listener","msg":"Listening on","attr":{"address":"127.0.0.1"}}
[xUnit.net 00:01:06.88]           2026-01-31T17:43:10.114477553Z {"t":{"$date":"2026-01-31T17:43:10.114+00:00"},"s":"I",  "c":"NETWORK",  "id":23016,   "ctx":"listener","msg":"Waiting for connections","attr":{"port":27017,"ssl":"off"}}
[xUnit.net 00:01:06.88]           2026-01-31T17:43:10.114701529Z {"t":{"$date":"2026-01-31T17:43:10.114+00:00"},"s":"I",  "c":"CONTROL",  "id":8423403, "ctx":"initandlisten","msg":"mongod startup complete","attr":{"Summary of time elapsed":{"Startup from clean shutdown?":true,"Statistics":{"Transport layer setup":"0 ms","Run initial syncer crash recovery":"0 ms","Create storage engine lock file in the data directory":"0 ms","Create storage engine lock file in the data directory":"0 ms","Get metadata describing storage engine":"0 ms","Get metadata describing storage engine":"0 ms","Create storage engine":"0 ms","Create storage engine":"255 ms","Write current PID to file":"0 ms","Write current PID to file":"0 ms","Write a new metadata for storage engine":"0 ms","Write a new metadata for storage engine":"0 ms","Initialize FCV before rebuilding indexes":"0 ms","Initialize FCV before rebuilding indexes":"0 ms","Drop abandoned idents and get back indexes that need to be rebuilt or builds that need to be restarted":"0 ms","Drop abandoned idents and get back indexes that need to be rebuilt or builds that need to be restarted":"0 ms","Rebuild indexes for collections":"0 ms","Rebuild indexes for collections":"0 ms","Build user and roles graph":"0 ms","Set up the background thread pool responsible for waiting for opTimes to be majority committed":"0 ms","Start up the replication coordinator":"1 ms","Start transport layer":"1 ms","_initAndListen total elapsed time":"299 ms"}}}}
[xUnit.net 00:01:06.88]           2026-01-31T17:43:10.116343908Z {"t":{"$date":"2026-01-31T17:43:10.116+00:00"},"s":"I",  "c":"CONTROL",  "id":20712,   "ctx":"LogicalSessionCacheReap","msg":"Sessions collection is not set up; waiting until next sessions reap interval","attr":{"error":"NamespaceNotFound: config.system.sessions does not exist"}}
[xUnit.net 00:01:06.88]           2026-01-31T17:43:10.118600256Z child process started successfully, parent exiting
[xUnit.net 00:01:06.88]           2026-01-31T17:43:10.133500233Z {"t":{"$date":"2026-01-31T17:43:10.133+00:00"},"s":"I",  "c":"INDEX",    "id":20345,   "ctx":"LogicalSessionCacheRefresh","msg":"Index build: done building","attr":{"buildUUID":null,"collectionUUID":{"uuid":{"$uuid":"31c67377-55d5-4bf0-8823-b5dd29c6e081"}},"namespace":"config.system.sessions","index":"_id_","ident":"index-5-3064723559166933630","collectionIdent":"collection-4-3064723559166933630","commitTimestamp":null}}
[xUnit.net 00:01:06.88]           2026-01-31T17:43:10.133646017Z {"t":{"$date":"2026-01-31T17:43:10.133+00:00"},"s":"I",  "c":"INDEX",    "id":20345,   "ctx":"LogicalSessionCacheRefresh","msg":"Index build: done building","attr":{"buildUUID":null,"collectionUUID":{"uuid":{"$uuid":"31c67377-55d5-4bf0-8823-b5dd29c6e081"}},"namespace":"config.system.sessions","index":"lsidTTLIndex","ident":"index-6-3064723559166933630","collectionIdent":"collection-4-3064723559166933630","commitTimestamp":null}}
[xUnit.net 00:01:06.88]           2026-01-31T17:43:10.663338063Z {"t":{"$date":"2026-01-31T17:43:10.663+00:00"},"s":"I",  "c":"NETWORK",  "id":22943,   "ctx":"listener","msg":"Connection accepted","attr":{"remote":"127.0.0.1:45514","uuid":"90087a92-1d0b-493a-8682-544acb79af5b","connectionId":1,"connectionCount":1}}
[xUnit.net 00:01:06.88]           2026-01-31T17:43:10.675357511Z {"t":{"$date":"2026-01-31T17:43:10.673+00:00"},"s":"I",  "c":"NETWORK",  "id":51800,   "ctx":"conn1","msg":"client metadata","attr":{"remote":"127.0.0.1:45514","client":"conn1","negotiatedCompressors":[],"doc":{"application":{"name":"mongosh 2.5.10"},"driver":{"name":"nodejs|mongosh","version":"6.19.0|2.5.10"},"platform":"Node.js v20.19.6, LE","os":{"name":"linux","architecture":"x64","version":"3.10.0-327.22.2.el7.x86_64","type":"Linux"},"env":{"container":{"runtime":"docker"}}}}}
[xUnit.net 00:01:06.88]           2026-01-31T17:43:10.788777067Z {"t":{"$date":"2026-01-31T17:43:10.788+00:00"},"s":"I",  "c":"NETWORK",  "id":22943,   "ctx":"listener","msg":"Connection accepted","attr":{"remote":"127.0.0.1:45522","uuid":"9fbb2698-9deb-4e71-99d2-a2937d52377b","connectionId":2,"connectionCount":2}}
[xUnit.net 00:01:06.88]           2026-01-31T17:43:10.790062929Z {"t":{"$date":"2026-01-31T17:43:10.789+00:00"},"s":"I",  "c":"NETWORK",  "id":22943,   "ctx":"listener","msg":"Connection accepted","attr":{"remote":"127.0.0.1:45528","uuid":"9fc7e752-b333-47a4-baa1-ac2de662d2a5","connectionId":3,"connectionCount":3}}
[xUnit.net 00:01:06.88]           2026-01-31T17:43:10.793197881Z {"t":{"$date":"2026-01-31T17:43:10.793+00:00"},"s":"I",  "c":"NETWORK",  "id":51800,   "ctx":"conn2","msg":"client metadata","attr":{"remote":"127.0.0.1:45522","client":"conn2","negotiatedCompressors":[],"doc":{"application":{"name":"mongosh 2.5.10"},"driver":{"name":"nodejs|mongosh","version":"6.19.0|2.5.10"},"platform":"Node.js v20.19.6, LE","os":{"name":"linux","architecture":"x64","version":"3.10.0-327.22.2.el7.x86_64","type":"Linux"},"env":{"container":{"runtime":"docker"}}}}}
[xUnit.net 00:01:06.88]           2026-01-31T17:43:10.797570406Z {"t":{"$date":"2026-01-31T17:43:10.796+00:00"},"s":"I",  "c":"NETWORK",  "id":51800,   "ctx":"conn3","msg":"client metadata","attr":{"remote":"127.0.0.1:45528","client":"conn3","negotiatedCompressors":[],"doc":{"application":{"name":"mongosh 2.5.10"},"driver":{"name":"nodejs|mongosh","version":"6.19.0|2.5.10"},"platform":"Node.js v20.19.6, LE","os":{"name":"linux","architecture":"x64","version":"3.10.0-327.22.2.el7.x86_64","type":"Linux"},"env":{"container":{"runtime":"docker"}}}}}
[xUnit.net 00:01:06.88]           2026-01-31T17:43:10.803394090Z {"t":{"$date":"2026-01-31T17:43:10.803+00:00"},"s":"I",  "c":"NETWORK",  "id":22943,   "ctx":"listener","msg":"Connection accepted","attr":{"remote":"127.0.0.1:45530","uuid":"963b964d-8647-4312-98bf-655d9e87a5de","connectionId":4,"connectionCount":4}}
[xUnit.net 00:01:06.88]           2026-01-31T17:43:10.809903711Z {"t":{"$date":"2026-01-31T17:43:10.809+00:00"},"s":"I",  "c":"NETWORK",  "id":22944,   "ctx":"conn1","msg":"Connection ended","attr":{"remote":"127.0.0.1:45514","uuid":"90087a92-1d0b-493a-8682-544acb79af5b","connectionId":1,"connectionCount":3}}
[xUnit.net 00:01:06.88]           2026-01-31T17:43:10.812291603Z {"t":{"$date":"2026-01-31T17:43:10.812+00:00"},"s":"I",  "c":"NETWORK",  "id":22944,   "ctx":"conn2","msg":"Connection ended","attr":{"remote":"127.0.0.1:45522","uuid":"9fbb2698-9deb-4e71-99d2-a2937d52377b","connectionId":2,"connectionCount":2}}
[xUnit.net 00:01:06.88]           2026-01-31T17:43:10.814856204Z {"t":{"$date":"2026-01-31T17:43:10.813+00:00"},"s":"I",  "c":"NETWORK",  "id":22944,   "ctx":"conn4","msg":"Connection ended","attr":{"remote":"127.0.0.1:45530","uuid":"963b964d-8647-4312-98bf-655d9e87a5de","connectionId":4,"connectionCount":1}}
[xUnit.net 00:01:06.88]           2026-01-31T17:43:10.818103936Z {"t":{"$date":"2026-01-31T17:43:10.818+00:00"},"s":"I",  "c":"NETWORK",  "id":22944,   "ctx":"conn3","msg":"Connection ended","attr":{"remote":"127.0.0.1:45528","uuid":"9fc7e752-b333-47a4-baa1-ac2de662d2a5","connectionId":3,"connectionCount":0}}
[xUnit.net 00:01:06.88]           2026-01-31T17:43:11.374761229Z {"t":{"$date":"2026-01-31T17:43:11.374+00:00"},"s":"I",  "c":"NETWORK",  "id":22943,   "ctx":"listener","msg":"Connection accepted","attr":{"remote":"127.0.0.1:45594","uuid":"ef831f84-ff1e-48da-9b5e-3f8d9a75e849","connectionId":5,"connectionCount":1}}
[xUnit.net 00:01:06.88]           2026-01-31T17:43:11.381363434Z {"t":{"$date":"2026-01-31T17:43:11.381+00:00"},"s":"I",  "c":"NETWORK",  "id":51800,   "ctx":"conn5","msg":"client metadata","attr":{"remote":"127.0.0.1:45594","client":"conn5","negotiatedCompressors":[],"doc":{"application":{"name":"mongosh 2.5.10"},"driver":{"name":"nodejs|mongosh","version":"6.19.0|2.5.10"},"platform":"Node.js v20.19.6, LE","os":{"name":"linux","architecture":"x64","version":"3.10.0-327.22.2.el7.x86_64","type":"Linux"},"env":{"container":{"runtime":"docker"}}}}}
[xUnit.net 00:01:06.88]           2026-01-31T17:43:11.463706432Z {"t":{"$date":"2026-01-31T17:43:11.463+00:00"},"s":"I",  "c":"NETWORK",  "id":22943,   "ctx":"listener","msg":"Connection accepted","attr":{"remote":"127.0.0.1:45608","uuid":"7b9fb995-21a1-47fb-8e1a-01ac1f8a5219","connectionId":6,"connectionCount":2}}
[xUnit.net 00:01:06.88]           2026-01-31T17:43:11.464811107Z {"t":{"$date":"2026-01-31T17:43:11.464+00:00"},"s":"I",  "c":"NETWORK",  "id":22943,   "ctx":"listener","msg":"Connection accepted","attr":{"remote":"127.0.0.1:45620","uuid":"df86b1fb-ab9d-4f02-803a-8dc118dcaf29","connectionId":7,"connectionCount":3}}
[xUnit.net 00:01:06.88]           2026-01-31T17:43:11.468861623Z {"t":{"$date":"2026-01-31T17:43:11.468+00:00"},"s":"I",  "c":"NETWORK",  "id":51800,   "ctx":"conn6","msg":"client metadata","attr":{"remote":"127.0.0.1:45608","client":"conn6","negotiatedCompressors":[],"doc":{"application":{"name":"mongosh 2.5.10"},"driver":{"name":"nodejs|mongosh","version":"6.19.0|2.5.10"},"platform":"Node.js v20.19.6, LE","os":{"name":"linux","architecture":"x64","version":"3.10.0-327.22.2.el7.x86_64","type":"Linux"},"env":{"container":{"runtime":"docker"}}}}}
[xUnit.net 00:01:06.88]           2026-01-31T17:43:11.470769672Z {"t":{"$date":"2026-01-31T17:43:11.470+00:00"},"s":"I",  "c":"NETWORK",  "id":51800,   "ctx":"conn7","msg":"client metadata","attr":{"remote":"127.0.0.1:45620","client":"conn7","negotiatedCompressors":[],"doc":{"application":{"name":"mongosh 2.5.10"},"driver":{"name":"nodejs|mongosh","version":"6.19.0|2.5.10"},"platform":"Node.js v20.19.6, LE","os":{"name":"linux","architecture":"x64","version":"3.10.0-327.22.2.el7.x86_64","type":"Linux"},"env":{"container":{"runtime":"docker"}}}}}
[xUnit.net 00:01:06.88]           2026-01-31T17:43:11.475398023Z {"t":{"$date":"2026-01-31T17:43:11.475+00:00"},"s":"I",  "c":"NETWORK",  "id":22943,   "ctx":"listener","msg":"Connection accepted","attr":{"remote":"127.0.0.1:45626","uuid":"dc1379bd-231c-4ab1-bff1-ee177e578ca7","connectionId":8,"connectionCount":4}}
[xUnit.net 00:01:06.88]           2026-01-31T17:43:11.477655293Z {"t":{"$date":"2026-01-31T17:43:11.477+00:00"},"s":"I",  "c":"NETWORK",  "id":22943,   "ctx":"listener","msg":"Connection accepted","attr":{"remote":"127.0.0.1:45628","uuid":"ba20b7ab-0759-4652-a20b-57173acf947a","connectionId":9,"connectionCount":5}}
[xUnit.net 00:01:06.88]           2026-01-31T17:43:11.483242096Z {"t":{"$date":"2026-01-31T17:43:11.483+00:00"},"s":"I",  "c":"NETWORK",  "id":51800,   "ctx":"conn8","msg":"client metadata","attr":{"remote":"127.0.0.1:45626","client":"conn8","negotiatedCompressors":[],"doc":{"application":{"name":"mongosh 2.5.10"},"driver":{"name":"nodejs|mongosh","version":"6.19.0|2.5.10"},"platform":"Node.js v20.19.6, LE","os":{"name":"linux","architecture":"x64","version":"3.10.0-327.22.2.el7.x86_64","type":"Linux"},"env":{"container":{"runtime":"docker"}}}}}
[xUnit.net 00:01:06.88]           2026-01-31T17:43:11.483961665Z {"t":{"$date":"2026-01-31T17:43:11.483+00:00"},"s":"I",  "c":"NETWORK",  "id":51800,   "ctx":"conn9","msg":"client metadata","attr":{"remote":"127.0.0.1:45628","client":"conn9","negotiatedCompressors":[],"doc":{"application":{"name":"mongosh 2.5.10"},"driver":{"name":"nodejs|mongosh","version":"6.19.0|2.5.10"},"platform":"Node.js v20.19.6, LE","os":{"name":"linux","architecture":"x64","version":"3.10.0-327.22.2.el7.x86_64","type":"Linux"},"env":{"container":{"runtime":"docker"}}}}}
[xUnit.net 00:01:06.88]           2026-01-31T17:43:11.897166259Z admin> ... ... ... ... {"t":{"$date":"2026-01-31T17:43:11.896+00:00"},"s":"I",  "c":"STORAGE",  "id":20320,   "ctx":"conn9","msg":"createCollection","attr":{"namespace":"admin.system.users","uuidDisposition":"generated","uuid":{"uuid":{"$uuid":"fe04147f-9427-491e-a5f9-c7273c8a2784"}},"options":{}}}
[xUnit.net 00:01:06.88]           2026-01-31T17:43:11.912049620Z {"t":{"$date":"2026-01-31T17:43:11.911+00:00"},"s":"I",  "c":"INDEX",    "id":20345,   "ctx":"conn9","msg":"Index build: done building","attr":{"buildUUID":null,"collectionUUID":{"uuid":{"$uuid":"fe04147f-9427-491e-a5f9-c7273c8a2784"}},"namespace":"admin.system.users","index":"_id_","ident":"index-8-3064723559166933630","collectionIdent":"collection-7-3064723559166933630","commitTimestamp":null}}
[xUnit.net 00:01:06.88]           2026-01-31T17:43:11.912068495Z {"t":{"$date":"2026-01-31T17:43:11.911+00:00"},"s":"I",  "c":"INDEX",    "id":20345,   "ctx":"conn9","msg":"Index build: done building","attr":{"buildUUID":null,"collectionUUID":{"uuid":{"$uuid":"fe04147f-9427-491e-a5f9-c7273c8a2784"}},"namespace":"admin.system.users","index":"user_1_db_1","ident":"index-9-3064723559166933630","collectionIdent":"collection-7-3064723559166933630","commitTimestamp":null}}
[xUnit.net 00:01:06.88]           2026-01-31T17:43:11.918959655Z { ok: 1 }
[xUnit.net 00:01:06.88]           2026-01-31T17:43:11.921988741Z admin> {"t":{"$date":"2026-01-31T17:43:11.921+00:00"},"s":"I",  "c":"-",        "id":20883,   "ctx":"conn5","msg":"Interrupted operation as its client disconnected","attr":{"opId":46}}
[xUnit.net 00:01:06.88]           2026-01-31T17:43:11.923266638Z {"t":{"$date":"2026-01-31T17:43:11.922+00:00"},"s":"I",  "c":"NETWORK",  "id":22944,   "ctx":"conn9","msg":"Connection ended","attr":{"remote":"127.0.0.1:45628","uuid":"ba20b7ab-0759-4652-a20b-57173acf947a","connectionId":9,"connectionCount":4}}
[xUnit.net 00:01:06.88]           2026-01-31T17:43:11.923279432Z {"t":{"$date":"2026-01-31T17:43:11.922+00:00"},"s":"I",  "c":"NETWORK",  "id":22944,   "ctx":"conn5","msg":"Connection ended","attr":{"remote":"127.0.0.1:45594","uuid":"ef831f84-ff1e-48da-9b5e-3f8d9a75e849","connectionId":5,"connectionCount":3}}
[xUnit.net 00:01:06.88]           2026-01-31T17:43:11.923321508Z {"t":{"$date":"2026-01-31T17:43:11.923+00:00"},"s":"I",  "c":"NETWORK",  "id":22944,   "ctx":"conn8","msg":"Connection ended","attr":{"remote":"127.0.0.1:45626","uuid":"dc1379bd-231c-4ab1-bff1-ee177e578ca7","connectionId":8,"connectionCount":2}}
[xUnit.net 00:01:06.88]           2026-01-31T17:43:11.923583275Z {"t":{"$date":"2026-01-31T17:43:11.923+00:00"},"s":"I",  "c":"NETWORK",  "id":22944,   "ctx":"conn6","msg":"Connection ended","attr":{"remote":"127.0.0.1:45608","uuid":"7b9fb995-21a1-47fb-8e1a-01ac1f8a5219","connectionId":6,"connectionCount":1}}
[xUnit.net 00:01:06.88]           2026-01-31T17:43:11.924213700Z {"t":{"$date":"2026-01-31T17:43:11.924+00:00"},"s":"I",  "c":"NETWORK",  "id":22944,   "ctx":"conn7","msg":"Connection ended","attr":{"remote":"127.0.0.1:45620","uuid":"df86b1fb-ab9d-4f02-803a-8dc118dcaf29","connectionId":7,"connectionCount":0}}
[xUnit.net 00:01:06.88]           2026-01-31T17:43:11.941804463Z 
[testcontainers.org 00:01:05.23] Start Docker container fd73f7e8254d
[xUnit.net 00:01:06.88]           2026-01-31T17:43:11.942082982Z /usr/local/bin/docker-entrypoint.sh: ignoring /docker-entrypoint-initdb.d/*
[xUnit.net 00:01:06.88]           2026-01-31T17:43:11.942435708Z 
[xUnit.net 00:01:06.88]           2026-01-31T17:43:11.966089643Z 
[xUnit.net 00:01:06.88]           2026-01-31T17:43:11.966104331Z {"t":{"$date":"2026-01-31T17:43:11.965+00:00"},"s":"I",  "c":"CONTROL",  "id":20698,   "ctx":"-","msg":"***** SERVER RESTARTED *****"}
[xUnit.net 00:01:06.88]           2026-01-31T17:43:11.966832155Z {"t":{"$date":"2026-01-31T17:43:11.966+00:00"},"s":"I",  "c":"CONTROL",  "id":23285,   "ctx":"-","msg":"Automatically disabling TLS 1.0, to force-enable TLS 1.0 specify --sslDisabledProtocols 'none'"}
[xUnit.net 00:01:06.88]           2026-01-31T17:43:11.967010467Z {"t":{"$date":"2026-01-31T17:43:11.966+00:00"},"s":"I",  "c":"NETWORK",  "id":4915701, "ctx":"-","msg":"Initialized wire specification","attr":{"spec":{"incomingExternalClient":{"minWireVersion":0,"maxWireVersion":17},"incomingInternalClient":{"minWireVersion":0,"maxWireVersion":17},"outgoing":{"minWireVersion":6,"maxWireVersion":17},"isInternalClient":true}}}
[xUnit.net 00:01:06.88]           2026-01-31T17:43:11.968963991Z {"t":{"$date":"2026-01-31T17:43:11.968+00:00"},"s":"I",  "c":"NETWORK",  "id":4648601, "ctx":"main","msg":"Implicit TCP FastOpen unavailable. If TCP FastOpen is required, set tcpFastOpenServer, tcpFastOpenClient, and tcpFastOpenQueueSize."}
[xUnit.net 00:01:06.88]           2026-01-31T17:43:11.970339523Z {"t":{"$date":"2026-01-31T17:43:11.970+00:00"},"s":"I",  "c":"REPL",     "id":5123008, "ctx":"main","msg":"Successfully registered PrimaryOnlyService","attr":{"service":"TenantMigrationDonorService","namespace":"config.tenantMigrationDonors"}}
[xUnit.net 00:01:06.88]           2026-01-31T17:43:11.970354631Z {"t":{"$date":"2026-01-31T17:43:11.970+00:00"},"s":"I",  "c":"REPL",     "id":5123008, "ctx":"main","msg":"Successfully registered PrimaryOnlyService","attr":{"service":"TenantMigrationRecipientService","namespace":"config.tenantMigrationRecipients"}}
[xUnit.net 00:01:06.88]           2026-01-31T17:43:11.970370390Z {"t":{"$date":"2026-01-31T17:43:11.970+00:00"},"s":"I",  "c":"REPL",     "id":5123008, "ctx":"main","msg":"Successfully registered PrimaryOnlyService","attr":{"service":"ShardSplitDonorService","namespace":"config.tenantSplitDonors"}}
[xUnit.net 00:01:06.88]           2026-01-31T17:43:11.970465798Z Killing process with pid: 28
[xUnit.net 00:01:06.88]           2026-01-31T17:43:11.970618592Z {"t":{"$date":"2026-01-31T17:43:11.970+00:00"},"s":"I",  "c":"CONTROL",  "id":23377,   "ctx":"SignalHandler","msg":"Received signal","attr":{"signal":15,"error":"Terminated"}}
[xUnit.net 00:01:06.88]           2026-01-31T17:43:11.971107481Z {"t":{"$date":"2026-01-31T17:43:11.970+00:00"},"s":"I",  "c":"CONTROL",  "id":23378,   "ctx":"SignalHandler","msg":"Signal was sent by kill(2)","attr":{"pid":99,"uid":999}}
[xUnit.net 00:01:06.88]           2026-01-31T17:43:11.971116778Z {"t":{"$date":"2026-01-31T17:43:11.970+00:00"},"s":"I",  "c":"CONTROL",  "id":23381,   "ctx":"SignalHandler","msg":"will terminate after current cmd ends"}
[xUnit.net 00:01:06.88]           2026-01-31T17:43:11.971121837Z {"t":{"$date":"2026-01-31T17:43:11.970+00:00"},"s":"I",  "c":"REPL",     "id":4784900, "ctx":"SignalHandler","msg":"Stepping down the ReplicationCoordinator for shutdown","attr":{"waitTimeMillis":15000}}
[xUnit.net 00:01:06.88]           2026-01-31T17:43:11.971136795Z {"t":{"$date":"2026-01-31T17:43:11.970+00:00"},"s":"I",  "c":"REPL",     "id":4794602, "ctx":"SignalHandler","msg":"Attempting to enter quiesce mode"}
[xUnit.net 00:01:06.88]           2026-01-31T17:43:11.971141033Z {"t":{"$date":"2026-01-31T17:43:11.970+00:00"},"s":"I",  "c":"-",        "id":6371601, "ctx":"SignalHandler","msg":"Shutting down the FLE Crud thread pool"}
[xUnit.net 00:01:06.88]           2026-01-31T17:43:11.971144931Z {"t":{"$date":"2026-01-31T17:43:11.970+00:00"},"s":"I",  "c":"COMMAND",  "id":4784901, "ctx":"SignalHandler","msg":"Shutting down the MirrorMaestro"}
[xUnit.net 00:01:06.88]           2026-01-31T17:43:11.971148247Z {"t":{"$date":"2026-01-31T17:43:11.970+00:00"},"s":"I",  "c":"SHARDING", "id":4784902, "ctx":"SignalHandler","msg":"Shutting down the WaitForMajorityService"}
[xUnit.net 00:01:06.88]           2026-01-31T17:43:11.971431564Z {"t":{"$date":"2026-01-31T17:43:11.971+00:00"},"s":"I",  "c":"CONTROL",  "id":4784903, "ctx":"SignalHandler","msg":"Shutting down the LogicalSessionCache"}
[xUnit.net 00:01:06.88]           2026-01-31T17:43:11.973623742Z {"t":{"$date":"2026-01-31T17:43:11.971+00:00"},"s":"I",  "c":"NETWORK",  "id":20562,   "ctx":"SignalHandler","msg":"Shutdown: going to close listening sockets"}
[xUnit.net 00:01:06.88]           2026-01-31T17:43:11.973766638Z {"t":{"$date":"2026-01-31T17:43:11.973+00:00"},"s":"I",  "c":"NETWORK",  "id":23017,   "ctx":"listener","msg":"removing socket file","attr":{"path":"/tmp/mongodb-27017.sock"}}
[xUnit.net 00:01:06.88]           2026-01-31T17:43:11.973997648Z {"t":{"$date":"2026-01-31T17:43:11.973+00:00"},"s":"I",  "c":"NETWORK",  "id":4784905, "ctx":"SignalHandler","msg":"Shutting down the global connection pool"}
[xUnit.net 00:01:06.88]           2026-01-31T17:43:11.974113674Z {"t":{"$date":"2026-01-31T17:43:11.974+00:00"},"s":"I",  "c":"CONTROL",  "id":4784906, "ctx":"SignalHandler","msg":"Shutting down the FlowControlTicketholder"}
[xUnit.net 00:01:06.88]           2026-01-31T17:43:11.974202549Z {"t":{"$date":"2026-01-31T17:43:11.974+00:00"},"s":"I",  "c":"-",        "id":20520,   "ctx":"SignalHandler","msg":"Stopping further Flow Control ticket acquisitions."}
[xUnit.net 00:01:06.88]           2026-01-31T17:43:11.974334565Z {"t":{"$date":"2026-01-31T17:43:11.974+00:00"},"s":"I",  "c":"CONTROL",  "id":4784908, "ctx":"SignalHandler","msg":"Shutting down the PeriodicThreadToAbortExpiredTransactions"}
[xUnit.net 00:01:06.88]           2026-01-31T17:43:11.974535699Z {"t":{"$date":"2026-01-31T17:43:11.974+00:00"},"s":"I",  "c":"REPL",     "id":4784909, "ctx":"SignalHandler","msg":"Shutting down the ReplicationCoordinator"}
[xUnit.net 00:01:06.88]           2026-01-31T17:43:11.974609937Z {"t":{"$date":"2026-01-31T17:43:11.974+00:00"},"s":"I",  "c":"SHARDING", "id":4784910, "ctx":"SignalHandler","msg":"Shutting down the ShardingInitializationMongoD"}
[xUnit.net 00:01:06.88]           2026-01-31T17:43:11.974711636Z {"t":{"$date":"2026-01-31T17:43:11.974+00:00"},"s":"I",  "c":"REPL",     "id":4784911, "ctx":"SignalHandler","msg":"Enqueuing the ReplicationStateTransitionLock for shutdown"}
[xUnit.net 00:01:06.88]           2026-01-31T17:43:11.974779001Z {"t":{"$date":"2026-01-31T17:43:11.974+00:00"},"s":"I",  "c":"-",        "id":4784912, "ctx":"SignalHandler","msg":"Killing all operations for shutdown"}
[xUnit.net 00:01:06.88]           2026-01-31T17:43:11.974852208Z {"t":{"$date":"2026-01-31T17:43:11.974+00:00"},"s":"I",  "c":"-",        "id":4695300, "ctx":"SignalHandler","msg":"Interrupted all currently running operations","attr":{"opsKilled":3}}
[xUnit.net 00:01:06.88]           2026-01-31T17:43:11.974940922Z {"t":{"$date":"2026-01-31T17:43:11.974+00:00"},"s":"I",  "c":"TENANT_M", "id":5093807, "ctx":"SignalHandler","msg":"Shutting down all TenantMigrationAccessBlockers on global shutdown"}
[xUnit.net 00:01:06.88]           2026-01-31T17:43:11.975026893Z {"t":{"$date":"2026-01-31T17:43:11.975+00:00"},"s":"I",  "c":"COMMAND",  "id":4784913, "ctx":"SignalHandler","msg":"Shutting down all open transactions"}
[xUnit.net 00:01:06.88]           2026-01-31T17:43:11.975110127Z {"t":{"$date":"2026-01-31T17:43:11.975+00:00"},"s":"I",  "c":"REPL",     "id":4784914, "ctx":"SignalHandler","msg":"Acquiring the ReplicationStateTransitionLock for shutdown"}
[xUnit.net 00:01:06.88]           2026-01-31T17:43:11.975189264Z {"t":{"$date":"2026-01-31T17:43:11.975+00:00"},"s":"I",  "c":"INDEX",    "id":4784915, "ctx":"SignalHandler","msg":"Shutting down the IndexBuildsCoordinator"}
[xUnit.net 00:01:06.88]           2026-01-31T17:43:11.975280404Z {"t":{"$date":"2026-01-31T17:43:11.975+00:00"},"s":"I",  "c":"NETWORK",  "id":4784918, "ctx":"SignalHandler","msg":"Shutting down the ReplicaSetMonitor"}
[xUnit.net 00:01:06.88]           2026-01-31T17:43:11.975343602Z {"t":{"$date":"2026-01-31T17:43:11.975+00:00"},"s":"I",  "c":"SHARDING", "id":4784921, "ctx":"SignalHandler","msg":"Shutting down the MigrationUtilExecutor"}
[xUnit.net 00:01:06.88]           2026-01-31T17:43:11.975572678Z {"t":{"$date":"2026-01-31T17:43:11.975+00:00"},"s":"I",  "c":"ASIO",     "id":22582,   "ctx":"MigrationUtil-TaskExecutor","msg":"Killing all outstanding egress activity."}
[xUnit.net 00:01:06.88]           2026-01-31T17:43:11.975697931Z {"t":{"$date":"2026-01-31T17:43:11.975+00:00"},"s":"I",  "c":"COMMAND",  "id":4784923, "ctx":"SignalHandler","msg":"Shutting down the ServiceEntryPoint"}
[xUnit.net 00:01:06.88]           2026-01-31T17:43:11.975834084Z {"t":{"$date":"2026-01-31T17:43:11.975+00:00"},"s":"I",  "c":"CONTROL",  "id":4784927, "ctx":"SignalHandler","msg":"Shutting down the HealthLog"}
[xUnit.net 00:01:06.88]           2026-01-31T17:43:11.975913532Z {"t":{"$date":"2026-01-31T17:43:11.975+00:00"},"s":"I",  "c":"CONTROL",  "id":4784928, "ctx":"SignalHandler","msg":"Shutting down the TTL monitor"}
[xUnit.net 00:01:06.88]           2026-01-31T17:43:11.975993691Z {"t":{"$date":"2026-01-31T17:43:11.975+00:00"},"s":"I",  "c":"INDEX",    "id":3684100, "ctx":"SignalHandler","msg":"Shutting down TTL collection monitor thread"}
[xUnit.net 00:01:06.88]           2026-01-31T17:43:11.976186049Z {"t":{"$date":"2026-01-31T17:43:11.976+00:00"},"s":"I",  "c":"INDEX",    "id":3684101, "ctx":"SignalHandler","msg":"Finished shutting down TTL collection monitor thread"}
[xUnit.net 00:01:06.88]           2026-01-31T17:43:11.976294421Z {"t":{"$date":"2026-01-31T17:43:11.976+00:00"},"s":"I",  "c":"CONTROL",  "id":6278511, "ctx":"SignalHandler","msg":"Shutting down the Change Stream Expired Pre-images Remover"}
[xUnit.net 00:01:06.88]           2026-01-31T17:43:11.976487820Z {"t":{"$date":"2026-01-31T17:43:11.976+00:00"},"s":"I",  "c":"CONTROL",  "id":4784929, "ctx":"SignalHandler","msg":"Acquiring the global lock for shutdown"}
[xUnit.net 00:01:06.88]           2026-01-31T17:43:11.976624535Z {"t":{"$date":"2026-01-31T17:43:11.976+00:00"},"s":"I",  "c":"CONTROL",  "id":4784930, "ctx":"SignalHandler","msg":"Shutting down the storage engine"}
[xUnit.net 00:01:06.88]           2026-01-31T17:43:11.976749227Z {"t":{"$date":"2026-01-31T17:43:11.976+00:00"},"s":"I",  "c":"STORAGE",  "id":22320,   "ctx":"SignalHandler","msg":"Shutting down journal flusher thread"}
[xUnit.net 00:01:06.88]           2026-01-31T17:43:11.976965680Z {"t":{"$date":"2026-01-31T17:43:11.976+00:00"},"s":"I",  "c":"STORAGE",  "id":22321,   "ctx":"SignalHandler","msg":"Finished shutting down journal flusher thread"}
[xUnit.net 00:01:06.88]           2026-01-31T17:43:11.977080032Z {"t":{"$date":"2026-01-31T17:43:11.977+00:00"},"s":"I",  "c":"STORAGE",  "id":22322,   "ctx":"SignalHandler","msg":"Shutting down checkpoint thread"}
[xUnit.net 00:01:06.88]           2026-01-31T17:43:11.977251672Z {"t":{"$date":"2026-01-31T17:43:11.977+00:00"},"s":"I",  "c":"STORAGE",  "id":22323,   "ctx":"SignalHandler","msg":"Finished shutting down checkpoint thread"}
[xUnit.net 00:01:06.88]           2026-01-31T17:43:11.977372085Z {"t":{"$date":"2026-01-31T17:43:11.977+00:00"},"s":"I",  "c":"STORAGE",  "id":22261,   "ctx":"SignalHandler","msg":"Timestamp monitor shutting down"}
[xUnit.net 00:01:06.88]           2026-01-31T17:43:11.977633892Z {"t":{"$date":"2026-01-31T17:43:11.977+00:00"},"s":"I",  "c":"STORAGE",  "id":20282,   "ctx":"SignalHandler","msg":"Deregistering all the collections"}
[xUnit.net 00:01:06.88]           2026-01-31T17:43:11.977805732Z {"t":{"$date":"2026-01-31T17:43:11.977+00:00"},"s":"I",  "c":"STORAGE",  "id":22317,   "ctx":"SignalHandler","msg":"WiredTigerKVEngine shutting down"}
[xUnit.net 00:01:06.88]           2026-01-31T17:43:11.977908073Z {"t":{"$date":"2026-01-31T17:43:11.977+00:00"},"s":"I",  "c":"STORAGE",  "id":22318,   "ctx":"SignalHandler","msg":"Shutting down session sweeper thread"}
[xUnit.net 00:01:06.88]           2026-01-31T17:43:11.978511415Z {"t":{"$date":"2026-01-31T17:43:11.978+00:00"},"s":"I",  "c":"STORAGE",  "id":22319,   "ctx":"SignalHandler","msg":"Finished shutting down session sweeper thread"}
[xUnit.net 00:01:06.88]           2026-01-31T17:43:11.978928521Z {"t":{"$date":"2026-01-31T17:43:11.978+00:00"},"s":"I",  "c":"STORAGE",  "id":4795902, "ctx":"SignalHandler","msg":"Closing WiredTiger","attr":{"closeConfig":"leak_memory=true,"}}
[xUnit.net 00:01:06.88]           2026-01-31T17:43:11.981276930Z {"t":{"$date":"2026-01-31T17:43:11.981+00:00"},"s":"I",  "c":"WTCHKPT",  "id":22430,   "ctx":"SignalHandler","msg":"WiredTiger message","attr":{"message":{"ts_sec":1769881391,"ts_usec":981173,"thread":"28:0x7f5b07f92640","session_name":"close_ckpt","category":"WT_VERB_CHECKPOINT_PROGRESS","category_id":6,"verbose_level":"DEBUG","verbose_level_id":1,"msg":"saving checkpoint snapshot min: 46, snapshot max: 46 snapshot count: 0, oldest timestamp: (0, 0) , meta checkpoint timestamp: (0, 0) base write gen: 1"}}}
[xUnit.net 00:01:06.88]           2026-01-31T17:43:11.986152500Z {"t":{"$date":"2026-01-31T17:43:11.986+00:00"},"s":"I",  "c":"WTRECOV",  "id":22430,   "ctx":"SignalHandler","msg":"WiredTiger message","attr":{"message":{"ts_sec":1769881391,"ts_usec":986066,"thread":"28:0x7f5b07f92640","session_name":"WT_CONNECTION.close","category":"WT_VERB_RECOVERY_PROGRESS","category_id":30,"verbose_level":"DEBUG","verbose_level_id":1,"msg":"shutdown checkpoint has successfully finished and ran for 6 milliseconds"}}}
[xUnit.net 00:01:06.88]           2026-01-31T17:43:11.986383921Z {"t":{"$date":"2026-01-31T17:43:11.986+00:00"},"s":"I",  "c":"WTRECOV",  "id":22430,   "ctx":"SignalHandler","msg":"WiredTiger message","attr":{"message":{"ts_sec":1769881391,"ts_usec":986299,"thread":"28:0x7f5b07f92640","session_name":"WT_CONNECTION.close","category":"WT_VERB_RECOVERY_PROGRESS","category_id":30,"verbose_level":"DEBUG","verbose_level_id":1,"msg":"shutdown was completed successfully and took 7ms, including 0ms for the rollback to stable, and 6ms for the checkpoint."}}}
[xUnit.net 00:01:06.88]           2026-01-31T17:43:12.006677653Z {"t":{"$date":"2026-01-31T17:43:12.006+00:00"},"s":"I",  "c":"STORAGE",  "id":4795901, "ctx":"SignalHandler","msg":"WiredTiger closed","attr":{"durationMillis":28}}
[xUnit.net 00:01:06.88]           2026-01-31T17:43:12.006776267Z {"t":{"$date":"2026-01-31T17:43:12.006+00:00"},"s":"I",  "c":"STORAGE",  "id":22279,   "ctx":"SignalHandler","msg":"shutdown: removing fs lock..."}
[xUnit.net 00:01:06.88]           2026-01-31T17:43:12.006918932Z {"t":{"$date":"2026-01-31T17:43:12.006+00:00"},"s":"I",  "c":"-",        "id":4784931, "ctx":"SignalHandler","msg":"Dropping the scope cache for shutdown"}
[xUnit.net 00:01:06.88]           2026-01-31T17:43:12.006988882Z {"t":{"$date":"2026-01-31T17:43:12.006+00:00"},"s":"I",  "c":"FTDC",     "id":20626,   "ctx":"SignalHandler","msg":"Shutting down full-time diagnostic data capture"}
[xUnit.net 00:01:06.88]           2026-01-31T17:43:12.974942712Z 
[xUnit.net 00:01:06.88]           2026-01-31T17:43:12.974967248Z MongoDB init process complete; ready for start up.
[xUnit.net 00:01:06.88]           2026-01-31T17:43:12.974976726Z 
[xUnit.net 00:01:06.88]           2026-01-31T17:43:12.994744654Z {"t":{"$date":"2026-01-31T17:43:12.992+00:00"},"s":"I",  "c":"CONTROL",  "id":23285,   "ctx":"-","msg":"Automatically disabling TLS 1.0, to force-enable TLS 1.0 specify --sslDisabledProtocols 'none'"}
[xUnit.net 00:01:06.88]           2026-01-31T17:43:12.994785340Z {"t":{"$date":"2026-01-31T17:43:12.993+00:00"},"s":"I",  "c":"NETWORK",  "id":4915701, "ctx":"-","msg":"Initialized wire specification","attr":{"spec":{"incomingExternalClient":{"minWireVersion":0,"maxWireVersion":17},"incomingInternalClient":{"minWireVersion":0,"maxWireVersion":17},"outgoing":{"minWireVersion":6,"maxWireVersion":17},"isInternalClient":true}}}
[xUnit.net 00:01:06.88]           2026-01-31T17:43:12.994947823Z {"t":{"$date":"2026-01-31T17:43:12.994+00:00"},"s":"I",  "c":"NETWORK",  "id":4648601, "ctx":"main","msg":"Implicit TCP FastOpen unavailable. If TCP FastOpen is required, set tcpFastOpenServer, tcpFastOpenClient, and tcpFastOpenQueueSize."}
[xUnit.net 00:01:06.88]           2026-01-31T17:43:12.995865983Z {"t":{"$date":"2026-01-31T17:43:12.995+00:00"},"s":"I",  "c":"REPL",     "id":5123008, "ctx":"main","msg":"Successfully registered PrimaryOnlyService","attr":{"service":"TenantMigrationDonorService","namespace":"config.tenantMigrationDonors"}}
[xUnit.net 00:01:06.88]           2026-01-31T17:43:12.995881132Z {"t":{"$date":"2026-01-31T17:43:12.995+00:00"},"s":"I",  "c":"REPL",     "id":5123008, "ctx":"main","msg":"Successfully registered PrimaryOnlyService","attr":{"service":"TenantMigrationRecipientService","namespace":"config.tenantMigrationRecipients"}}
[xUnit.net 00:01:06.88]           2026-01-31T17:43:12.995965960Z {"t":{"$date":"2026-01-31T17:43:12.995+00:00"},"s":"I",  "c":"REPL",     "id":5123008, "ctx":"main","msg":"Successfully registered PrimaryOnlyService","attr":{"service":"ShardSplitDonorService","namespace":"config.tenantSplitDonors"}}
[xUnit.net 00:01:06.88]           2026-01-31T17:43:12.995976640Z {"t":{"$date":"2026-01-31T17:43:12.995+00:00"},"s":"I",  "c":"CONTROL",  "id":5945603, "ctx":"main","msg":"Multi threading initialized"}
[xUnit.net 00:01:06.88]           2026-01-31T17:43:12.996321480Z {"t":{"$date":"2026-01-31T17:43:12.996+00:00"},"s":"I",  "c":"CONTROL",  "id":4615611, "ctx":"initandlisten","msg":"MongoDB starting","attr":{"pid":1,"port":27017,"dbPath":"/data/db","architecture":"64-bit","host":"f7f4b3496ff9"}}
[xUnit.net 00:01:06.88]           2026-01-31T17:43:12.996404875Z {"t":{"$date":"2026-01-31T17:43:12.996+00:00"},"s":"I",  "c":"CONTROL",  "id":23403,   "ctx":"initandlisten","msg":"Build Info","attr":{"buildInfo":{"version":"6.0.27","gitVersion":"fc88ca137231d7457aed6265d4f32a361ae71716","openSSLVersion":"OpenSSL 3.0.2 15 Mar 2022","modules":[],"allocator":"tcmalloc","environment":{"distmod":"ubuntu2204","distarch":"x86_64","target_arch":"x86_64"}}}}
[xUnit.net 00:01:06.88]           2026-01-31T17:43:12.996413531Z {"t":{"$date":"2026-01-31T17:43:12.996+00:00"},"s":"I",  "c":"CONTROL",  "id":51765,   "ctx":"initandlisten","msg":"Operating System","attr":{"os":{"name":"Ubuntu","version":"22.04"}}}
[xUnit.net 00:01:06.88]           2026-01-31T17:43:12.996418551Z {"t":{"$date":"2026-01-31T17:43:12.996+00:00"},"s":"I",  "c":"CONTROL",  "id":21951,   "ctx":"initandlisten","msg":"Options set by command line","attr":{"options":{"net":{"bindIp":"*"},"security":{"authorization":"enabled"}}}}
[xUnit.net 00:01:06.88]           2026-01-31T17:43:12.997000335Z {"t":{"$date":"2026-01-31T17:43:12.996+00:00"},"s":"E",  "c":"CONTROL",  "id":20568,   "ctx":"initandlisten","msg":"Error setting up listener","attr":{"error":{"code":9001,"codeName":"SocketException","errmsg":"Address already in use"}}}
[xUnit.net 00:01:06.88]           2026-01-31T17:43:12.997020674Z {"t":{"$date":"2026-01-31T17:43:12.996+00:00"},"s":"I",  "c":"REPL",     "id":4784900, "ctx":"initandlisten","msg":"Stepping down the ReplicationCoordinator for shutdown","attr":{"waitTimeMillis":15000}}
[xUnit.net 00:01:06.88]           2026-01-31T17:43:12.997242247Z {"t":{"$date":"2026-01-31T17:43:12.997+00:00"},"s":"I",  "c":"REPL",     "id":4794602, "ctx":"initandlisten","msg":"Attempting to enter quiesce mode"}
[xUnit.net 00:01:06.88]           2026-01-31T17:43:12.997249431Z {"t":{"$date":"2026-01-31T17:43:12.997+00:00"},"s":"I",  "c":"-",        "id":6371601, "ctx":"initandlisten","msg":"Shutting down the FLE Crud thread pool"}
[xUnit.net 00:01:06.88]           2026-01-31T17:43:12.997253979Z {"t":{"$date":"2026-01-31T17:43:12.997+00:00"},"s":"I",  "c":"COMMAND",  "id":4784901, "ctx":"initandlisten","msg":"Shutting down the MirrorMaestro"}
[xUnit.net 00:01:06.88]           2026-01-31T17:43:12.997258277Z {"t":{"$date":"2026-01-31T17:43:12.997+00:00"},"s":"I",  "c":"SHARDING", "id":4784902, "ctx":"initandlisten","msg":"Shutting down the WaitForMajorityService"}
[xUnit.net 00:01:06.88]           2026-01-31T17:43:12.997262395Z {"t":{"$date":"2026-01-31T17:43:12.997+00:00"},"s":"I",  "c":"NETWORK",  "id":4784905, "ctx":"initandlisten","msg":"Shutting down the global connection pool"}
[xUnit.net 00:01:06.88]           2026-01-31T17:43:12.997266573Z {"t":{"$date":"2026-01-31T17:43:12.997+00:00"},"s":"I",  "c":"NETWORK",  "id":4784918, "ctx":"initandlisten","msg":"Shutting down the ReplicaSetMonitor"}
[xUnit.net 00:01:06.88]           2026-01-31T17:43:12.997270921Z {"t":{"$date":"2026-01-31T17:43:12.997+00:00"},"s":"I",  "c":"SHARDING", "id":4784921, "ctx":"initandlisten","msg":"Shutting down the MigrationUtilExecutor"}
[xUnit.net 00:01:06.88]           2026-01-31T17:43:12.997474768Z {"t":{"$date":"2026-01-31T17:43:12.997+00:00"},"s":"I",  "c":"ASIO",     "id":22582,   "ctx":"MigrationUtil-TaskExecutor","msg":"Killing all outstanding egress activity."}
[xUnit.net 00:01:06.88]           2026-01-31T17:43:12.997554266Z {"t":{"$date":"2026-01-31T17:43:12.997+00:00"},"s":"I",  "c":"COMMAND",  "id":4784923, "ctx":"initandlisten","msg":"Shutting down the ServiceEntryPoint"}
[xUnit.net 00:01:06.88]           2026-01-31T17:43:12.997574694Z {"t":{"$date":"2026-01-31T17:43:12.997+00:00"},"s":"I",  "c":"CONTROL",  "id":4784928, "ctx":"initandlisten","msg":"Shutting down the TTL monitor"}
[xUnit.net 00:01:06.88]           2026-01-31T17:43:12.997580175Z {"t":{"$date":"2026-01-31T17:43:12.997+00:00"},"s":"I",  "c":"CONTROL",  "id":6278511, "ctx":"initandlisten","msg":"Shutting down the Change Stream Expired Pre-images Remover"}
[xUnit.net 00:01:06.88]           2026-01-31T17:43:12.997584432Z {"t":{"$date":"2026-01-31T17:43:12.997+00:00"},"s":"I",  "c":"CONTROL",  "id":4784929, "ctx":"initandlisten","msg":"Acquiring the global lock for shutdown"}
[xUnit.net 00:01:06.88]           2026-01-31T17:43:12.997588751Z {"t":{"$date":"2026-01-31T17:43:12.997+00:00"},"s":"I",  "c":"-",        "id":4784931, "ctx":"initandlisten","msg":"Dropping the scope cache for shutdown"}
[xUnit.net 00:01:06.88]           2026-01-31T17:43:12.997661687Z {"t":{"$date":"2026-01-31T17:43:12.997+00:00"},"s":"I",  "c":"CONTROL",  "id":20565,   "ctx":"initandlisten","msg":"Now exiting"}
[xUnit.net 00:01:06.88]           2026-01-31T17:43:12.997668489Z {"t":{"$date":"2026-01-31T17:43:12.997+00:00"},"s":"I",  "c":"CONTROL",  "id":8423404, "ctx":"initandlisten","msg":"mongod shutdown complete","attr":{"Summary of time elapsed":{"Statistics":{"Enter terminal shutdown":"0 ms","Step down the replication coordinator for shutdown":"1 ms","Time spent in quiesce mode":"0 ms","Shut down FLE Crud subsystem":"0 ms","Shut down MirrorMaestro":"0 ms","Shut down WaitForMajorityService":"0 ms","Shut down the global connection pool":"0 ms","Shut down the replica set monitor":"0 ms","Shut down the migration util executor":"0 ms","Shut down the TTL monitor":"0 ms","Shut down expired pre-images remover":"0 ms","Shut down full-time data capture":"0 ms","shutdownTask total elapsed time":"1 ms"}}}}
[xUnit.net 00:01:06.88]           2026-01-31T17:43:12.997675773Z {"t":{"$date":"2026-01-31T17:43:12.997+00:00"},"s":"I",  "c":"CONTROL",  "id":23138,   "ctx":"initandlisten","msg":"Shutting down","attr":{"exitCode":48}}
[xUnit.net 00:01:06.88]         Stderr: 
[xUnit.net 00:01:06.88]           2026-01-31T17:43:11.040843350Z Warning: Ignoring extra certs from `/etc/ssl/certs/ca-certificates.crt`, load failed: error:8000000D:system library::Permission denied
[xUnit.net 00:01:06.89]       Stack Trace:
[xUnit.net 00:01:06.89]         /_/src/Testcontainers/Containers/DockerContainer.cs(768,0): at DotNet.Testcontainers.Containers.DockerContainer.ThrowIfContainerNotRunningAsync(WaitStrategyMode waitStrategyMode, Exception innerException)
[xUnit.net 00:01:06.89]         /_/src/Testcontainers/Containers/DockerContainer.cs(721,0): at DotNet.Testcontainers.Containers.DockerContainer.CheckReadinessAsync(WaitStrategy waitStrategy, CancellationToken ct)
[xUnit.net 00:01:06.89]         /_/src/Testcontainers/Configurations/WaitStrategies/WaitStrategy.cs(197,0): at DotNet.Testcontainers.Configurations.WaitStrategy.<>c__DisplayClass29_0.<<WaitUntilAsync>g__UntilAsync|0>d.MoveNext()
[xUnit.net 00:01:06.89]         --- End of stack trace from previous location ---
[xUnit.net 00:01:06.89]         /_/src/Testcontainers/Configurations/WaitStrategies/WaitStrategy.cs(226,0): at DotNet.Testcontainers.Configurations.WaitStrategy.WaitUntilAsync(Func`1 wait, TimeSpan interval, TimeSpan timeout, Int32 retries, CancellationToken ct)
[xUnit.net 00:01:06.89]         /_/src/Testcontainers/Containers/DockerContainer.cs(742,0): at DotNet.Testcontainers.Containers.DockerContainer.CheckReadinessAsync(IEnumerable`1 waitStrategies, CancellationToken ct)
[xUnit.net 00:01:06.89]         /_/src/Testcontainers/Containers/DockerContainer.cs(581,0): at DotNet.Testcontainers.Containers.DockerContainer.UnsafeStartAsync(CancellationToken ct)
[xUnit.net 00:01:06.89]         /_/src/Testcontainers/Containers/DockerContainer.cs(342,0): at DotNet.Testcontainers.Containers.DockerContainer.StartAsync(CancellationToken ct)
[xUnit.net 00:01:06.89]         /home/runner/work/TralliValli/TralliValli/tests/TraliVali.Tests/Auth/BackupServiceTests.cs(28,0): at TraliVali.Tests.Auth.BackupServiceTests.InitializeAsync()
[testcontainers.org 00:01:05.25] Docker container 5c43f7eec049 created
[testcontainers.org 00:01:05.26] Start Docker container 5c43f7eec049
[testcontainers.org 00:01:05.32] Docker container 65a3c81fce39 ready
[testcontainers.org 00:01:05.58] Stop Docker container 65a3c81fce39
  Passed TraliVali.Tests.Infrastructure.Storage.AzureBlobServiceTests.UploadArchiveAsync_ShouldThrowArgumentException_WhenPathIsEmpty [2 ms]
  Failed TraliVali.Tests.Auth.BackupServiceTests.TriggerBackupAsync_ShouldHandleCancellation [1 ms]
  Error Message:
   DotNet.Testcontainers.Containers.ContainerNotRunningException : Container f7f4b3496ff9bbcebaacee727d3e1861cc66b7f5c7f8fff1fd571667b3947566 exited with code 48.
  Stdout: 
    2026-01-31T17:43:09.796587755Z about to fork child process, waiting until server is ready for connections.
    2026-01-31T17:43:09.798564813Z forked process: 28
    2026-01-31T17:43:09.800005192Z 
    2026-01-31T17:43:09.800017425Z {"t":{"$date":"2026-01-31T17:43:09.799+00:00"},"s":"I",  "c":"CONTROL",  "id":20698,   "ctx":"-","msg":"***** SERVER RESTARTED *****"}
    2026-01-31T17:43:09.810837993Z {"t":{"$date":"2026-01-31T17:43:09.805+00:00"},"s":"I",  "c":"CONTROL",  "id":23285,   "ctx":"-","msg":"Automatically disabling TLS 1.0, to force-enable TLS 1.0 specify --sslDisabledProtocols 'none'"}
    2026-01-31T17:43:09.810857439Z {"t":{"$date":"2026-01-31T17:43:09.805+00:00"},"s":"I",  "c":"NETWORK",  "id":4915701, "ctx":"-","msg":"Initialized wire specification","attr":{"spec":{"incomingExternalClient":{"minWireVersion":0,"maxWireVersion":17},"incomingInternalClient":{"minWireVersion":0,"maxWireVersion":17},"outgoing":{"minWireVersion":6,"maxWireVersion":17},"isInternalClient":true}}}
    2026-01-31T17:43:09.810864573Z {"t":{"$date":"2026-01-31T17:43:09.808+00:00"},"s":"I",  "c":"NETWORK",  "id":4648601, "ctx":"main","msg":"Implicit TCP FastOpen unavailable. If TCP FastOpen is required, set tcpFastOpenServer, tcpFastOpenClient, and tcpFastOpenQueueSize."}
    2026-01-31T17:43:09.813138134Z {"t":{"$date":"2026-01-31T17:43:09.812+00:00"},"s":"I",  "c":"REPL",     "id":5123008, "ctx":"main","msg":"Successfully registered PrimaryOnlyService","attr":{"service":"TenantMigrationDonorService","namespace":"config.tenantMigrationDonors"}}
    2026-01-31T17:43:09.813152321Z {"t":{"$date":"2026-01-31T17:43:09.813+00:00"},"s":"I",  "c":"REPL",     "id":5123008, "ctx":"main","msg":"Successfully registered PrimaryOnlyService","attr":{"service":"TenantMigrationRecipientService","namespace":"config.tenantMigrationRecipients"}}
    2026-01-31T17:43:09.813157861Z {"t":{"$date":"2026-01-31T17:43:09.813+00:00"},"s":"I",  "c":"REPL",     "id":5123008, "ctx":"main","msg":"Successfully registered PrimaryOnlyService","attr":{"service":"ShardSplitDonorService","namespace":"config.tenantSplitDonors"}}
    2026-01-31T17:43:09.814090236Z {"t":{"$date":"2026-01-31T17:43:09.814+00:00"},"s":"I",  "c":"CONTROL",  "id":5945603, "ctx":"main","msg":"Multi threading initialized"}
    2026-01-31T17:43:09.815255081Z {"t":{"$date":"2026-01-31T17:43:09.815+00:00"},"s":"I",  "c":"CONTROL",  "id":4615611, "ctx":"initandlisten","msg":"MongoDB starting","attr":{"pid":28,"port":27017,"dbPath":"/data/db","architecture":"64-bit","host":"f7f4b3496ff9"}}
    2026-01-31T17:43:09.815354506Z {"t":{"$date":"2026-01-31T17:43:09.815+00:00"},"s":"I",  "c":"CONTROL",  "id":23403,   "ctx":"initandlisten","msg":"Build Info","attr":{"buildInfo":{"version":"6.0.27","gitVersion":"fc88ca137231d7457aed6265d4f32a361ae71716","openSSLVersion":"OpenSSL 3.0.2 15 Mar 2022","modules":[],"allocator":"tcmalloc","environment":{"distmod":"ubuntu2204","distarch":"x86_64","target_arch":"x86_64"}}}}
    2026-01-31T17:43:09.815363983Z {"t":{"$date":"2026-01-31T17:43:09.815+00:00"},"s":"I",  "c":"CONTROL",  "id":51765,   "ctx":"initandlisten","msg":"Operating System","attr":{"os":{"name":"Ubuntu","version":"22.04"}}}
    2026-01-31T17:43:09.815376246Z {"t":{"$date":"2026-01-31T17:43:09.815+00:00"},"s":"I",  "c":"CONTROL",  "id":21951,   "ctx":"initandlisten","msg":"Options set by command line","attr":{"options":{"net":{"bindIp":"127.0.0.1","port":27017,"tls":{"mode":"disabled"}},"processManagement":{"fork":true,"pidFilePath":"/tmp/docker-entrypoint-temp-mongod.pid"},"systemLog":{"destination":"file","logAppend":true,"path":"/proc/1/fd/1"}}}}
    2026-01-31T17:43:09.816639068Z {"t":{"$date":"2026-01-31T17:43:09.816+00:00"},"s":"I",  "c":"STORAGE",  "id":22297,   "ctx":"initandlisten","msg":"Using the XFS filesystem is strongly recommended with the WiredTiger storage engine. See http://dochub.mongodb.org/core/prodnotes-filesystem","tags":["startupWarnings"]}
    2026-01-31T17:43:09.816659035Z {"t":{"$date":"2026-01-31T17:43:09.816+00:00"},"s":"I",  "c":"STORAGE",  "id":22315,   "ctx":"initandlisten","msg":"Opening WiredTiger","attr":{"config":"create,cache_size=7483M,session_max=33000,eviction=(threads_min=4,threads_max=4),config_base=false,statistics=(fast),log=(enabled=true,remove=true,path=journal,compressor=snappy),builtin_extension_config=(zstd=(compression_level=6)),file_manager=(close_idle_time=600,close_scan_interval=10,close_handle_minimum=2000),statistics_log=(wait=0),json_output=(error,message),verbose=[recovery_progress:1,checkpoint_progress:1,compact_progress:1,backup:0,checkpoint:0,compact:0,evict:0,history_store:0,recovery:0,rts:0,salvage:0,tiered:0,timestamp:0,transaction:0,verify:0,log:0],"}}
    2026-01-31T17:43:10.057718228Z {"t":{"$date":"2026-01-31T17:43:10.057+00:00"},"s":"I",  "c":"WTRECOV",  "id":22430,   "ctx":"initandlisten","msg":"WiredTiger message","attr":{"message":{"ts_sec":1769881390,"ts_usec":57484,"thread":"28:0x7f5b07f93cc0","session_name":"txn-recover","category":"WT_VERB_RECOVERY_PROGRESS","category_id":30,"verbose_level":"DEBUG","verbose_level_id":1,"msg":"recovery log replay has successfully finished and ran for 0 milliseconds"}}}
    2026-01-31T17:43:10.057870111Z {"t":{"$date":"2026-01-31T17:43:10.057+00:00"},"s":"I",  "c":"WTRECOV",  "id":22430,   "ctx":"initandlisten","msg":"WiredTiger message","attr":{"message":{"ts_sec":1769881390,"ts_usec":57710,"thread":"28:0x7f5b07f93cc0","session_name":"txn-recover","category":"WT_VERB_RECOVERY_PROGRESS","category_id":30,"verbose_level":"DEBUG","verbose_level_id":1,"msg":"Set global recovery timestamp: (0, 0)"}}}
    2026-01-31T17:43:10.057893244Z {"t":{"$date":"2026-01-31T17:43:10.057+00:00"},"s":"I",  "c":"WTRECOV",  "id":22430,   "ctx":"initandlisten","msg":"WiredTiger message","attr":{"message":{"ts_sec":1769881390,"ts_usec":57744,"thread":"28:0x7f5b07f93cc0","session_name":"txn-recover","category":"WT_VERB_RECOVERY_PROGRESS","category_id":30,"verbose_level":"DEBUG","verbose_level_id":1,"msg":"Set global oldest timestamp: (0, 0)"}}}
    2026-01-31T17:43:10.057908672Z {"t":{"$date":"2026-01-31T17:43:10.057+00:00"},"s":"I",  "c":"WTRECOV",  "id":22430,   "ctx":"initandlisten","msg":"WiredTiger message","attr":{"message":{"ts_sec":1769881390,"ts_usec":57788,"thread":"28:0x7f5b07f93cc0","session_name":"txn-recover","category":"WT_VERB_RECOVERY_PROGRESS","category_id":30,"verbose_level":"DEBUG","verbose_level_id":1,"msg":"recovery was completed successfully and took 0ms, including 0ms for the log replay, 0ms for the rollback to stable, and 0ms for the checkpoint."}}}
    2026-01-31T17:43:10.063042403Z {"t":{"$date":"2026-01-31T17:43:10.062+00:00"},"s":"I",  "c":"STORAGE",  "id":4795906, "ctx":"initandlisten","msg":"WiredTiger opened","attr":{"durationMillis":246}}
    2026-01-31T17:43:10.063071898Z {"t":{"$date":"2026-01-31T17:43:10.063+00:00"},"s":"I",  "c":"RECOVERY", "id":23987,   "ctx":"initandlisten","msg":"WiredTiger recoveryTimestamp","attr":{"recoveryTimestamp":{"$timestamp":{"t":0,"i":0}}}}
    2026-01-31T17:43:10.078635272Z {"t":{"$date":"2026-01-31T17:43:10.076+00:00"},"s":"W",  "c":"CONTROL",  "id":22120,   "ctx":"initandlisten","msg":"Access control is not enabled for the database. Read and write access to data and configuration is unrestricted","tags":["startupWarnings"]}
    2026-01-31T17:43:10.081271476Z {"t":{"$date":"2026-01-31T17:43:10.076+00:00"},"s":"W",  "c":"CONTROL",  "id":22178,   "ctx":"initandlisten","msg":"/sys/kernel/mm/transparent_hugepage/enabled is 'always'. We suggest setting it to 'never' in this binary version","tags":["startupWarnings"]}
    2026-01-31T17:43:10.081285262Z {"t":{"$date":"2026-01-31T17:43:10.076+00:00"},"s":"I",  "c":"STORAGE",  "id":20320,   "ctx":"initandlisten","msg":"createCollection","attr":{"namespace":"admin.system.version","uuidDisposition":"provided","uuid":{"uuid":{"$uuid":"48088efc-46ee-40dc-88e5-24f669e7df91"}},"options":{"uuid":{"$uuid":"48088efc-46ee-40dc-88e5-24f669e7df91"}}}}
    2026-01-31T17:43:10.091137231Z {"t":{"$date":"2026-01-31T17:43:10.091+00:00"},"s":"I",  "c":"INDEX",    "id":20345,   "ctx":"initandlisten","msg":"Index build: done building","attr":{"buildUUID":null,"collectionUUID":{"uuid":{"$uuid":"48088efc-46ee-40dc-88e5-24f669e7df91"}},"namespace":"admin.system.version","index":"_id_","ident":"index-1-3064723559166933630","collectionIdent":"collection-0-3064723559166933630","commitTimestamp":null}}
    2026-01-31T17:43:10.091443944Z {"t":{"$date":"2026-01-31T17:43:10.091+00:00"},"s":"I",  "c":"REPL",     "id":20459,   "ctx":"initandlisten","msg":"Setting featureCompatibilityVersion","attr":{"newVersion":"6.0"}}
    2026-01-31T17:43:10.091911344Z {"t":{"$date":"2026-01-31T17:43:10.091+00:00"},"s":"I",  "c":"REPL",     "id":5853300, "ctx":"initandlisten","msg":"current featureCompatibilityVersion value","attr":{"featureCompatibilityVersion":"6.0","context":"setFCV"}}
    2026-01-31T17:43:10.091924078Z {"t":{"$date":"2026-01-31T17:43:10.091+00:00"},"s":"I",  "c":"NETWORK",  "id":4915702, "ctx":"initandlisten","msg":"Updated wire specification","attr":{"oldSpec":{"incomingExternalClient":{"minWireVersion":0,"maxWireVersion":17},"incomingInternalClient":{"minWireVersion":0,"maxWireVersion":17},"outgoing":{"minWireVersion":6,"maxWireVersion":17},"isInternalClient":true},"newSpec":{"incomingExternalClient":{"minWireVersion":0,"maxWireVersion":17},"incomingInternalClient":{"minWireVersion":17,"maxWireVersion":17},"outgoing":{"minWireVersion":17,"maxWireVersion":17},"isInternalClient":true}}}
    2026-01-31T17:43:10.091931742Z {"t":{"$date":"2026-01-31T17:43:10.091+00:00"},"s":"I",  "c":"NETWORK",  "id":4915702, "ctx":"initandlisten","msg":"Updated wire specification","attr":{"oldSpec":{"incomingExternalClient":{"minWireVersion":0,"maxWireVersion":17},"incomingInternalClient":{"minWireVersion":17,"maxWireVersion":17},"outgoing":{"minWireVersion":17,"maxWireVersion":17},"isInternalClient":true},"newSpec":{"incomingExternalClient":{"minWireVersion":0,"maxWireVersion":17},"incomingInternalClient":{"minWireVersion":17,"maxWireVersion":17},"outgoing":{"minWireVersion":17,"maxWireVersion":17},"isInternalClient":true}}}
    2026-01-31T17:43:10.092024822Z {"t":{"$date":"2026-01-31T17:43:10.091+00:00"},"s":"I",  "c":"REPL",     "id":5853300, "ctx":"initandlisten","msg":"current featureCompatibilityVersion value","attr":{"featureCompatibilityVersion":"6.0","context":"startup"}}
    2026-01-31T17:43:10.092276480Z {"t":{"$date":"2026-01-31T17:43:10.092+00:00"},"s":"I",  "c":"STORAGE",  "id":5071100, "ctx":"initandlisten","msg":"Clearing temp directory"}
    2026-01-31T17:43:10.092584894Z {"t":{"$date":"2026-01-31T17:43:10.092+00:00"},"s":"I",  "c":"CONTROL",  "id":20536,   "ctx":"initandlisten","msg":"Flow Control is enabled on this deployment"}
    2026-01-31T17:43:10.092950083Z {"t":{"$date":"2026-01-31T17:43:10.092+00:00"},"s":"I",  "c":"FTDC",     "id":20625,   "ctx":"initandlisten","msg":"Initializing full-time diagnostic data capture","attr":{"dataDirectory":"/data/db/diagnostic.data"}}
    2026-01-31T17:43:10.096935047Z {"t":{"$date":"2026-01-31T17:43:10.096+00:00"},"s":"I",  "c":"STORAGE",  "id":20320,   "ctx":"initandlisten","msg":"createCollection","attr":{"namespace":"local.startup_log","uuidDisposition":"generated","uuid":{"uuid":{"$uuid":"8552d664-4fae-47ba-b63c-d570b1655baf"}},"options":{"capped":true,"size":10485760}}}
    2026-01-31T17:43:10.109568019Z {"t":{"$date":"2026-01-31T17:43:10.109+00:00"},"s":"I",  "c":"INDEX",    "id":20345,   "ctx":"initandlisten","msg":"Index build: done building","attr":{"buildUUID":null,"collectionUUID":{"uuid":{"$uuid":"8552d664-4fae-47ba-b63c-d570b1655baf"}},"namespace":"local.startup_log","index":"_id_","ident":"index-3-3064723559166933630","collectionIdent":"collection-2-3064723559166933630","commitTimestamp":null}}
    2026-01-31T17:43:10.110903684Z {"t":{"$date":"2026-01-31T17:43:10.110+00:00"},"s":"I",  "c":"REPL",     "id":6015317, "ctx":"initandlisten","msg":"Setting new configuration state","attr":{"newState":"ConfigReplicationDisabled","oldState":"ConfigPreStart"}}
    2026-01-31T17:43:10.111020141Z {"t":{"$date":"2026-01-31T17:43:10.110+00:00"},"s":"I",  "c":"STORAGE",  "id":22262,   "ctx":"initandlisten","msg":"Timestamp monitor starting"}
    2026-01-31T17:43:10.113135546Z {"t":{"$date":"2026-01-31T17:43:10.113+00:00"},"s":"I",  "c":"STORAGE",  "id":20320,   "ctx":"LogicalSessionCacheRefresh","msg":"createCollection","attr":{"namespace":"config.system.sessions","uuidDisposition":"generated","uuid":{"uuid":{"$uuid":"31c67377-55d5-4bf0-8823-b5dd29c6e081"}},"options":{}}}
    2026-01-31T17:43:10.114087457Z {"t":{"$date":"2026-01-31T17:43:10.113+00:00"},"s":"I",  "c":"NETWORK",  "id":23015,   "ctx":"listener","msg":"Listening on","attr":{"address":"/tmp/mongodb-27017.sock"}}
    2026-01-31T17:43:10.114292088Z {"t":{"$date":"2026-01-31T17:43:10.114+00:00"},"s":"I",  "c":"NETWORK",  "id":23015,   "ctx":"listener","msg":"Listening on","attr":{"address":"127.0.0.1"}}
    2026-01-31T17:43:10.114477553Z {"t":{"$date":"2026-01-31T17:43:10.114+00:00"},"s":"I",  "c":"NETWORK",  "id":23016,   "ctx":"listener","msg":"Waiting for connections","attr":{"port":27017,"ssl":"off"}}
    2026-01-31T17:43:10.114701529Z {"t":{"$date":"2026-01-31T17:43:10.114+00:00"},"s":"I",  "c":"CONTROL",  "id":8423403, "ctx":"initandlisten","msg":"mongod startup complete","attr":{"Summary of time elapsed":{"Startup from clean shutdown?":true,"Statistics":{"Transport layer setup":"0 ms","Run initial syncer crash recovery":"0 ms","Create storage engine lock file in the data directory":"0 ms","Create storage engine lock file in the data directory":"0 ms","Get metadata describing storage engine":"0 ms","Get metadata describing storage engine":"0 ms","Create storage engine":"0 ms","Create storage engine":"255 ms","Write current PID to file":"0 ms","Write current PID to file":"0 ms","Write a new metadata for storage engine":"0 ms","Write a new metadata for storage engine":"0 ms","Initialize FCV before rebuilding indexes":"0 ms","Initialize FCV before rebuilding indexes":"0 ms","Drop abandoned idents and get back indexes that need to be rebuilt or builds that need to be restarted":"0 ms","Drop abandoned idents and get back indexes that need to be rebuilt or builds that need to be restarted":"0 ms","Rebuild indexes for collections":"0 ms","Rebuild indexes for collections":"0 ms","Build user and roles graph":"0 ms","Set up the background thread pool responsible for waiting for opTimes to be majority committed":"0 ms","Start up the replication coordinator":"1 ms","Start transport layer":"1 ms","_initAndListen total elapsed time":"299 ms"}}}}
    2026-01-31T17:43:10.116343908Z {"t":{"$date":"2026-01-31T17:43:10.116+00:00"},"s":"I",  "c":"CONTROL",  "id":20712,   "ctx":"LogicalSessionCacheReap","msg":"Sessions collection is not set up; waiting until next sessions reap interval","attr":{"error":"NamespaceNotFound: config.system.sessions does not exist"}}
    2026-01-31T17:43:10.118600256Z child process started successfully, parent exiting
    2026-01-31T17:43:10.133500233Z {"t":{"$date":"2026-01-31T17:43:10.133+00:00"},"s":"I",  "c":"INDEX",    "id":20345,   "ctx":"LogicalSessionCacheRefresh","msg":"Index build: done building","attr":{"buildUUID":null,"collectionUUID":{"uuid":{"$uuid":"31c67377-55d5-4bf0-8823-b5dd29c6e081"}},"namespace":"config.system.sessions","index":"_id_","ident":"index-5-3064723559166933630","collectionIdent":"collection-4-3064723559166933630","commitTimestamp":null}}
    2026-01-31T17:43:10.133646017Z {"t":{"$date":"2026-01-31T17:43:10.133+00:00"},"s":"I",  "c":"INDEX",    "id":20345,   "ctx":"LogicalSessionCacheRefresh","msg":"Index build: done building","attr":{"buildUUID":null,"collectionUUID":{"uuid":{"$uuid":"31c67377-55d5-4bf0-8823-b5dd29c6e081"}},"namespace":"config.system.sessions","index":"lsidTTLIndex","ident":"index-6-3064723559166933630","collectionIdent":"collection-4-3064723559166933630","commitTimestamp":null}}
    2026-01-31T17:43:10.663338063Z {"t":{"$date":"2026-01-31T17:43:10.663+00:00"},"s":"I",  "c":"NETWORK",  "id":22943,   "ctx":"listener","msg":"Connection accepted","attr":{"remote":"127.0.0.1:45514","uuid":"90087a92-1d0b-493a-8682-544acb79af5b","connectionId":1,"connectionCount":1}}
    2026-01-31T17:43:10.675357511Z {"t":{"$date":"2026-01-31T17:43:10.673+00:00"},"s":"I",  "c":"NETWORK",  "id":51800,   "ctx":"conn1","msg":"client metadata","attr":{"remote":"127.0.0.1:45514","client":"conn1","negotiatedCompressors":[],"doc":{"application":{"name":"mongosh 2.5.10"},"driver":{"name":"nodejs|mongosh","version":"6.19.0|2.5.10"},"platform":"Node.js v20.19.6, LE","os":{"name":"linux","architecture":"x64","version":"3.10.0-327.22.2.el7.x86_64","type":"Linux"},"env":{"container":{"runtime":"docker"}}}}}
    2026-01-31T17:43:10.788777067Z {"t":{"$date":"2026-01-31T17:43:10.788+00:00"},"s":"I",  "c":"NETWORK",  "id":22943,   "ctx":"listener","msg":"Connection accepted","attr":{"remote":"127.0.0.1:45522","uuid":"9fbb2698-9deb-4e71-99d2-a2937d52377b","connectionId":2,"connectionCount":2}}
    2026-01-31T17:43:10.790062929Z {"t":{"$date":"2026-01-31T17:43:10.789+00:00"},"s":"I",  "c":"NETWORK",  "id":22943,   "ctx":"listener","msg":"Connection accepted","attr":{"remote":"127.0.0.1:45528","uuid":"9fc7e752-b333-47a4-baa1-ac2de662d2a5","connectionId":3,"connectionCount":3}}
    2026-01-31T17:43:10.793197881Z {"t":{"$date":"2026-01-31T17:43:10.793+00:00"},"s":"I",  "c":"NETWORK",  "id":51800,   "ctx":"conn2","msg":"client metadata","attr":{"remote":"127.0.0.1:45522","client":"conn2","negotiatedCompressors":[],"doc":{"application":{"name":"mongosh 2.5.10"},"driver":{"name":"nodejs|mongosh","version":"6.19.0|2.5.10"},"platform":"Node.js v20.19.6, LE","os":{"name":"linux","architecture":"x64","version":"3.10.0-327.22.2.el7.x86_64","type":"Linux"},"env":{"container":{"runtime":"docker"}}}}}
    2026-01-31T17:43:10.797570406Z {"t":{"$date":"2026-01-31T17:43:10.796+00:00"},"s":"I",  "c":"NETWORK",  "id":51800,   "ctx":"conn3","msg":"client metadata","attr":{"remote":"127.0.0.1:45528","client":"conn3","negotiatedCompressors":[],"doc":{"application":{"name":"mongosh 2.5.10"},"driver":{"name":"nodejs|mongosh","version":"6.19.0|2.5.10"},"platform":"Node.js v20.19.6, LE","os":{"name":"linux","architecture":"x64","version":"3.10.0-327.22.2.el7.x86_64","type":"Linux"},"env":{"container":{"runtime":"docker"}}}}}
    2026-01-31T17:43:10.803394090Z {"t":{"$date":"2026-01-31T17:43:10.803+00:00"},"s":"I",  "c":"NETWORK",  "id":22943,   "ctx":"listener","msg":"Connection accepted","attr":{"remote":"127.0.0.1:45530","uuid":"963b964d-8647-4312-98bf-655d9e87a5de","connectionId":4,"connectionCount":4}}
    2026-01-31T17:43:10.809903711Z {"t":{"$date":"2026-01-31T17:43:10.809+00:00"},"s":"I",  "c":"NETWORK",  "id":22944,   "ctx":"conn1","msg":"Connection ended","attr":{"remote":"127.0.0.1:45514","uuid":"90087a92-1d0b-493a-8682-544acb79af5b","connectionId":1,"connectionCount":3}}
    2026-01-31T17:43:10.812291603Z {"t":{"$date":"2026-01-31T17:43:10.812+00:00"},"s":"I",  "c":"NETWORK",  "id":22944,   "ctx":"conn2","msg":"Connection ended","attr":{"remote":"127.0.0.1:45522","uuid":"9fbb2698-9deb-4e71-99d2-a2937d52377b","connectionId":2,"connectionCount":2}}
    2026-01-31T17:43:10.814856204Z {"t":{"$date":"2026-01-31T17:43:10.813+00:00"},"s":"I",  "c":"NETWORK",  "id":22944,   "ctx":"conn4","msg":"Connection ended","attr":{"remote":"127.0.0.1:45530","uuid":"963b964d-8647-4312-98bf-655d9e87a5de","connectionId":4,"connectionCount":1}}
    2026-01-31T17:43:10.818103936Z {"t":{"$date":"2026-01-31T17:43:10.818+00:00"},"s":"I",  "c":"NETWORK",  "id":22944,   "ctx":"conn3","msg":"Connection ended","attr":{"remote":"127.0.0.1:45528","uuid":"9fc7e752-b333-47a4-baa1-ac2de662d2a5","connectionId":3,"connectionCount":0}}
    2026-01-31T17:43:11.374761229Z {"t":{"$date":"2026-01-31T17:43:11.374+00:00"},"s":"I",  "c":"NETWORK",  "id":22943,   "ctx":"listener","msg":"Connection accepted","attr":{"remote":"127.0.0.1:45594","uuid":"ef831f84-ff1e-48da-9b5e-3f8d9a75e849","connectionId":5,"connectionCount":1}}
    2026-01-31T17:43:11.381363434Z {"t":{"$date":"2026-01-31T17:43:11.381+00:00"},"s":"I",  "c":"NETWORK",  "id":51800,   "ctx":"conn5","msg":"client metadata","attr":{"remote":"127.0.0.1:45594","client":"conn5","negotiatedCompressors":[],"doc":{"application":{"name":"mongosh 2.5.10"},"driver":{"name":"nodejs|mongosh","version":"6.19.0|2.5.10"},"platform":"Node.js v20.19.6, LE","os":{"name":"linux","architecture":"x64","version":"3.10.0-327.22.2.el7.x86_64","type":"Linux"},"env":{"container":{"runtime":"docker"}}}}}
    2026-01-31T17:43:11.463706432Z {"t":{"$date":"2026-01-31T17:43:11.463+00:00"},"s":"I",  "c":"NETWORK",  "id":22943,   "ctx":"listener","msg":"Connection accepted","attr":{"remote":"127.0.0.1:45608","uuid":"7b9fb995-21a1-47fb-8e1a-01ac1f8a5219","connectionId":6,"connectionCount":2}}
    2026-01-31T17:43:11.464811107Z {"t":{"$date":"2026-01-31T17:43:11.464+00:00"},"s":"I",  "c":"NETWORK",  "id":22943,   "ctx":"listener","msg":"Connection accepted","attr":{"remote":"127.0.0.1:45620","uuid":"df86b1fb-ab9d-4f02-803a-8dc118dcaf29","connectionId":7,"connectionCount":3}}
    2026-01-31T17:43:11.468861623Z {"t":{"$date":"2026-01-31T17:43:11.468+00:00"},"s":"I",  "c":"NETWORK",  "id":51800,   "ctx":"conn6","msg":"client metadata","attr":{"remote":"127.0.0.1:45608","client":"conn6","negotiatedCompressors":[],"doc":{"application":{"name":"mongosh 2.5.10"},"driver":{"name":"nodejs|mongosh","version":"6.19.0|2.5.10"},"platform":"Node.js v20.19.6, LE","os":{"name":"linux","architecture":"x64","version":"3.10.0-327.22.2.el7.x86_64","type":"Linux"},"env":{"container":{"runtime":"docker"}}}}}
    2026-01-31T17:43:11.470769672Z {"t":{"$date":"2026-01-31T17:43:11.470+00:00"},"s":"I",  "c":"NETWORK",  "id":51800,   "ctx":"conn7","msg":"client metadata","attr":{"remote":"127.0.0.1:45620","client":"conn7","negotiatedCompressors":[],"doc":{"application":{"name":"mongosh 2.5.10"},"driver":{"name":"nodejs|mongosh","version":"6.19.0|2.5.10"},"platform":"Node.js v20.19.6, LE","os":{"name":"linux","architecture":"x64","version":"3.10.0-327.22.2.el7.x86_64","type":"Linux"},"env":{"container":{"runtime":"docker"}}}}}
    2026-01-31T17:43:11.475398023Z {"t":{"$date":"2026-01-31T17:43:11.475+00:00"},"s":"I",  "c":"NETWORK",  "id":22943,   "ctx":"listener","msg":"Connection accepted","attr":{"remote":"127.0.0.1:45626","uuid":"dc1379bd-231c-4ab1-bff1-ee177e578ca7","connectionId":8,"connectionCount":4}}
    2026-01-31T17:43:11.477655293Z {"t":{"$date":"2026-01-31T17:43:11.477+00:00"},"s":"I",  "c":"NETWORK",  "id":22943,   "ctx":"listener","msg":"Connection accepted","attr":{"remote":"127.0.0.1:45628","uuid":"ba20b7ab-0759-4652-a20b-57173acf947a","connectionId":9,"connectionCount":5}}
    2026-01-31T17:43:11.483242096Z {"t":{"$date":"2026-01-31T17:43:11.483+00:00"},"s":"I",  "c":"NETWORK",  "id":51800,   "ctx":"conn8","msg":"client metadata","attr":{"remote":"127.0.0.1:45626","client":"conn8","negotiatedCompressors":[],"doc":{"application":{"name":"mongosh 2.5.10"},"driver":{"name":"nodejs|mongosh","version":"6.19.0|2.5.10"},"platform":"Node.js v20.19.6, LE","os":{"name":"linux","architecture":"x64","version":"3.10.0-327.22.2.el7.x86_64","type":"Linux"},"env":{"container":{"runtime":"docker"}}}}}
    2026-01-31T17:43:11.483961665Z {"t":{"$date":"2026-01-31T17:43:11.483+00:00"},"s":"I",  "c":"NETWORK",  "id":51800,   "ctx":"conn9","msg":"client metadata","attr":{"remote":"127.0.0.1:45628","client":"conn9","negotiatedCompressors":[],"doc":{"application":{"name":"mongosh 2.5.10"},"driver":{"name":"nodejs|mongosh","version":"6.19.0|2.5.10"},"platform":"Node.js v20.19.6, LE","os":{"name":"linux","architecture":"x64","version":"3.10.0-327.22.2.el7.x86_64","type":"Linux"},"env":{"container":{"runtime":"docker"}}}}}
    2026-01-31T17:43:11.897166259Z admin> ... ... ... ... {"t":{"$date":"2026-01-31T17:43:11.896+00:00"},"s":"I",  "c":"STORAGE",  "id":20320,   "ctx":"conn9","msg":"createCollection","attr":{"namespace":"admin.system.users","uuidDisposition":"generated","uuid":{"uuid":{"$uuid":"fe04147f-9427-491e-a5f9-c7273c8a2784"}},"options":{}}}
    2026-01-31T17:43:11.912049620Z {"t":{"$date":"2026-01-31T17:43:11.911+00:00"},"s":"I",  "c":"INDEX",    "id":20345,   "ctx":"conn9","msg":"Index build: done building","attr":{"buildUUID":null,"collectionUUID":{"uuid":{"$uuid":"fe04147f-9427-491e-a5f9-c7273c8a2784"}},"namespace":"admin.system.users","index":"_id_","ident":"index-8-3064723559166933630","collectionIdent":"collection-7-3064723559166933630","commitTimestamp":null}}
    2026-01-31T17:43:11.912068495Z {"t":{"$date":"2026-01-31T17:43:11.911+00:00"},"s":"I",  "c":"INDEX",    "id":20345,   "ctx":"conn9","msg":"Index build: done building","attr":{"buildUUID":null,"collectionUUID":{"uuid":{"$uuid":"fe04147f-9427-491e-a5f9-c7273c8a2784"}},"namespace":"admin.system.users","index":"user_1_db_1","ident":"index-9-3064723559166933630","collectionIdent":"collection-7-3064723559166933630","commitTimestamp":null}}
    2026-01-31T17:43:11.918959655Z { ok: 1 }
    2026-01-31T17:43:11.921988741Z admin> {"t":{"$date":"2026-01-31T17:43:11.921+00:00"},"s":"I",  "c":"-",        "id":20883,   "ctx":"conn5","msg":"Interrupted operation as its client disconnected","attr":{"opId":46}}
    2026-01-31T17:43:11.923266638Z {"t":{"$date":"2026-01-31T17:43:11.922+00:00"},"s":"I",  "c":"NETWORK",  "id":22944,   "ctx":"conn9","msg":"Connection ended","attr":{"remote":"127.0.0.1:45628","uuid":"ba20b7ab-0759-4652-a20b-57173acf947a","connectionId":9,"connectionCount":4}}
    2026-01-31T17:43:11.923279432Z {"t":{"$date":"2026-01-31T17:43:11.922+00:00"},"s":"I",  "c":"NETWORK",  "id":22944,   "ctx":"conn5","msg":"Connection ended","attr":{"remote":"127.0.0.1:45594","uuid":"ef831f84-ff1e-48da-9b5e-3f8d9a75e849","connectionId":5,"connectionCount":3}}
    2026-01-31T17:43:11.923321508Z {"t":{"$date":"2026-01-31T17:43:11.923+00:00"},"s":"I",  "c":"NETWORK",  "id":22944,   "ctx":"conn8","msg":"Connection ended","attr":{"remote":"127.0.0.1:45626","uuid":"dc1379bd-231c-4ab1-bff1-ee177e578ca7","connectionId":8,"connectionCount":2}}
    2026-01-31T17:43:11.923583275Z {"t":{"$date":"2026-01-31T17:43:11.923+00:00"},"s":"I",  "c":"NETWORK",  "id":22944,   "ctx":"conn6","msg":"Connection ended","attr":{"remote":"127.0.0.1:45608","uuid":"7b9fb995-21a1-47fb-8e1a-01ac1f8a5219","connectionId":6,"connectionCount":1}}
    2026-01-31T17:43:11.924213700Z {"t":{"$date":"2026-01-31T17:43:11.924+00:00"},"s":"I",  "c":"NETWORK",  "id":22944,   "ctx":"conn7","msg":"Connection ended","attr":{"remote":"127.0.0.1:45620","uuid":"df86b1fb-ab9d-4f02-803a-8dc118dcaf29","connectionId":7,"connectionCount":0}}
    2026-01-31T17:43:11.941804463Z 
    2026-01-31T17:43:11.942082982Z /usr/local/bin/docker-entrypoint.sh: ignoring /docker-entrypoint-initdb.d/*
    2026-01-31T17:43:11.942435708Z 
    2026-01-31T17:43:11.966089643Z 
    2026-01-31T17:43:11.966104331Z {"t":{"$date":"2026-01-31T17:43:11.965+00:00"},"s":"I",  "c":"CONTROL",  "id":20698,   "ctx":"-","msg":"***** SERVER RESTARTED *****"}
    2026-01-31T17:43:11.966832155Z {"t":{"$date":"2026-01-31T17:43:11.966+00:00"},"s":"I",  "c":"CONTROL",  "id":23285,   "ctx":"-","msg":"Automatically disabling TLS 1.0, to force-enable TLS 1.0 specify --sslDisabledProtocols 'none'"}
    2026-01-31T17:43:11.967010467Z {"t":{"$date":"2026-01-31T17:43:11.966+00:00"},"s":"I",  "c":"NETWORK",  "id":4915701, "ctx":"-","msg":"Initialized wire specification","attr":{"spec":{"incomingExternalClient":{"minWireVersion":0,"maxWireVersion":17},"incomingInternalClient":{"minWireVersion":0,"maxWireVersion":17},"outgoing":{"minWireVersion":6,"maxWireVersion":17},"isInternalClient":true}}}
    2026-01-31T17:43:11.968963991Z {"t":{"$date":"2026-01-31T17:43:11.968+00:00"},"s":"I",  "c":"NETWORK",  "id":4648601, "ctx":"main","msg":"Implicit TCP FastOpen unavailable. If TCP FastOpen is required, set tcpFastOpenServer, tcpFastOpenClient, and tcpFastOpenQueueSize."}
    2026-01-31T17:43:11.970339523Z {"t":{"$date":"2026-01-31T17:43:11.970+00:00"},"s":"I",  "c":"REPL",     "id":5123008, "ctx":"main","msg":"Successfully registered PrimaryOnlyService","attr":{"service":"TenantMigrationDonorService","namespace":"config.tenantMigrationDonors"}}
    2026-01-31T17:43:11.970354631Z {"t":{"$date":"2026-01-31T17:43:11.970+00:00"},"s":"I",  "c":"REPL",     "id":5123008, "ctx":"main","msg":"Successfully registered PrimaryOnlyService","attr":{"service":"TenantMigrationRecipientService","namespace":"config.tenantMigrationRecipients"}}
    2026-01-31T17:43:11.970370390Z {"t":{"$date":"2026-01-31T17:43:11.970+00:00"},"s":"I",  "c":"REPL",     "id":5123008, "ctx":"main","msg":"Successfully registered PrimaryOnlyService","attr":{"service":"ShardSplitDonorService","namespace":"config.tenantSplitDonors"}}
    2026-01-31T17:43:11.970465798Z Killing process with pid: 28
    2026-01-31T17:43:11.970618592Z {"t":{"$date":"2026-01-31T17:43:11.970+00:00"},"s":"I",  "c":"CONTROL",  "id":23377,   "ctx":"SignalHandler","msg":"Received signal","attr":{"signal":15,"error":"Terminated"}}
    2026-01-31T17:43:11.971107481Z {"t":{"$date":"2026-01-31T17:43:11.970+00:00"},"s":"I",  "c":"CONTROL",  "id":23378,   "ctx":"SignalHandler","msg":"Signal was sent by kill(2)","attr":{"pid":99,"uid":999}}
    2026-01-31T17:43:11.971116778Z {"t":{"$date":"2026-01-31T17:43:11.970+00:00"},"s":"I",  "c":"CONTROL",  "id":23381,   "ctx":"SignalHandler","msg":"will terminate after current cmd ends"}
    2026-01-31T17:43:11.971121837Z {"t":{"$date":"2026-01-31T17:43:11.970+00:00"},"s":"I",  "c":"REPL",     "id":4784900, "ctx":"SignalHandler","msg":"Stepping down the ReplicationCoordinator for shutdown","attr":{"waitTimeMillis":15000}}
    2026-01-31T17:43:11.971136795Z {"t":{"$date":"2026-01-31T17:43:11.970+00:00"},"s":"I",  "c":"REPL",     "id":4794602, "ctx":"SignalHandler","msg":"Attempting to enter quiesce mode"}
    2026-01-31T17:43:11.971141033Z {"t":{"$date":"2026-01-31T17:43:11.970+00:00"},"s":"I",  "c":"-",        "id":6371601, "ctx":"SignalHandler","msg":"Shutting down the FLE Crud thread pool"}
    2026-01-31T17:43:11.971144931Z {"t":{"$date":"2026-01-31T17:43:11.970+00:00"},"s":"I",  "c":"COMMAND",  "id":4784901, "ctx":"SignalHandler","msg":"Shutting down the MirrorMaestro"}
    2026-01-31T17:43:11.971148247Z {"t":{"$date":"2026-01-31T17:43:11.970+00:00"},"s":"I",  "c":"SHARDING", "id":4784902, "ctx":"SignalHandler","msg":"Shutting down the WaitForMajorityService"}
    2026-01-31T17:43:11.971431564Z {"t":{"$date":"2026-01-31T17:43:11.971+00:00"},"s":"I",  "c":"CONTROL",  "id":4784903, "ctx":"SignalHandler","msg":"Shutting down the LogicalSessionCache"}
    2026-01-31T17:43:11.973623742Z {"t":{"$date":"2026-01-31T17:43:11.971+00:00"},"s":"I",  "c":"NETWORK",  "id":20562,   "ctx":"SignalHandler","msg":"Shutdown: going to close listening sockets"}
    2026-01-31T17:43:11.973766638Z {"t":{"$date":"2026-01-31T17:43:11.973+00:00"},"s":"I",  "c":"NETWORK",  "id":23017,   "ctx":"listener","msg":"removing socket file","attr":{"path":"/tmp/mongodb-27017.sock"}}
    2026-01-31T17:43:11.973997648Z {"t":{"$date":"2026-01-31T17:43:11.973+00:00"},"s":"I",  "c":"NETWORK",  "id":4784905, "ctx":"SignalHandler","msg":"Shutting down the global connection pool"}
    2026-01-31T17:43:11.974113674Z {"t":{"$date":"2026-01-31T17:43:11.974+00:00"},"s":"I",  "c":"CONTROL",  "id":4784906, "ctx":"SignalHandler","msg":"Shutting down the FlowControlTicketholder"}
    2026-01-31T17:43:11.974202549Z {"t":{"$date":"2026-01-31T17:43:11.974+00:00"},"s":"I",  "c":"-",        "id":20520,   "ctx":"SignalHandler","msg":"Stopping further Flow Control ticket acquisitions."}
    2026-01-31T17:43:11.974334565Z {"t":{"$date":"2026-01-31T17:43:11.974+00:00"},"s":"I",  "c":"CONTROL",  "id":4784908, "ctx":"SignalHandler","msg":"Shutting down the PeriodicThreadToAbortExpiredTransactions"}
    2026-01-31T17:43:11.974535699Z {"t":{"$date":"2026-01-31T17:43:11.974+00:00"},"s":"I",  "c":"REPL",     "id":4784909, "ctx":"SignalHandler","msg":"Shutting down the ReplicationCoordinator"}
    2026-01-31T17:43:11.974609937Z {"t":{"$date":"2026-01-31T17:43:11.974+00:00"},"s":"I",  "c":"SHARDING", "id":4784910, "ctx":"SignalHandler","msg":"Shutting down the ShardingInitializationMongoD"}
    2026-01-31T17:43:11.974711636Z {"t":{"$date":"2026-01-31T17:43:11.974+00:00"},"s":"I",  "c":"REPL",     "id":4784911, "ctx":"SignalHandler","msg":"Enqueuing the ReplicationStateTransitionLock for shutdown"}
    2026-01-31T17:43:11.974779001Z {"t":{"$date":"2026-01-31T17:43:11.974+00:00"},"s":"I",  "c":"-",        "id":4784912, "ctx":"SignalHandler","msg":"Killing all operations for shutdown"}
    2026-01-31T17:43:11.974852208Z {"t":{"$date":"2026-01-31T17:43:11.974+00:00"},"s":"I",  "c":"-",        "id":4695300, "ctx":"SignalHandler","msg":"Interrupted all currently running operations","attr":{"opsKilled":3}}
    2026-01-31T17:43:11.974940922Z {"t":{"$date":"2026-01-31T17:43:11.974+00:00"},"s":"I",  "c":"TENANT_M", "id":5093807, "ctx":"SignalHandler","msg":"Shutting down all TenantMigrationAccessBlockers on global shutdown"}
    2026-01-31T17:43:11.975026893Z {"t":{"$date":"2026-01-31T17:43:11.975+00:00"},"s":"I",  "c":"COMMAND",  "id":4784913, "ctx":"SignalHandler","msg":"Shutting down all open transactions"}
    2026-01-31T17:43:11.975110127Z {"t":{"$date":"2026-01-31T17:43:11.975+00:00"},"s":"I",  "c":"REPL",     "id":4784914, "ctx":"SignalHandler","msg":"Acquiring the ReplicationStateTransitionLock for shutdown"}
    2026-01-31T17:43:11.975189264Z {"t":{"$date":"2026-01-31T17:43:11.975+00:00"},"s":"I",  "c":"INDEX",    "id":4784915, "ctx":"SignalHandler","msg":"Shutting down the IndexBuildsCoordinator"}
    2026-01-31T17:43:11.975280404Z {"t":{"$date":"2026-01-31T17:43:11.975+00:00"},"s":"I",  "c":"NETWORK",  "id":4784918, "ctx":"SignalHandler","msg":"Shutting down the ReplicaSetMonitor"}
    2026-01-31T17:43:11.975343602Z {"t":{"$date":"2026-01-31T17:43:11.975+00:00"},"s":"I",  "c":"SHARDING", "id":4784921, "ctx":"SignalHandler","msg":"Shutting down the MigrationUtilExecutor"}
    2026-01-31T17:43:11.975572678Z {"t":{"$date":"2026-01-31T17:43:11.975+00:00"},"s":"I",  "c":"ASIO",     "id":22582,   "ctx":"MigrationUtil-TaskExecutor","msg":"Killing all outstanding egress activity."}
    2026-01-31T17:43:11.975697931Z {"t":{"$date":"2026-01-31T17:43:11.975+00:00"},"s":"I",  "c":"COMMAND",  "id":4784923, "ctx":"SignalHandler","msg":"Shutting down the ServiceEntryPoint"}
    2026-01-31T17:43:11.975834084Z {"t":{"$date":"2026-01-31T17:43:11.975+00:00"},"s":"I",  "c":"CONTROL",  "id":4784927, "ctx":"SignalHandler","msg":"Shutting down the HealthLog"}
    2026-01-31T17:43:11.975913532Z {"t":{"$date":"2026-01-31T17:43:11.975+00:00"},"s":"I",  "c":"CONTROL",  "id":4784928, "ctx":"SignalHandler","msg":"Shutting down the TTL monitor"}
    2026-01-31T17:43:11.975993691Z {"t":{"$date":"2026-01-31T17:43:11.975+00:00"},"s":"I",  "c":"INDEX",    "id":3684100, "ctx":"SignalHandler","msg":"Shutting down TTL collection monitor thread"}
    2026-01-31T17:43:11.976186049Z {"t":{"$date":"2026-01-31T17:43:11.976+00:00"},"s":"I",  "c":"INDEX",    "id":3684101, "ctx":"SignalHandler","msg":"Finished shutting down TTL collection monitor thread"}
    2026-01-31T17:43:11.976294421Z {"t":{"$date":"2026-01-31T17:43:11.976+00:00"},"s":"I",  "c":"CONTROL",  "id":6278511, "ctx":"SignalHandler","msg":"Shutting down the Change Stream Expired Pre-images Remover"}
    2026-01-31T17:43:11.976487820Z {"t":{"$date":"2026-01-31T17:43:11.976+00:00"},"s":"I",  "c":"CONTROL",  "id":4784929, "ctx":"SignalHandler","msg":"Acquiring the global lock for shutdown"}
    2026-01-31T17:43:11.976624535Z {"t":{"$date":"2026-01-31T17:43:11.976+00:00"},"s":"I",  "c":"CONTROL",  "id":4784930, "ctx":"SignalHandler","msg":"Shutting down the storage engine"}
    2026-01-31T17:43:11.976749227Z {"t":{"$date":"2026-01-31T17:43:11.976+00:00"},"s":"I",  "c":"STORAGE",  "id":22320,   "ctx":"SignalHandler","msg":"Shutting down journal flusher thread"}
    2026-01-31T17:43:11.976965680Z {"t":{"$date":"2026-01-31T17:43:11.976+00:00"},"s":"I",  "c":"STORAGE",  "id":22321,   "ctx":"SignalHandler","msg":"Finished shutting down journal flusher thread"}
    2026-01-31T17:43:11.977080032Z {"t":{"$date":"2026-01-31T17:43:11.977+00:00"},"s":"I",  "c":"STORAGE",  "id":22322,   "ctx":"SignalHandler","msg":"Shutting down checkpoint thread"}
    2026-01-31T17:43:11.977251672Z {"t":{"$date":"2026-01-31T17:43:11.977+00:00"},"s":"I",  "c":"STORAGE",  "id":22323,   "ctx":"SignalHandler","msg":"Finished shutting down checkpoint thread"}
    2026-01-31T17:43:11.977372085Z {"t":{"$date":"2026-01-31T17:43:11.977+00:00"},"s":"I",  "c":"STORAGE",  "id":22261,   "ctx":"SignalHandler","msg":"Timestamp monitor shutting down"}
    2026-01-31T17:43:11.977633892Z {"t":{"$date":"2026-01-31T17:43:11.977+00:00"},"s":"I",  "c":"STORAGE",  "id":20282,   "ctx":"SignalHandler","msg":"Deregistering all the collections"}
    2026-01-31T17:43:11.977805732Z {"t":{"$date":"2026-01-31T17:43:11.977+00:00"},"s":"I",  "c":"STORAGE",  "id":22317,   "ctx":"SignalHandler","msg":"WiredTigerKVEngine shutting down"}
    2026-01-31T17:43:11.977908073Z {"t":{"$date":"2026-01-31T17:43:11.977+00:00"},"s":"I",  "c":"STORAGE",  "id":22318,   "ctx":"SignalHandler","msg":"Shutting down session sweeper thread"}
    2026-01-31T17:43:11.978511415Z {"t":{"$date":"2026-01-31T17:43:11.978+00:00"},"s":"I",  "c":"STORAGE",  "id":22319,   "ctx":"SignalHandler","msg":"Finished shutting down session sweeper thread"}
    2026-01-31T17:43:11.978928521Z {"t":{"$date":"2026-01-31T17:43:11.978+00:00"},"s":"I",  "c":"STORAGE",  "id":4795902, "ctx":"SignalHandler","msg":"Closing WiredTiger","attr":{"closeConfig":"leak_memory=true,"}}
    2026-01-31T17:43:11.981276930Z {"t":{"$date":"2026-01-31T17:43:11.981+00:00"},"s":"I",  "c":"WTCHKPT",  "id":22430,   "ctx":"SignalHandler","msg":"WiredTiger message","attr":{"message":{"ts_sec":1769881391,"ts_usec":981173,"thread":"28:0x7f5b07f92640","session_name":"close_ckpt","category":"WT_VERB_CHECKPOINT_PROGRESS","category_id":6,"verbose_level":"DEBUG","verbose_level_id":1,"msg":"saving checkpoint snapshot min: 46, snapshot max: 46 snapshot count: 0, oldest timestamp: (0, 0) , meta checkpoint timestamp: (0, 0) base write gen: 1"}}}
    2026-01-31T17:43:11.986152500Z {"t":{"$date":"2026-01-31T17:43:11.986+00:00"},"s":"I",  "c":"WTRECOV",  "id":22430,   "ctx":"SignalHandler","msg":"WiredTiger message","attr":{"message":{"ts_sec":1769881391,"ts_usec":986066,"thread":"28:0x7f5b07f92640","session_name":"WT_CONNECTION.close","category":"WT_VERB_RECOVERY_PROGRESS","category_id":30,"verbose_level":"DEBUG","verbose_level_id":1,"msg":"shutdown checkpoint has successfully finished and ran for 6 milliseconds"}}}
    2026-01-31T17:43:11.986383921Z {"t":{"$date":"2026-01-31T17:43:11.986+00:00"},"s":"I",  "c":"WTRECOV",  "id":22430,   "ctx":"SignalHandler","msg":"WiredTiger message","attr":{"message":{"ts_sec":1769881391,"ts_usec":986299,"thread":"28:0x7f5b07f92640","session_name":"WT_CONNECTION.close","category":"WT_VERB_RECOVERY_PROGRESS","category_id":30,"verbose_level":"DEBUG","verbose_level_id":1,"msg":"shutdown was completed successfully and took 7ms, including 0ms for the rollback to stable, and 6ms for the checkpoint."}}}
    2026-01-31T17:43:12.006677653Z {"t":{"$date":"2026-01-31T17:43:12.006+00:00"},"s":"I",  "c":"STORAGE",  "id":4795901, "ctx":"SignalHandler","msg":"WiredTiger closed","attr":{"durationMillis":28}}
    2026-01-31T17:43:12.006776267Z {"t":{"$date":"2026-01-31T17:43:12.006+00:00"},"s":"I",  "c":"STORAGE",  "id":22279,   "ctx":"SignalHandler","msg":"shutdown: removing fs lock..."}
    2026-01-31T17:43:12.006918932Z {"t":{"$date":"2026-01-31T17:43:12.006+00:00"},"s":"I",  "c":"-",        "id":4784931, "ctx":"SignalHandler","msg":"Dropping the scope cache for shutdown"}
    2026-01-31T17:43:12.006988882Z {"t":{"$date":"2026-01-31T17:43:12.006+00:00"},"s":"I",  "c":"FTDC",     "id":20626,   "ctx":"SignalHandler","msg":"Shutting down full-time diagnostic data capture"}
    2026-01-31T17:43:12.974942712Z 
    2026-01-31T17:43:12.974967248Z MongoDB init process complete; ready for start up.
    2026-01-31T17:43:12.974976726Z 
    2026-01-31T17:43:12.994744654Z {"t":{"$date":"2026-01-31T17:43:12.992+00:00"},"s":"I",  "c":"CONTROL",  "id":23285,   "ctx":"-","msg":"Automatically disabling TLS 1.0, to force-enable TLS 1.0 specify --sslDisabledProtocols 'none'"}
    2026-01-31T17:43:12.994785340Z {"t":{"$date":"2026-01-31T17:43:12.993+00:00"},"s":"I",  "c":"NETWORK",  "id":4915701, "ctx":"-","msg":"Initialized wire specification","attr":{"spec":{"incomingExternalClient":{"minWireVersion":0,"maxWireVersion":17},"incomingInternalClient":{"minWireVersion":0,"maxWireVersion":17},"outgoing":{"minWireVersion":6,"maxWireVersion":17},"isInternalClient":true}}}
    2026-01-31T17:43:12.994947823Z {"t":{"$date":"2026-01-31T17:43:12.994+00:00"},"s":"I",  "c":"NETWORK",  "id":4648601, "ctx":"main","msg":"Implicit TCP FastOpen unavailable. If TCP FastOpen is required, set tcpFastOpenServer, tcpFastOpenClient, and tcpFastOpenQueueSize."}
    2026-01-31T17:43:12.995865983Z {"t":{"$date":"2026-01-31T17:43:12.995+00:00"},"s":"I",  "c":"REPL",     "id":5123008, "ctx":"main","msg":"Successfully registered PrimaryOnlyService","attr":{"service":"TenantMigrationDonorService","namespace":"config.tenantMigrationDonors"}}
    2026-01-31T17:43:12.995881132Z {"t":{"$date":"2026-01-31T17:43:12.995+00:00"},"s":"I",  "c":"REPL",     "id":5123008, "ctx":"main","msg":"Successfully registered PrimaryOnlyService","attr":{"service":"TenantMigrationRecipientService","namespace":"config.tenantMigrationRecipients"}}
    2026-01-31T17:43:12.995965960Z {"t":{"$date":"2026-01-31T17:43:12.995+00:00"},"s":"I",  "c":"REPL",     "id":5123008, "ctx":"main","msg":"Successfully registered PrimaryOnlyService","attr":{"service":"ShardSplitDonorService","namespace":"config.tenantSplitDonors"}}
    2026-01-31T17:43:12.995976640Z {"t":{"$date":"2026-01-31T17:43:12.995+00:00"},"s":"I",  "c":"CONTROL",  "id":5945603, "ctx":"main","msg":"Multi threading initialized"}
    2026-01-31T17:43:12.996321480Z {"t":{"$date":"2026-01-31T17:43:12.996+00:00"},"s":"I",  "c":"CONTROL",  "id":4615611, "ctx":"initandlisten","msg":"MongoDB starting","attr":{"pid":1,"port":27017,"dbPath":"/data/db","architecture":"64-bit","host":"f7f4b3496ff9"}}
    2026-01-31T17:43:12.996404875Z {"t":{"$date":"2026-01-31T17:43:12.996+00:00"},"s":"I",  "c":"CONTROL",  "id":23403,   "ctx":"initandlisten","msg":"Build Info","attr":{"buildInfo":{"version":"6.0.27","gitVersion":"fc88ca137231d7457aed6265d4f32a361ae71716","openSSLVersion":"OpenSSL 3.0.2 15 Mar 2022","modules":[],"allocator":"tcmalloc","environment":{"distmod":"ubuntu2204","distarch":"x86_64","target_arch":"x86_64"}}}}
    2026-01-31T17:43:12.996413531Z {"t":{"$date":"2026-01-31T17:43:12.996+00:00"},"s":"I",  "c":"CONTROL",  "id":51765,   "ctx":"initandlisten","msg":"Operating System","attr":{"os":{"name":"Ubuntu","version":"22.04"}}}
    2026-01-31T17:43:12.996418551Z {"t":{"$date":"2026-01-31T17:43:12.996+00:00"},"s":"I",  "c":"CONTROL",  "id":21951,   "ctx":"initandlisten","msg":"Options set by command line","attr":{"options":{"net":{"bindIp":"*"},"security":{"authorization":"enabled"}}}}
    2026-01-31T17:43:12.997000335Z {"t":{"$date":"2026-01-31T17:43:12.996+00:00"},"s":"E",  "c":"CONTROL",  "id":20568,   "ctx":"initandlisten","msg":"Error setting up listener","attr":{"error":{"code":9001,"codeName":"SocketException","errmsg":"Address already in use"}}}
    2026-01-31T17:43:12.997020674Z {"t":{"$date":"2026-01-31T17:43:12.996+00:00"},"s":"I",  "c":"REPL",     "id":4784900, "ctx":"initandlisten","msg":"Stepping down the ReplicationCoordinator for shutdown","attr":{"waitTimeMillis":15000}}
    2026-01-31T17:43:12.997242247Z {"t":{"$date":"2026-01-31T17:43:12.997+00:00"},"s":"I",  "c":"REPL",     "id":4794602, "ctx":"initandlisten","msg":"Attempting to enter quiesce mode"}
    2026-01-31T17:43:12.997249431Z {"t":{"$date":"2026-01-31T17:43:12.997+00:00"},"s":"I",  "c":"-",        "id":6371601, "ctx":"initandlisten","msg":"Shutting down the FLE Crud thread pool"}
    2026-01-31T17:43:12.997253979Z {"t":{"$date":"2026-01-31T17:43:12.997+00:00"},"s":"I",  "c":"COMMAND",  "id":4784901, "ctx":"initandlisten","msg":"Shutting down the MirrorMaestro"}
    2026-01-31T17:43:12.997258277Z {"t":{"$date":"2026-01-31T17:43:12.997+00:00"},"s":"I",  "c":"SHARDING", "id":4784902, "ctx":"initandlisten","msg":"Shutting down the WaitForMajorityService"}
    2026-01-31T17:43:12.997262395Z {"t":{"$date":"2026-01-31T17:43:12.997+00:00"},"s":"I",  "c":"NETWORK",  "id":4784905, "ctx":"initandlisten","msg":"Shutting down the global connection pool"}
    2026-01-31T17:43:12.997266573Z {"t":{"$date":"2026-01-31T17:43:12.997+00:00"},"s":"I",  "c":"NETWORK",  "id":4784918, "ctx":"initandlisten","msg":"Shutting down the ReplicaSetMonitor"}
    2026-01-31T17:43:12.997270921Z {"t":{"$date":"2026-01-31T17:43:12.997+00:00"},"s":"I",  "c":"SHARDING", "id":4784921, "ctx":"initandlisten","msg":"Shutting down the MigrationUtilExecutor"}
    2026-01-31T17:43:12.997474768Z {"t":{"$date":"2026-01-31T17:43:12.997+00:00"},"s":"I",  "c":"ASIO",     "id":22582,   "ctx":"MigrationUtil-TaskExecutor","msg":"Killing all outstanding egress activity."}
    2026-01-31T17:43:12.997554266Z {"t":{"$date":"2026-01-31T17:43:12.997+00:00"},"s":"I",  "c":"COMMAND",  "id":4784923, "ctx":"initandlisten","msg":"Shutting down the ServiceEntryPoint"}
    2026-01-31T17:43:12.997574694Z {"t":{"$date":"2026-01-31T17:43:12.997+00:00"},"s":"I",  "c":"CONTROL",  "id":4784928, "ctx":"initandlisten","msg":"Shutting down the TTL monitor"}
    2026-01-31T17:43:12.997580175Z {"t":{"$date":"2026-01-31T17:43:12.997+00:00"},"s":"I",  "c":"CONTROL",  "id":6278511, "ctx":"initandlisten","msg":"Shutting down the Change Stream Expired Pre-images Remover"}
    2026-01-31T17:43:12.997584432Z {"t":{"$date":"2026-01-31T17:43:12.997+00:00"},"s":"I",  "c":"CONTROL",  "id":4784929, "ctx":"initandlisten","msg":"Acquiring the global lock for shutdown"}
    2026-01-31T17:43:12.997588751Z {"t":{"$date":"2026-01-31T17:43:12.997+00:00"},"s":"I",  "c":"-",        "id":4784931, "ctx":"initandlisten","msg":"Dropping the scope cache for shutdown"}
    2026-01-31T17:43:12.997661687Z {"t":{"$date":"2026-01-31T17:43:12.997+00:00"},"s":"I",  "c":"CONTROL",  "id":20565,   "ctx":"initandlisten","msg":"Now exiting"}
    2026-01-31T17:43:12.997668489Z {"t":{"$date":"2026-01-31T17:43:12.997+00:00"},"s":"I",  "c":"CONTROL",  "id":8423404, "ctx":"initandlisten","msg":"mongod shutdown complete","attr":{"Summary of time elapsed":{"Statistics":{"Enter terminal shutdown":"0 ms","Step down the replication coordinator for shutdown":"1 ms","Time spent in quiesce mode":"0 ms","Shut down FLE Crud subsystem":"0 ms","Shut down MirrorMaestro":"0 ms","Shut down WaitForMajorityService":"0 ms","Shut down the global connection pool":"0 ms","Shut down the replica set monitor":"0 ms","Shut down the migration util executor":"0 ms","Shut down the TTL monitor":"0 ms","Shut down expired pre-images remover":"0 ms","Shut down full-time data capture":"0 ms","shutdownTask total elapsed time":"1 ms"}}}}
    2026-01-31T17:43:12.997675773Z {"t":{"$date":"2026-01-31T17:43:12.997+00:00"},"s":"I",  "c":"CONTROL",  "id":23138,   "ctx":"initandlisten","msg":"Shutting down","attr":{"exitCode":48}}
  Stderr: 
    2026-01-31T17:43:11.040843350Z Warning: Ignoring extra certs from `/etc/ssl/certs/ca-certificates.crt`, load failed: error:8000000D:system library::Permission denied
  Stack Trace:
     at DotNet.Testcontainers.Containers.DockerContainer.ThrowIfContainerNotRunningAsync(WaitStrategyMode waitStrategyMode, Exception innerException) in /_/src/Testcontainers/Containers/DockerContainer.cs:line 768
   at DotNet.Testcontainers.Containers.DockerContainer.CheckReadinessAsync(WaitStrategy waitStrategy, CancellationToken ct) in /_/src/Testcontainers/Containers/DockerContainer.cs:line 721
   at DotNet.Testcontainers.Configurations.WaitStrategy.<>c__DisplayClass29_0.<<WaitUntilAsync>g__UntilAsync|0>d.MoveNext() in /_/src/Testcontainers/Configurations/WaitStrategies/WaitStrategy.cs:line 197
--- End of stack trace from previous location ---
   at DotNet.Testcontainers.Configurations.WaitStrategy.WaitUntilAsync(Func`1 wait, TimeSpan interval, TimeSpan timeout, Int32 retries, CancellationToken ct) in /_/src/Testcontainers/Configurations/WaitStrategies/WaitStrategy.cs:line 226
   at DotNet.Testcontainers.Containers.DockerContainer.CheckReadinessAsync(IEnumerable`1 waitStrategies, CancellationToken ct) in /_/src/Testcontainers/Containers/DockerContainer.cs:line 742
   at DotNet.Testcontainers.Containers.DockerContainer.UnsafeStartAsync(CancellationToken ct) in /_/src/Testcontainers/Containers/DockerContainer.cs:line 581
   at DotNet.Testcontainers.Containers.DockerContainer.StartAsync(CancellationToken ct) in /_/src/Testcontainers/Containers/DockerContainer.cs:line 342
   at TraliVali.Tests.Auth.BackupServiceTests.InitializeAsync() in /home/runner/work/TralliValli/TralliValli/tests/TraliVali.Tests/Auth/BackupServiceTests.cs:line 28
[testcontainers.org 00:01:05.79] Wait for Docker container 5c43f7eec049 to complete readiness checks
[testcontainers.org 00:01:05.85] Wait for Docker container fd73f7e8254d to complete readiness checks
[testcontainers.org 00:01:05.96] Delete Docker container 65a3c81fce39
[testcontainers.org 00:01:06.00] Docker container 2d9e875feca4 created
[testcontainers.org 00:01:06.00] Start Docker container 2d9e875feca4
[testcontainers.org 00:01:06.21] Wait for Docker container 2d9e875feca4 to complete readiness checks
[testcontainers.org 00:01:06.36] Docker container a7e0a903ebcb ready
[testcontainers.org 00:01:06.41] Docker container b89662562eb0 ready
[testcontainers.org 00:01:06.50] Stop Docker container a7e0a903ebcb
[testcontainers.org 00:01:06.57] Docker container e95dab126052 ready
[testcontainers.org 00:01:06.58] Stop Docker container b89662562eb0
[testcontainers.org 00:01:06.73] Stop Docker container e95dab126052
[testcontainers.org 00:01:06.93] Delete Docker container b89662562eb0
[testcontainers.org 00:01:07.03] Docker container a36951593fa2 created
[testcontainers.org 00:01:07.04] Start Docker container a36951593fa2
  Passed TraliVali.Tests.Auth.InviteServiceTests.ValidateInviteAsync_ShouldReturnValidResult_WhenTokenIsValid [7 ms]
  Passed TraliVali.Tests.Auth.ArchiveServiceTests.Constructor_ShouldThrowArgumentNullException_WhenConversationsIsNull [< 1 ms]
[testcontainers.org 00:01:07.15] Delete Docker container e95dab126052
[testcontainers.org 00:01:07.26] Docker container 331f38d1816c created
[testcontainers.org 00:01:07.26] Start Docker container 331f38d1816c
[testcontainers.org 00:01:07.46] Wait for Docker container a36951593fa2 to complete readiness checks
[testcontainers.org 00:01:07.68] Wait for Docker container 331f38d1816c to complete readiness checks
[testcontainers.org 00:01:07.90] Docker container fd73f7e8254d ready
[testcontainers.org 00:01:07.96] Stop Docker container fd73f7e8254d
  Passed TraliVali.Tests.Auth.ConversationServiceTests.AddMemberAsync_ShouldReturnFalse_WhenMemberAlreadyExists [12 ms]
[testcontainers.org 00:01:08.83] Delete Docker container a7e0a903ebcb
[testcontainers.org 00:01:08.86] Docker container 7aa5782da160 created
[testcontainers.org 00:01:08.87] Start Docker container 7aa5782da160
[testcontainers.org 00:01:09.21] Wait for Docker container 7aa5782da160 to complete readiness checks
[testcontainers.org 00:01:09.85] Docker container 5c43f7eec049 ready
[testcontainers.org 00:01:09.96] Docker container f03379de0a94 created
[testcontainers.org 00:01:09.96] Start Docker container f03379de0a94
  Passed TraliVali.Tests.Workers.BackupRotationIntegrationTests.BackupRotation_ShouldRespectConfiguredRetentionDays(retentionDays: 90) [47 ms]
[testcontainers.org 00:01:10.16] Wait for Docker container f03379de0a94 to complete readiness checks
[testcontainers.org 00:01:10.30] Docker container 2d9e875feca4 ready
[testcontainers.org 00:01:10.53] Stop Docker container 2d9e875feca4
[testcontainers.org 00:01:10.75] Delete Docker container fd73f7e8254d
[testcontainers.org 00:01:10.79] Docker container aa1cbf087037 created
[testcontainers.org 00:01:10.80] Start Docker container aa1cbf087037
[testcontainers.org 00:01:10.92] Delete Docker container 2d9e875feca4
[testcontainers.org 00:01:11.00] Docker container 8782657c1600 created
[testcontainers.org 00:01:11.01] Start Docker container 8782657c1600
[testcontainers.org 00:01:11.21] Wait for Docker container aa1cbf087037 to complete readiness checks
[testcontainers.org 00:01:11.23] Docker container 7aa5782da160 ready
[testcontainers.org 00:01:11.30] Wait for Docker container 8782657c1600 to complete readiness checks
[testcontainers.org 00:01:11.33] Stop Docker container 7aa5782da160
[testcontainers.org 00:01:11.53] Docker container a36951593fa2 ready
  Passed TraliVali.Tests.Infrastructure.Storage.AzureBlobServiceTests.GenerateDownloadUrl_ShouldThrowArgumentException_WhenBlobPathIsEmpty [< 1 ms]
  Passed TraliVali.Tests.Auth.InviteServiceTests.GenerateInviteLinkAsync_ShouldGenerateUniqueTokens [6 ms]
[testcontainers.org 00:01:11.66] Stop Docker container a36951593fa2
[testcontainers.org 00:01:11.74] Docker container 331f38d1816c ready
[testcontainers.org 00:01:11.91] Stop Docker container 331f38d1816c
[testcontainers.org 00:01:12.03] Delete Docker container a36951593fa2
[testcontainers.org 00:01:12.09] Docker container 10e7462739a9 created
[testcontainers.org 00:01:12.10] Start Docker container 10e7462739a9
[testcontainers.org 00:01:12.19] Docker container f03379de0a94 ready
[testcontainers.org 00:01:12.23] Delete Docker container 331f38d1816c
[testcontainers.org 00:01:12.36] Docker container 57dc00668d70 created
[testcontainers.org 00:01:12.36] Start Docker container 57dc00668d70
[testcontainers.org 00:01:12.40] Stop Docker container 5c43f7eec049
[testcontainers.org 00:01:12.43] Wait for Docker container 10e7462739a9 to complete readiness checks
[testcontainers.org 00:01:12.70] Wait for Docker container 57dc00668d70 to complete readiness checks
[testcontainers.org 00:01:12.79] Delete Docker container 5c43f7eec049
[testcontainers.org 00:01:12.85] Stop Docker container f03379de0a94
  Passed TraliVali.Tests.Auth.ArchiveServiceTests.ExportConversationMessagesAsync_ShouldHandleEncryptedContent [12 ms]
  Passed TraliVali.Tests.Auth.ConversationServiceTests.CreateDirectConversationAsync_ShouldThrowException_WhenUsersAreSame [1 ms]
[testcontainers.org 00:01:13.24] Docker container aa1cbf087037 ready
[testcontainers.org 00:01:13.34] Stop Docker container aa1cbf087037
[testcontainers.org 00:01:13.60] Delete Docker container 7aa5782da160
[testcontainers.org 00:01:13.64] Docker container d43068fb6e9a created
[testcontainers.org 00:01:13.64] Start Docker container d43068fb6e9a
[testcontainers.org 00:01:13.89] Wait for Docker container d43068fb6e9a to complete readiness checks
  Passed TraliVali.Tests.Workers.BackupRotationIntegrationTests.BackupRotation_ShouldRespectConfiguredRetentionDays(retentionDays: 1) [49 ms]
[testcontainers.org 00:01:14.96] Delete Docker container f03379de0a94
[testcontainers.org 00:01:14.99] Docker container 39f577150085 created
[testcontainers.org 00:01:14.99] Start Docker container 39f577150085
[testcontainers.org 00:01:15.17] Wait for Docker container 39f577150085 to complete readiness checks
[testcontainers.org 00:01:15.37] Docker container 8782657c1600 ready
[testcontainers.org 00:01:15.50] Stop Docker container 8782657c1600
[testcontainers.org 00:01:15.74] Delete Docker container 8782657c1600
[testcontainers.org 00:01:15.83] Docker container 65ddc6c90771 created
[testcontainers.org 00:01:15.83] Start Docker container 65ddc6c90771
[testcontainers.org 00:01:15.93] Docker container d43068fb6e9a ready
[testcontainers.org 00:01:16.04] Stop Docker container d43068fb6e9a
[testcontainers.org 00:01:16.13] Delete Docker container aa1cbf087037
  Passed TraliVali.Tests.Auth.BackupServiceTests.TriggerBackupAsync_ShouldCreateBackup_WhenStorageIsConfigured [209 ms]
  Passed TraliVali.Tests.Auth.InviteServiceTests.Invite_ShouldExpireAtConfiguredTime [4 ms]
[testcontainers.org 00:01:16.15] Wait for Docker container 65ddc6c90771 to complete readiness checks
[testcontainers.org 00:01:16.17] Docker container 554ee4307e94 created
[testcontainers.org 00:01:16.17] Start Docker container 554ee4307e94
[testcontainers.org 00:01:16.44] Wait for Docker container 554ee4307e94 to complete readiness checks
[testcontainers.org 00:01:16.49] Docker container 10e7462739a9 ready
[testcontainers.org 00:01:16.62] Stop Docker container 10e7462739a9
[testcontainers.org 00:01:16.76] Docker container 57dc00668d70 ready
[testcontainers.org 00:01:16.95] Delete Docker container 10e7462739a9
[testcontainers.org 00:01:16.97] Stop Docker container 57dc00668d70
[testcontainers.org 00:01:17.02] Docker container 12e5d64ca9e6 created
[testcontainers.org 00:01:17.03] Start Docker container 12e5d64ca9e6
[testcontainers.org 00:01:17.30] Delete Docker container 57dc00668d70
[testcontainers.org 00:01:17.37] Docker container 6bc4340c7a9f created
[testcontainers.org 00:01:17.37] Start Docker container 6bc4340c7a9f
[testcontainers.org 00:01:17.39] Wait for Docker container 12e5d64ca9e6 to complete readiness checks
[testcontainers.org 00:01:17.62] Wait for Docker container 6bc4340c7a9f to complete readiness checks
  Passed TraliVali.Tests.Infrastructure.Storage.AzureBlobServiceTests.GenerateArchivePath_ShouldThrowArgumentException_WhenConversationIdIsNull [< 1 ms]
  Passed TraliVali.Tests.Auth.ArchiveServiceTests.ExportConversationMessagesAsync_ShouldHandleUnknownUsers [11 ms]
  Passed TraliVali.Tests.Auth.ConversationServiceTests.UpdateGroupMetadataAsync_ShouldUpdateName [10 ms]
[testcontainers.org 00:01:18.36] Delete Docker container d43068fb6e9a
[testcontainers.org 00:01:18.42] Docker container db7d1c31c505 created
[testcontainers.org 00:01:18.42] Start Docker container db7d1c31c505
[testcontainers.org 00:01:18.48] Docker container 554ee4307e94 ready
[testcontainers.org 00:01:18.61] Stop Docker container 554ee4307e94
[testcontainers.org 00:01:18.82] Wait for Docker container db7d1c31c505 to complete readiness checks
  Passed TraliVali.Tests.Workers.BackupRotationIntegrationTests.BackupRotation_ShouldRespectConfiguredRetentionDays(retentionDays: 7) [53 ms]
[testcontainers.org 00:01:19.24] Docker container 39f577150085 ready
[testcontainers.org 00:01:19.45] Docker container 550ade467bb9 created
[testcontainers.org 00:01:19.45] Start Docker container 550ade467bb9
[testcontainers.org 00:01:19.82] Wait for Docker container 550ade467bb9 to complete readiness checks
[testcontainers.org 00:01:20.22] Docker container 65ddc6c90771 ready
[testcontainers.org 00:01:20.30] Stop Docker container 65ddc6c90771
[testcontainers.org 00:01:20.47] Delete Docker container 65ddc6c90771
[testcontainers.org 00:01:20.51] Docker container 0cf0e608d5bb created
[testcontainers.org 00:01:20.51] Start Docker container 0cf0e608d5bb
  Passed TraliVali.Tests.Auth.InviteServiceTests.RedeemInviteAsync_ShouldReturnFalse_WhenUserIdIsEmpty [2 ms]
[testcontainers.org 00:01:20.73] Wait for Docker container 0cf0e608d5bb to complete readiness checks
[testcontainers.org 00:01:20.84] Docker container db7d1c31c505 ready
[testcontainers.org 00:01:20.99] Stop Docker container db7d1c31c505
[testcontainers.org 00:01:21.35] Delete Docker container 554ee4307e94
[testcontainers.org 00:01:21.38] Docker container cc77c56d5f09 created
[testcontainers.org 00:01:21.38] Start Docker container cc77c56d5f09
[testcontainers.org 00:01:21.46] Docker container 12e5d64ca9e6 ready
[testcontainers.org 00:01:21.57] Stop Docker container 12e5d64ca9e6
[testcontainers.org 00:01:21.63] Wait for Docker container cc77c56d5f09 to complete readiness checks
[testcontainers.org 00:01:21.70] Docker container 6bc4340c7a9f ready
[testcontainers.org 00:01:21.78] Delete Docker container 12e5d64ca9e6
[testcontainers.org 00:01:21.84] Docker container 0f9a9b28fc08 created
[testcontainers.org 00:01:21.85] Start Docker container 0f9a9b28fc08
[testcontainers.org 00:01:21.86] Docker container 550ade467bb9 ready
[testcontainers.org 00:01:21.86] Stop Docker container 39f577150085
[testcontainers.org 00:01:21.87] Stop Docker container 6bc4340c7a9f
  Passed TraliVali.Tests.Infrastructure.Storage.AzureBlobServiceTests.UploadArchiveAsync_ShouldOverwriteExistingBlob [69 ms]
  Passed TraliVali.Tests.Auth.ArchiveServiceTests.ExportConversationMessagesAsync_ShouldReturnEmptyMessagesWhenNoMessagesInRange [9 ms]
[testcontainers.org 00:01:22.14] Delete Docker container 39f577150085
[testcontainers.org 00:01:22.20] Stop Docker container 550ade467bb9
[testcontainers.org 00:01:22.21] Delete Docker container 6bc4340c7a9f
[testcontainers.org 00:01:22.22] Wait for Docker container 0f9a9b28fc08 to complete readiness checks
[testcontainers.org 00:01:22.29] Docker container 147df3e36ee1 created
[testcontainers.org 00:01:22.29] Start Docker container 147df3e36ee1
[testcontainers.org 00:01:22.55] Wait for Docker container 147df3e36ee1 to complete readiness checks
[testcontainers.org 00:01:23.30] Delete Docker container db7d1c31c505
[testcontainers.org 00:01:23.33] Docker container 6498d963791a created
[testcontainers.org 00:01:23.34] Start Docker container 6498d963791a
[testcontainers.org 00:01:23.59] Wait for Docker container 6498d963791a to complete readiness checks
  Passed TraliVali.Tests.Auth.ConversationServiceTests.RemoveMemberAsync_ShouldReturnFalse_WhenConversationDoesNotExist [6 ms]
  Passed TraliVali.Tests.Workers.BackupRotationIntegrationTests.BackupRotation_ShouldRespectConfiguredRetentionDays(retentionDays: 365) [63 ms]
[testcontainers.org 00:01:23.68] Docker container cc77c56d5f09 ready
[testcontainers.org 00:01:23.83] Stop Docker container cc77c56d5f09
[testcontainers.org 00:01:24.43] Delete Docker container 550ade467bb9
[testcontainers.org 00:01:24.48] Docker container a2333acfdc29 created
[testcontainers.org 00:01:24.48] Start Docker container a2333acfdc29
[testcontainers.org 00:01:24.83] Docker container 0cf0e608d5bb ready
[testcontainers.org 00:01:24.83] Wait for Docker container a2333acfdc29 to complete readiness checks
[testcontainers.org 00:01:24.94] Stop Docker container 0cf0e608d5bb
  Passed TraliVali.Tests.Auth.BackupServiceTests.Constructor_ShouldThrowException_WhenLoggerIsNull [< 1 ms]
[testcontainers.org 00:01:25.17] Delete Docker container 0cf0e608d5bb
[testcontainers.org 00:01:25.23] Docker container d295012819bd created
[testcontainers.org 00:01:25.23] Start Docker container d295012819bd
[testcontainers.org 00:01:25.47] Wait for Docker container d295012819bd to complete readiness checks
[testcontainers.org 00:01:25.63] Docker container 6498d963791a ready
[testcontainers.org 00:01:25.79] Stop Docker container 6498d963791a
[testcontainers.org 00:01:26.32] Docker container 0f9a9b28fc08 ready
[testcontainers.org 00:01:26.49] Delete Docker container cc77c56d5f09
[testcontainers.org 00:01:26.55] Docker container 228c3a2248a0 created
[testcontainers.org 00:01:26.55] Start Docker container 228c3a2248a0
[testcontainers.org 00:01:26.64] Docker container 147df3e36ee1 ready
  Passed TraliVali.Tests.Auth.InviteServiceTests.RedeemInviteAsync_ShouldReturnTrue_WhenTokenIsValid [7 ms]
  Passed TraliVali.Tests.Infrastructure.Storage.AzureBlobServiceTests.DownloadArchiveAsync_ShouldDownloadBlob_WhenBlobExists [47 ms]
[testcontainers.org 00:01:26.86] Stop Docker container 147df3e36ee1
[testcontainers.org 00:01:26.96] Stop Docker container 0f9a9b28fc08
[testcontainers.org 00:01:27.20] Wait for Docker container 228c3a2248a0 to complete readiness checks
[testcontainers.org 00:01:27.28] Delete Docker container 147df3e36ee1
[testcontainers.org 00:01:27.36] Delete Docker container 0f9a9b28fc08
[testcontainers.org 00:01:27.38] Docker container f1e904c6a176 created
[testcontainers.org 00:01:27.39] Start Docker container f1e904c6a176
[testcontainers.org 00:01:27.45] Docker container aa9bd498aaab created
[testcontainers.org 00:01:27.45] Start Docker container aa9bd498aaab
[testcontainers.org 00:01:27.79] Wait for Docker container f1e904c6a176 to complete readiness checks
[testcontainers.org 00:01:27.83] Wait for Docker container aa9bd498aaab to complete readiness checks
  Passed TraliVali.Tests.Auth.ConversationServiceTests.UpdateGroupMetadataAsync_ShouldUpdateAvatar [7 ms]
  Passed TraliVali.Tests.Auth.ArchiveServiceTests.ExportConversationMessagesAsync_ShouldDecryptMessagesWithMasterPassword [378 ms]
[testcontainers.org 00:01:28.50] Delete Docker container 6498d963791a
[testcontainers.org 00:01:28.56] Docker container 99da4d7ed0a7 created
[testcontainers.org 00:01:28.57] Start Docker container 99da4d7ed0a7
[testcontainers.org 00:01:29.30] Wait for Docker container 99da4d7ed0a7 to complete readiness checks
  Passed TraliVali.Tests.Workers.BackupRotationIntegrationTests.BackupRotation_ShouldRespectConfiguredRetentionDays(retentionDays: 30) [74 ms]
[testcontainers.org 00:01:29.95] Docker container a2333acfdc29 ready
[testcontainers.org 00:01:30.19] Docker container 2555c2957143 created
[testcontainers.org 00:01:30.20] Start Docker container 2555c2957143
[testcontainers.org 00:01:30.25] Docker container 228c3a2248a0 ready
[testcontainers.org 00:01:30.44] Stop Docker container 228c3a2248a0
[testcontainers.org 00:01:30.62] Docker container d295012819bd ready
[testcontainers.org 00:01:30.83] Stop Docker container d295012819bd
[testcontainers.org 00:01:30.86] Wait for Docker container 2555c2957143 to complete readiness checks
[testcontainers.org 00:01:31.05] Delete Docker container d295012819bd
[testcontainers.org 00:01:31.10] Docker container c9baa0480ed7 created
[testcontainers.org 00:01:31.10] Start Docker container c9baa0480ed7
  Passed TraliVali.Tests.Auth.InviteServiceTests.RedeemInviteAsync_ShouldReturnFalse_WhenTokenIsEmpty [< 1 ms]
[testcontainers.org 00:01:31.30] Wait for Docker container c9baa0480ed7 to complete readiness checks
[testcontainers.org 00:01:31.33] Docker container 99da4d7ed0a7 ready
[testcontainers.org 00:01:31.41] Stop Docker container 99da4d7ed0a7
[testcontainers.org 00:01:32.42] Delete Docker container 228c3a2248a0
[testcontainers.org 00:01:32.46] Docker container 9c46ddd24bf6 created
[testcontainers.org 00:01:32.47] Start Docker container 9c46ddd24bf6
  Passed TraliVali.Tests.Infrastructure.Storage.AzureBlobServiceTests.GenerateDownloadUrl_ShouldAllowDownloadUsingPresignedUrl [82 ms]
[testcontainers.org 00:01:32.67] Wait for Docker container 9c46ddd24bf6 to complete readiness checks
[testcontainers.org 00:01:32.86] Docker container f1e904c6a176 ready
[testcontainers.org 00:01:32.88] Docker container 2555c2957143 ready
[testcontainers.org 00:01:32.89] Stop Docker container a2333acfdc29
[testcontainers.org 00:01:32.92] Docker container aa9bd498aaab ready
[testcontainers.org 00:01:32.99] Stop Docker container f1e904c6a176
[testcontainers.org 00:01:33.04] Stop Docker container aa9bd498aaab
[testcontainers.org 00:01:33.09] Delete Docker container a2333acfdc29
[testcontainers.org 00:01:33.13] Stop Docker container 2555c2957143
[testcontainers.org 00:01:33.24] Delete Docker container f1e904c6a176
[testcontainers.org 00:01:33.32] Delete Docker container aa9bd498aaab
[testcontainers.org 00:01:33.32] Docker container 05d06c05ca84 created
[testcontainers.org 00:01:33.33] Start Docker container 05d06c05ca84
[testcontainers.org 00:01:33.37] Docker container 759bdff860b7 created
[testcontainers.org 00:01:33.37] Start Docker container 759bdff860b7
[testcontainers.org 00:01:33.59] Wait for Docker container 05d06c05ca84 to complete readiness checks
[testcontainers.org 00:01:33.61] Wait for Docker container 759bdff860b7 to complete readiness checks
  Passed TraliVali.Tests.Auth.ConversationServiceTests.AddMemberAsync_ShouldAddMemberWithSpecifiedRole [6 ms]
  Passed TraliVali.Tests.Auth.ArchiveServiceTests.ExportConversationMessagesAsync_ShouldIncludeExportMetadata [9 ms]
[testcontainers.org 00:01:34.18] Delete Docker container 99da4d7ed0a7
[testcontainers.org 00:01:34.24] Docker container 0b17a6262715 created
[testcontainers.org 00:01:34.25] Start Docker container 0b17a6262715
[testcontainers.org 00:01:34.62] Wait for Docker container 0b17a6262715 to complete readiness checks
[testcontainers.org 00:01:34.70] Docker container 9c46ddd24bf6 ready
[testcontainers.org 00:01:34.76] Stop Docker container 9c46ddd24bf6
[testcontainers.org 00:01:35.20] Delete Docker container 2555c2957143
[testcontainers.org 00:01:35.24] Docker container 47ecf0902417 created
[testcontainers.org 00:01:35.24] Start Docker container 47ecf0902417
[testcontainers.org 00:01:35.38] Docker container c9baa0480ed7 ready
[testcontainers.org 00:01:35.59] Stop Docker container c9baa0480ed7
[testcontainers.org 00:01:35.59] Wait for Docker container 47ecf0902417 to complete readiness checks
  Passed TraliVali.Tests.Workers.BackupRotationIntegrationTests.BackupRotation_ShouldOnlyDeleteBlobsInBackupsPrefix [29 ms]
  Passed TraliVali.Tests.Auth.BackupServiceTests.TriggerBackupAsync_ShouldSaveErrorMessage_WhenBackupFails [8 ms]
[testcontainers.org 00:01:35.80] Delete Docker container c9baa0480ed7
[testcontainers.org 00:01:35.84] Docker container 6405f9502a20 created
[testcontainers.org 00:01:35.84] Start Docker container 6405f9502a20
[testcontainers.org 00:01:36.06] Wait for Docker container 6405f9502a20 to complete readiness checks
[testcontainers.org 00:01:36.65] Docker container 0b17a6262715 ready
[testcontainers.org 00:01:36.89] Stop Docker container 0b17a6262715
  Passed TraliVali.Tests.Auth.InviteServiceTests.GenerateInviteLinkAsync_ShouldCreateValidSignedToken [2 ms]
[testcontainers.org 00:01:37.42] Delete Docker container 9c46ddd24bf6
[testcontainers.org 00:01:37.45] Docker container cc8b4f2965a1 created
[testcontainers.org 00:01:37.45] Start Docker container cc8b4f2965a1
[testcontainers.org 00:01:37.63] Docker container 05d06c05ca84 ready
[testcontainers.org 00:01:37.64] Docker container 759bdff860b7 ready
[testcontainers.org 00:01:37.69] Wait for Docker container cc8b4f2965a1 to complete readiness checks
[testcontainers.org 00:01:37.77] Stop Docker container 05d06c05ca84
[testcontainers.org 00:01:37.78] Stop Docker container 759bdff860b7
[testcontainers.org 00:01:37.97] Delete Docker container 05d06c05ca84
[testcontainers.org 00:01:38.02] Delete Docker container 759bdff860b7
[testcontainers.org 00:01:38.05] Docker container b7de5c1c2f7e created
[testcontainers.org 00:01:38.05] Start Docker container b7de5c1c2f7e
[testcontainers.org 00:01:38.06] Docker container 94dace043b37 created
[testcontainers.org 00:01:38.07] Start Docker container 94dace043b37
[testcontainers.org 00:01:38.26] Wait for Docker container b7de5c1c2f7e to complete readiness checks
[testcontainers.org 00:01:38.28] Wait for Docker container 94dace043b37 to complete readiness checks
  Passed TraliVali.Tests.Infrastructure.Storage.AzureBlobServiceTests.UploadArchiveAsync_ShouldThrowArgumentNullException_WhenStreamIsNull [3 ms]
  Passed TraliVali.Tests.Auth.ConversationServiceTests.GetUserConversationsAsync_ShouldReturnAllUserConversations [11 ms]
  Passed TraliVali.Tests.Auth.ArchiveServiceTests.ExportConversationMessagesAsync_ShouldExcludeDeletedMessages [13 ms]
[testcontainers.org 00:01:39.37] Delete Docker container 0b17a6262715
[testcontainers.org 00:01:39.41] Docker container c91723077036 created
[testcontainers.org 00:01:39.42] Start Docker container c91723077036
[testcontainers.org 00:01:39.66] Docker container 47ecf0902417 ready
[testcontainers.org 00:01:39.69] Wait for Docker container c91723077036 to complete readiness checks
[testcontainers.org 00:01:39.73] Docker container cc8b4f2965a1 ready
[testcontainers.org 00:01:39.81] Stop Docker container cc8b4f2965a1
[testcontainers.org 00:01:39.87] Docker container c7c9940378cb created
[testcontainers.org 00:01:39.87] Start Docker container c7c9940378cb
[testcontainers.org 00:01:40.14] Docker container 6405f9502a20 ready
  Passed TraliVali.Tests.Workers.BackupRotationIntegrationTests.BackupRotation_ShouldDeleteBackupsOlderThanRetentionDays [164 ms]
[testcontainers.org 00:01:40.28] Wait for Docker container c7c9940378cb to complete readiness checks
[testcontainers.org 00:01:40.32] Stop Docker container 6405f9502a20
[testcontainers.org 00:01:40.61] Delete Docker container 6405f9502a20
[testcontainers.org 00:01:40.67] Docker container 2e395346a298 created
[testcontainers.org 00:01:40.67] Start Docker container 2e395346a298
[testcontainers.org 00:01:40.88] Wait for Docker container 2e395346a298 to complete readiness checks
  Passed TraliVali.Tests.Auth.InviteServiceTests.Invite_ShouldBeStoredInMongoDb [11 ms]
[testcontainers.org 00:01:41.73] Docker container c91723077036 ready
[testcontainers.org 00:01:41.82] Stop Docker container c91723077036
[testcontainers.org 00:01:42.24] Delete Docker container cc8b4f2965a1
[testcontainers.org 00:01:42.26] Docker container 61e58a8e1b43 created
[testcontainers.org 00:01:42.26] Start Docker container 61e58a8e1b43
[testcontainers.org 00:01:42.32] Docker container c7c9940378cb ready
[testcontainers.org 00:01:42.36] Docker container b7de5c1c2f7e ready
[testcontainers.org 00:01:42.36] Docker container 94dace043b37 ready
[testcontainers.org 00:01:42.46] Stop Docker container 47ecf0902417
[testcontainers.org 00:01:42.53] Stop Docker container 94dace043b37
[testcontainers.org 00:01:42.53] Stop Docker container b7de5c1c2f7e
[testcontainers.org 00:01:42.62] Wait for Docker container 61e58a8e1b43 to complete readiness checks
[testcontainers.org 00:01:42.70] Delete Docker container 47ecf0902417
[testcontainers.org 00:01:42.73] Stop Docker container c7c9940378cb
[testcontainers.org 00:01:42.80] Delete Docker container b7de5c1c2f7e
[testcontainers.org 00:01:42.84] Delete Docker container 94dace043b37
[testcontainers.org 00:01:42.87] Docker container 8b2e9b780ae8 created
[testcontainers.org 00:01:42.87] Start Docker container 8b2e9b780ae8
[testcontainers.org 00:01:42.88] Docker container 05859cf4e3fc created
[testcontainers.org 00:01:42.89] Start Docker container 05859cf4e3fc
[testcontainers.org 00:01:43.08] Wait for Docker container 8b2e9b780ae8 to complete readiness checks
[testcontainers.org 00:01:43.10] Wait for Docker container 05859cf4e3fc to complete readiness checks
  Passed TraliVali.Tests.Infrastructure.Storage.AzureBlobServiceTests.GenerateArchivePath_ShouldGenerateCorrectPath [< 1 ms]
  Passed TraliVali.Tests.Auth.ConversationServiceTests.CreateGroupConversationAsync_ShouldThrowException_WhenMemberIdsIsNull [< 1 ms]
  Passed TraliVali.Tests.Auth.ArchiveServiceTests.ExportConversationMessagesAsync_ShouldPreferPlainContentOverEncrypted [11 ms]
[testcontainers.org 00:01:44.36] Delete Docker container c91723077036
  Passed TraliVali.Tests.Workers.BackupRotationIntegrationTests.BackupRotation_ShouldHandleEmptyBackupsContainer [18 ms]
[testcontainers.org 00:01:44.65] Docker container 61e58a8e1b43 ready
[testcontainers.org 00:01:44.73] Delete Docker container c7c9940378cb
[testcontainers.org 00:01:44.76] Stop Docker container 61e58a8e1b43
[testcontainers.org 00:01:44.78] Docker container 51881cbc7b06 created
[testcontainers.org 00:01:44.79] Start Docker container 51881cbc7b06
[testcontainers.org 00:01:44.92] Docker container 2e395346a298 ready
[testcontainers.org 00:01:44.98] Wait for Docker container 51881cbc7b06 to complete readiness checks
[testcontainers.org 00:01:45.01] Stop Docker container 2e395346a298
[testcontainers.org 00:01:45.16] Delete Docker container 2e395346a298
[testcontainers.org 00:01:45.19] Docker container dfbcf1e10104 created
[testcontainers.org 00:01:45.19] Start Docker container dfbcf1e10104
[testcontainers.org 00:01:45.36] Wait for Docker container dfbcf1e10104 to complete readiness checks
  Passed TraliVali.Tests.Auth.BackupServiceTests.RestoreBackupAsync_ShouldReturnFalse_WhenBackupDoesNotExist [136 ms]
  Passed TraliVali.Tests.Auth.InviteServiceTests.ValidateInviteAsync_ShouldReturnNull_WhenTokenIsInvalid [< 1 ms]
[testcontainers.org 00:01:46.99] Delete Docker container 61e58a8e1b43
[testcontainers.org 00:01:47.01] Docker container 5cf155fe4c34 created
[testcontainers.org 00:01:47.01] Start Docker container 5cf155fe4c34
[testcontainers.org 00:01:47.13] Docker container 8b2e9b780ae8 ready
[testcontainers.org 00:01:47.14] Docker container 05859cf4e3fc ready
[testcontainers.org 00:01:47.21] Wait for Docker container 5cf155fe4c34 to complete readiness checks
[testcontainers.org 00:01:47.23] Stop Docker container 8b2e9b780ae8
[testcontainers.org 00:01:47.24] Stop Docker container 05859cf4e3fc
[testcontainers.org 00:01:47.43] Delete Docker container 05859cf4e3fc
[testcontainers.org 00:01:47.45] Delete Docker container 8b2e9b780ae8
[testcontainers.org 00:01:47.49] Docker container 8adb9feb5baf created
[testcontainers.org 00:01:47.50] Start Docker container 8adb9feb5baf
[testcontainers.org 00:01:47.51] Docker container ba975bdbe68d created
[testcontainers.org 00:01:47.51] Start Docker container ba975bdbe68d
  Passed TraliVali.Tests.Infrastructure.Storage.AzureBlobServiceTests.DeleteArchiveAsync_ShouldThrowArgumentException_WhenPathIsNull [4 ms]
  Passed TraliVali.Tests.Auth.ArchiveServiceTests.ExportConversationMessagesAsync_ShouldThrowArgumentException_WhenConversationIdIsEmpty [1 ms]
  Passed TraliVali.Tests.Auth.ConversationServiceTests.CreateDirectConversationAsync_ShouldCreateNewConversation [3 ms]
[testcontainers.org 00:01:47.77] Wait for Docker container 8adb9feb5baf to complete readiness checks
[testcontainers.org 00:01:47.78] Wait for Docker container ba975bdbe68d to complete readiness checks
[testcontainers.org 00:01:49.04] Docker container 51881cbc7b06 ready
[testcontainers.org 00:01:49.17] Docker container c606abc4a5f0 created
[testcontainers.org 00:01:49.18] Start Docker container c606abc4a5f0
[testcontainers.org 00:01:49.24] Docker container 5cf155fe4c34 ready
[testcontainers.org 00:01:49.30] Stop Docker container 5cf155fe4c34
[testcontainers.org 00:01:49.48] Docker container dfbcf1e10104 ready
[testcontainers.org 00:01:49.55] Wait for Docker container c606abc4a5f0 to complete readiness checks
[testcontainers.org 00:01:49.63] Stop Docker container dfbcf1e10104
[testcontainers.org 00:01:49.81] Delete Docker container dfbcf1e10104
  Passed TraliVali.Tests.Auth.InviteServiceTests.ValidateInviteAsync_ShouldReturnNull_WhenTokenIsExpired [6 ms]
[testcontainers.org 00:01:49.85] Docker container 5bda79ecf950 created
[testcontainers.org 00:01:49.85] Start Docker container 5bda79ecf950
[testcontainers.org 00:01:50.02] Wait for Docker container 5bda79ecf950 to complete readiness checks
[testcontainers.org 00:01:51.57] Docker container c606abc4a5f0 ready
[testcontainers.org 00:01:51.57] Stop Docker container 51881cbc7b06
[testcontainers.org 00:01:51.78] Delete Docker container 5cf155fe4c34
[testcontainers.org 00:01:51.79] Delete Docker container 51881cbc7b06
  Passed TraliVali.Tests.Infrastructure.Storage.AzureBlobServiceTests.Constructor_ShouldThrowArgumentException_WhenContainerNameIsEmpty [< 1 ms]
[testcontainers.org 00:01:51.82] Stop Docker container c606abc4a5f0
[testcontainers.org 00:01:51.82] Docker container abe8db4d9cd2 created
[testcontainers.org 00:01:51.82] Docker container 8adb9feb5baf ready
[testcontainers.org 00:01:51.82] Start Docker container abe8db4d9cd2
[testcontainers.org 00:01:51.84] Docker container ba975bdbe68d ready
[testcontainers.org 00:01:51.93] Stop Docker container 8adb9feb5baf
[testcontainers.org 00:01:51.93] Stop Docker container ba975bdbe68d
[testcontainers.org 00:01:52.06] Wait for Docker container abe8db4d9cd2 to complete readiness checks
[testcontainers.org 00:01:52.15] Delete Docker container 8adb9feb5baf
[testcontainers.org 00:01:52.16] Delete Docker container ba975bdbe68d
[testcontainers.org 00:01:52.22] Docker container 558bf6477e09 created
[testcontainers.org 00:01:52.22] Start Docker container 558bf6477e09
[testcontainers.org 00:01:52.23] Docker container 67187031426d created
[testcontainers.org 00:01:52.23] Start Docker container 67187031426d
[testcontainers.org 00:01:52.45] Wait for Docker container 558bf6477e09 to complete readiness checks
[testcontainers.org 00:01:52.49] Wait for Docker container 67187031426d to complete readiness checks
[testcontainers.org 00:01:53.06] Docker container 5bda79ecf950 ready
[testcontainers.org 00:01:53.20] Stop Docker container 5bda79ecf950
  Passed TraliVali.Tests.Auth.ArchiveServiceTests.ExportConversationMessagesAsync_ShouldReturnMessagesWithinDateRange [10 ms]
  Passed TraliVali.Tests.Auth.ConversationServiceTests.CreateDirectConversationAsync_ShouldThrowException_WhenUserId1IsEmpty [< 1 ms]
[testcontainers.org 00:01:53.45] Delete Docker container 5bda79ecf950
[testcontainers.org 00:01:53.54] Docker container 16ba5327f1d7 created
[testcontainers.org 00:01:53.55] Start Docker container 16ba5327f1d7
[testcontainers.org 00:01:53.84] Wait for Docker container 16ba5327f1d7 to complete readiness checks
[testcontainers.org 00:01:53.89] Delete Docker container c606abc4a5f0
[testcontainers.org 00:01:53.92] Docker container 2bc8515ee3c5 created
[testcontainers.org 00:01:53.93] Start Docker container 2bc8515ee3c5
[testcontainers.org 00:01:54.09] Docker container abe8db4d9cd2 ready
[testcontainers.org 00:01:54.21] Wait for Docker container 2bc8515ee3c5 to complete readiness checks
[testcontainers.org 00:01:54.21] Stop Docker container abe8db4d9cd2
  Passed TraliVali.Tests.Auth.InviteServiceTests.GenerateInviteLinkAsync_ShouldThrowException_WhenInviterIdIsEmpty [1 ms]
  Passed TraliVali.Tests.Auth.BackupServiceTests.Constructor_ShouldUseDefaultContainerName_WhenContainerNameIsNull [< 1 ms]
[testcontainers.org 00:01:56.51] Docker container 558bf6477e09 ready
[testcontainers.org 00:01:56.58] Docker container 67187031426d ready
[testcontainers.org 00:01:56.59] Delete Docker container abe8db4d9cd2
  Passed TraliVali.Tests.Infrastructure.Storage.AzureBlobServiceTests.GenerateUploadUrl_ShouldAllowUploadUsingPresignedUrl [58 ms]
[testcontainers.org 00:01:56.64] Docker container 7bb1d0880234 created
[testcontainers.org 00:01:56.64] Start Docker container 7bb1d0880234
[testcontainers.org 00:01:56.66] Stop Docker container 558bf6477e09
[testcontainers.org 00:01:56.73] Stop Docker container 67187031426d
[testcontainers.org 00:01:56.95] Delete Docker container 558bf6477e09
[testcontainers.org 00:01:57.01] Wait for Docker container 7bb1d0880234 to complete readiness checks
[testcontainers.org 00:01:57.02] Docker container 6a414c8b74a7 created
[testcontainers.org 00:01:57.03] Start Docker container 6a414c8b74a7
[testcontainers.org 00:01:57.08] Delete Docker container 67187031426d
[testcontainers.org 00:01:57.13] Docker container 5f3d48610d50 created
[testcontainers.org 00:01:57.14] Start Docker container 5f3d48610d50
[testcontainers.org 00:01:57.31] Wait for Docker container 6a414c8b74a7 to complete readiness checks
[testcontainers.org 00:01:57.39] Wait for Docker container 5f3d48610d50 to complete readiness checks
[testcontainers.org 00:01:57.93] Docker container 16ba5327f1d7 ready
[testcontainers.org 00:01:58.09] Stop Docker container 16ba5327f1d7
  Passed TraliVali.Tests.Auth.ArchiveServiceTests.Constructor_ShouldThrowArgumentNullException_WhenMessagesIsNull [< 1 ms]
  Passed TraliVali.Tests.Auth.ConversationServiceTests.AddMemberAsync_ShouldThrowException_WhenRoleIsEmpty [< 1 ms]
[testcontainers.org 00:01:58.25] Docker container 2bc8515ee3c5 ready
[testcontainers.org 00:01:58.38] Delete Docker container 16ba5327f1d7
[testcontainers.org 00:01:58.47] Docker container 3bc7a5ec782e created
[testcontainers.org 00:01:58.47] Start Docker container 3bc7a5ec782e
[testcontainers.org 00:01:58.54] Docker container d546dbbfe335 created
[testcontainers.org 00:01:58.54] Start Docker container d546dbbfe335
[testcontainers.org 00:01:58.85] Wait for Docker container 3bc7a5ec782e to complete readiness checks
[testcontainers.org 00:01:58.97] Wait for Docker container d546dbbfe335 to complete readiness checks
[testcontainers.org 00:01:59.07] Docker container 7bb1d0880234 ready
[testcontainers.org 00:01:59.16] Stop Docker container 7bb1d0880234
  Passed TraliVali.Tests.Auth.InviteServiceTests.GenerateInviteQrCode_ShouldReturnBase64Image [48 ms]
[testcontainers.org 00:02:00.99] Docker container d546dbbfe335 ready
[testcontainers.org 00:02:00.99] Stop Docker container 2bc8515ee3c5
[testcontainers.org 00:02:01.14] Delete Docker container 2bc8515ee3c5
[testcontainers.org 00:02:01.16] Stop Docker container d546dbbfe335
[testcontainers.org 00:02:01.39] Docker container 6a414c8b74a7 ready
[testcontainers.org 00:02:01.44] Docker container 5f3d48610d50 ready
[testcontainers.org 00:02:01.53] Stop Docker container 6a414c8b74a7
[testcontainers.org 00:02:01.55] Stop Docker container 5f3d48610d50
[testcontainers.org 00:02:01.69] Delete Docker container 7bb1d0880234
  Passed TraliVali.Tests.Infrastructure.Storage.AzureBlobServiceTests.Constructor_ShouldThrowArgumentException_WhenContainerNameIsNull [< 1 ms]
[testcontainers.org 00:02:01.75] Docker container a70180261d26 created
[testcontainers.org 00:02:01.75] Start Docker container a70180261d26
[testcontainers.org 00:02:01.77] Delete Docker container 6a414c8b74a7
[testcontainers.org 00:02:01.81] Delete Docker container 5f3d48610d50
[testcontainers.org 00:02:01.85] Docker container e10e0889b08a created
[testcontainers.org 00:02:01.85] Start Docker container e10e0889b08a
[testcontainers.org 00:02:01.86] Docker container c57e46e19b48 created
[testcontainers.org 00:02:01.87] Start Docker container c57e46e19b48
[testcontainers.org 00:02:02.03] Wait for Docker container a70180261d26 to complete readiness checks
[testcontainers.org 00:02:02.08] Wait for Docker container c57e46e19b48 to complete readiness checks
[testcontainers.org 00:02:02.10] Wait for Docker container e10e0889b08a to complete readiness checks
[testcontainers.org 00:02:02.89] Docker container 3bc7a5ec782e ready
[testcontainers.org 00:02:03.02] Stop Docker container 3bc7a5ec782e
  Passed TraliVali.Tests.Auth.ArchiveServiceTests.ExportConversationMessagesAsync_ShouldProduceValidJsonStructure [39 ms]
  Passed TraliVali.Tests.Auth.ConversationServiceTests.CreateGroupConversationAsync_ShouldNotDuplicateCreatorInMembers [2 ms]
[testcontainers.org 00:02:03.38] Delete Docker container 3bc7a5ec782e
[testcontainers.org 00:02:03.38] Delete Docker container d546dbbfe335
[testcontainers.org 00:02:03.45] Docker container 3128b3e347c7 created
[testcontainers.org 00:02:03.45] Start Docker container 3128b3e347c7
[testcontainers.org 00:02:03.48] Docker container 24ef81515121 created
[testcontainers.org 00:02:03.48] Start Docker container 24ef81515121
[testcontainers.org 00:02:03.84] Wait for Docker container 3128b3e347c7 to complete readiness checks
[testcontainers.org 00:02:03.86] Wait for Docker container 24ef81515121 to complete readiness checks
[testcontainers.org 00:02:04.05] Docker container a70180261d26 ready
[testcontainers.org 00:02:04.11] Stop Docker container a70180261d26
  Passed TraliVali.Tests.Auth.BackupServiceTests.Constructor_ShouldNotThrow_WhenBlobConnectionStringIsEmpty [< 1 ms]
  Passed TraliVali.Tests.Auth.InviteServiceTests.RedeemInviteAsync_ShouldReturnFalse_WhenTokenIsInvalid [< 1 ms]
[testcontainers.org 00:02:06.12] Docker container c57e46e19b48 ready
[testcontainers.org 00:02:06.14] Docker container e10e0889b08a ready
[testcontainers.org 00:02:06.19] Stop Docker container c57e46e19b48
[testcontainers.org 00:02:06.21] Stop Docker container e10e0889b08a
[testcontainers.org 00:02:06.36] Delete Docker container c57e46e19b48
  Passed TraliVali.Tests.Auth.ConversationServiceTests.AddMemberAsync_ShouldThrowException_WhenUserIdIsEmpty [< 1 ms]
[testcontainers.org 00:02:06.42] Delete Docker container e10e0889b08a
[testcontainers.org 00:02:06.48] Docker container 8a5ae1a2c187 created
[testcontainers.org 00:02:06.48] Start Docker container 8a5ae1a2c187
[testcontainers.org 00:02:06.50] Docker container 8221f88fbb93 created
[testcontainers.org 00:02:06.50] Start Docker container 8221f88fbb93
[testcontainers.org 00:02:06.78] Delete Docker container a70180261d26
[testcontainers.org 00:02:06.79] Wait for Docker container 8221f88fbb93 to complete readiness checks
[testcontainers.org 00:02:06.82] Wait for Docker container 8a5ae1a2c187 to complete readiness checks
[testcontainers.org 00:02:06.88] Docker container f5393deb7c58 created
[testcontainers.org 00:02:06.88] Start Docker container f5393deb7c58
[testcontainers.org 00:02:07.21] Wait for Docker container f5393deb7c58 to complete readiness checks
  Passed TraliVali.Tests.Auth.ArchiveServiceTests.Constructor_ShouldThrowArgumentNullException_WhenConversationKeysIsNull [< 1 ms]
  Passed TraliVali.Tests.Infrastructure.Storage.AzureBlobServiceTests.DownloadArchiveAsync_ShouldThrowFileNotFoundException_WhenBlobDoesNotExist [16 ms]
[testcontainers.org 00:02:07.90] Docker container 3128b3e347c7 ready
[testcontainers.org 00:02:07.95] Docker container 24ef81515121 ready
[testcontainers.org 00:02:08.10] Docker container 087e231de483 created
[testcontainers.org 00:02:08.11] Start Docker container 087e231de483
[testcontainers.org 00:02:08.11] Stop Docker container 24ef81515121
[testcontainers.org 00:02:08.55] Delete Docker container 24ef81515121
[testcontainers.org 00:02:08.61] Wait for Docker container 087e231de483 to complete readiness checks
[testcontainers.org 00:02:08.67] Docker container 728a290e2299 created
[testcontainers.org 00:02:08.67] Start Docker container 728a290e2299
[testcontainers.org 00:02:08.93] Wait for Docker container 728a290e2299 to complete readiness checks
[testcontainers.org 00:02:09.25] Docker container f5393deb7c58 ready
[testcontainers.org 00:02:09.35] Stop Docker container f5393deb7c58
  Passed TraliVali.Tests.Auth.InviteServiceTests.RedeemInviteAsync_ShouldBeSingleUse [19 ms]
[testcontainers.org 00:02:10.63] Docker container 087e231de483 ready
[testcontainers.org 00:02:10.63] Stop Docker container 3128b3e347c7
[testcontainers.org 00:02:10.78] Delete Docker container 3128b3e347c7
[testcontainers.org 00:02:10.80] Stop Docker container 087e231de483
[testcontainers.org 00:02:10.84] Docker container 8221f88fbb93 ready
[testcontainers.org 00:02:10.87] Docker container 8a5ae1a2c187 ready
[testcontainers.org 00:02:10.91] Stop Docker container 8221f88fbb93
[testcontainers.org 00:02:10.94] Stop Docker container 8a5ae1a2c187
[testcontainers.org 00:02:11.09] Delete Docker container 8221f88fbb93
  Passed TraliVali.Tests.Auth.ArchiveServiceTests.ExportConversationMessagesAsync_ShouldIncludeFileReferences [7 ms]
[testcontainers.org 00:02:11.12] Delete Docker container 8a5ae1a2c187
[testcontainers.org 00:02:11.14] Docker container ec121eda33e8 created
[testcontainers.org 00:02:11.15] Start Docker container ec121eda33e8
[testcontainers.org 00:02:11.15] Docker container 08af1596eeca created
[testcontainers.org 00:02:11.16] Start Docker container 08af1596eeca
[testcontainers.org 00:02:11.32] Wait for Docker container ec121eda33e8 to complete readiness checks
[testcontainers.org 00:02:11.32] Wait for Docker container 08af1596eeca to complete readiness checks
[testcontainers.org 00:02:11.92] Delete Docker container f5393deb7c58
[testcontainers.org 00:02:11.95] Docker container e34ab79ce0e2 created
[testcontainers.org 00:02:11.96] Start Docker container e34ab79ce0e2
[testcontainers.org 00:02:11.97] Docker container 728a290e2299 ready
[testcontainers.org 00:02:12.09] Stop Docker container 728a290e2299
[testcontainers.org 00:02:12.25] Wait for Docker container e34ab79ce0e2 to complete readiness checks
[testcontainers.org 00:02:12.32] Delete Docker container 728a290e2299
[testcontainers.org 00:02:12.39] Docker container 2943b2c9b58a created
[testcontainers.org 00:02:12.39] Start Docker container 2943b2c9b58a
  Passed TraliVali.Tests.Auth.ConversationServiceTests.CreateGroupConversationAsync_ShouldThrowException_WhenMemberIdsIsEmpty [< 1 ms]
  Passed TraliVali.Tests.Infrastructure.Storage.AzureBlobServiceTests.DeleteArchiveAsync_ShouldDeleteBlob_WhenBlobExists [38 ms]
  Passed TraliVali.Tests.Auth.InviteServiceTests.GenerateInviteLinkAsync_ShouldThrowException_WhenExpiryHoursIsZero [3 ms]
[testcontainers.org 00:02:12.65] Wait for Docker container 2943b2c9b58a to complete readiness checks
[testcontainers.org 00:02:13.10] Delete Docker container 087e231de483
[testcontainers.org 00:02:13.15] Docker container d68db7efe3cd created
[testcontainers.org 00:02:13.16] Start Docker container d68db7efe3cd
[testcontainers.org 00:02:13.43] Wait for Docker container d68db7efe3cd to complete readiness checks
  Passed TraliVali.Tests.Auth.BackupServiceTests.RestoreBackupAsync_ShouldReturnFalse_WhenDateIsInvalid [< 1 ms]
[testcontainers.org 00:02:14.28] Docker container e34ab79ce0e2 ready
[testcontainers.org 00:02:14.33] Stop Docker container e34ab79ce0e2
[testcontainers.org 00:02:15.40] Docker container ec121eda33e8 ready
[testcontainers.org 00:02:15.40] Docker container 08af1596eeca ready
[testcontainers.org 00:02:15.50] Stop Docker container ec121eda33e8
[testcontainers.org 00:02:15.50] Stop Docker container 08af1596eeca
[testcontainers.org 00:02:15.71] Delete Docker container ec121eda33e8
  Passed TraliVali.Tests.Auth.ArchiveServiceTests.ExportConversationMessagesAsync_ShouldThrowInvalidOperationException_WhenConversationNotFound [3 ms]
[testcontainers.org 00:02:15.75] Delete Docker container 08af1596eeca
[testcontainers.org 00:02:15.78] Docker container 2cb4290b177c created
[testcontainers.org 00:02:15.79] Start Docker container 2cb4290b177c
[testcontainers.org 00:02:15.80] Docker container d6e40a46ea64 created
[testcontainers.org 00:02:15.80] Start Docker container d6e40a46ea64
[testcontainers.org 00:02:16.00] Wait for Docker container 2cb4290b177c to complete readiness checks
[testcontainers.org 00:02:16.04] Wait for Docker container d6e40a46ea64 to complete readiness checks
[testcontainers.org 00:02:16.72] Docker container 2943b2c9b58a ready
[testcontainers.org 00:02:16.83] Stop Docker container 2943b2c9b58a
[testcontainers.org 00:02:16.94] Delete Docker container e34ab79ce0e2
[testcontainers.org 00:02:16.98] Docker container 88ab240026ac created
[testcontainers.org 00:02:16.98] Start Docker container 88ab240026ac
[testcontainers.org 00:02:17.10] Delete Docker container 2943b2c9b58a
  Passed TraliVali.Tests.Auth.ConversationServiceTests.GetUserConversationsAsync_ShouldNotReturnOtherUsersConversations [15 ms]
  Passed TraliVali.Tests.Infrastructure.Storage.AzureBlobServiceTests.GenerateArchivePath_ShouldThrowArgumentException_WhenConversationIdIsEmpty [< 1 ms]
  Passed TraliVali.Tests.Auth.InviteServiceTests.GenerateInviteQrCode_ShouldThrowException_WhenInviteLinkIsEmpty [< 1 ms]
[testcontainers.org 00:02:17.28] Wait for Docker container 88ab240026ac to complete readiness checks
[testcontainers.org 00:02:17.48] Docker container d68db7efe3cd ready
[testcontainers.org 00:02:17.66] Docker container 48dcafb8c1d0 created
[testcontainers.org 00:02:17.66] Start Docker container 48dcafb8c1d0
[testcontainers.org 00:02:17.89] Wait for Docker container 48dcafb8c1d0 to complete readiness checks
[testcontainers.org 00:02:19.30] Docker container 88ab240026ac ready
[testcontainers.org 00:02:19.33] Stop Docker container 88ab240026ac
[testcontainers.org 00:02:19.90] Docker container 48dcafb8c1d0 ready
[testcontainers.org 00:02:20.03] Stop Docker container d68db7efe3cd
[testcontainers.org 00:02:20.06] Docker container 2cb4290b177c ready
[testcontainers.org 00:02:20.09] Docker container d6e40a46ea64 ready
[testcontainers.org 00:02:20.15] Stop Docker container 2cb4290b177c
[testcontainers.org 00:02:20.20] Delete Docker container d68db7efe3cd
[testcontainers.org 00:02:20.22] Stop Docker container d6e40a46ea64
[testcontainers.org 00:02:20.22] Stop Docker container 48dcafb8c1d0
[testcontainers.org 00:02:20.34] Delete Docker container 2cb4290b177c
  Passed TraliVali.Tests.Auth.ArchiveServiceTests.ExportConversationMessagesAsync_ShouldIncludeParticipantInformation [14 ms]
[testcontainers.org 00:02:20.39] Docker container a3df35db0726 created
[testcontainers.org 00:02:20.39] Start Docker container a3df35db0726
[testcontainers.org 00:02:20.39] Delete Docker container d6e40a46ea64
[testcontainers.org 00:02:20.43] Docker container c57bdeea91ed created
[testcontainers.org 00:02:20.44] Start Docker container c57bdeea91ed
[testcontainers.org 00:02:20.58] Wait for Docker container a3df35db0726 to complete readiness checks
[testcontainers.org 00:02:20.61] Wait for Docker container c57bdeea91ed to complete readiness checks
[testcontainers.org 00:02:21.53] Delete Docker container 88ab240026ac
[testcontainers.org 00:02:21.57] Docker container 30f96f4d38d3 created
[testcontainers.org 00:02:21.57] Start Docker container 30f96f4d38d3
  Passed TraliVali.Tests.Auth.ConversationServiceTests.RemoveMemberAsync_ShouldRemoveMemberFromConversation [6 ms]
  Passed TraliVali.Tests.Infrastructure.Storage.AzureBlobServiceTests.GenerateDownloadUrl_ShouldGenerateValidUrl_WhenBlobPathIsValid [< 1 ms]
[testcontainers.org 00:02:21.88] Wait for Docker container 30f96f4d38d3 to complete readiness checks
[testcontainers.org 00:02:22.09] Delete Docker container 48dcafb8c1d0
[testcontainers.org 00:02:22.11] Docker container 8231955ecedd created
[testcontainers.org 00:02:22.11] Start Docker container 8231955ecedd
[testcontainers.org 00:02:22.28] Wait for Docker container 8231955ecedd to complete readiness checks
  Passed TraliVali.Tests.Auth.BackupServiceTests.RestoreBackupAsync_ShouldRestoreData_WhenBackupExists [123 ms]
[testcontainers.org 00:02:23.60] Docker container a3df35db0726 ready
[testcontainers.org 00:02:23.64] Docker container c57bdeea91ed ready
[testcontainers.org 00:02:23.68] Stop Docker container a3df35db0726
[testcontainers.org 00:02:23.72] Stop Docker container c57bdeea91ed
[testcontainers.org 00:02:23.84] Delete Docker container a3df35db0726
[testcontainers.org 00:02:23.89] Delete Docker container c57bdeea91ed
[testcontainers.org 00:02:23.91] Docker container 30f96f4d38d3 ready
[testcontainers.org 00:02:23.93] Docker container 85476230267b created
[testcontainers.org 00:02:23.93] Start Docker container 85476230267b
[testcontainers.org 00:02:23.96] Stop Docker container 30f96f4d38d3
[testcontainers.org 00:02:24.08] Wait for Docker container 85476230267b to complete readiness checks
  Passed TraliVali.Tests.Auth.ArchiveServiceTests.Constructor_ShouldThrowArgumentNullException_WhenEncryptionServiceIsNull [< 1 ms]
  Passed TraliVali.Tests.Auth.ConversationServiceTests.CreateGroupConversationAsync_ShouldThrowException_WhenCreatorIdIsEmpty [1 ms]
[testcontainers.org 00:02:25.30] Docker container 8231955ecedd ready
[testcontainers.org 00:02:25.38] Docker container b935684989ca created
[testcontainers.org 00:02:25.38] Start Docker container b935684989ca
[testcontainers.org 00:02:25.56] Wait for Docker container b935684989ca to complete readiness checks
[testcontainers.org 00:02:26.00] Delete Docker container 30f96f4d38d3
[testcontainers.org 00:02:26.03] Docker container 720fda149cb6 created
[testcontainers.org 00:02:26.03] Start Docker container 720fda149cb6
[testcontainers.org 00:02:26.23] Wait for Docker container 720fda149cb6 to complete readiness checks
  Passed TraliVali.Tests.Infrastructure.Storage.AzureBlobServiceTests.Constructor_ShouldThrowArgumentException_WhenConnectionStringIsEmpty [< 1 ms]
[testcontainers.org 00:02:27.10] Docker container 85476230267b ready
[testcontainers.org 00:02:27.18] Stop Docker container 85476230267b
[testcontainers.org 00:02:27.36] Delete Docker container 85476230267b
[testcontainers.org 00:02:27.40] Docker container 610a9301959d created
[testcontainers.org 00:02:27.40] Start Docker container 610a9301959d
[testcontainers.org 00:02:27.56] Wait for Docker container 610a9301959d to complete readiness checks
[testcontainers.org 00:02:27.57] Docker container b935684989ca ready
[testcontainers.org 00:02:27.58] Stop Docker container 8231955ecedd
[testcontainers.org 00:02:27.73] Delete Docker container 8231955ecedd
[testcontainers.org 00:02:27.75] Stop Docker container b935684989ca
  Passed TraliVali.Tests.Auth.ConversationServiceTests.CreateGroupConversationAsync_ShouldCreateGroupWithMultipleMembers [2 ms]
[testcontainers.org 00:02:28.25] Docker container 720fda149cb6 ready
[testcontainers.org 00:02:28.31] Stop Docker container 720fda149cb6
[testcontainers.org 00:02:29.67] Delete Docker container b935684989ca
  Passed TraliVali.Tests.Auth.BackupServiceTests.ListBackupsAsync_ShouldReturnAllBackups_SortedByDateDescending [12 ms]
[testcontainers.org 00:02:29.70] Docker container dd96d5130d0f created
[testcontainers.org 00:02:29.70] Start Docker container dd96d5130d0f
[testcontainers.org 00:02:29.86] Wait for Docker container dd96d5130d0f to complete readiness checks
[testcontainers.org 00:02:30.37] Delete Docker container 720fda149cb6
[testcontainers.org 00:02:30.39] Docker container c72913753dff created
[testcontainers.org 00:02:30.40] Start Docker container c72913753dff
[testcontainers.org 00:02:30.58] Docker container 610a9301959d ready
[testcontainers.org 00:02:30.59] Wait for Docker container c72913753dff to complete readiness checks
[testcontainers.org 00:02:30.69] Stop Docker container 610a9301959d
[testcontainers.org 00:02:30.90] Delete Docker container 610a9301959d
[testcontainers.org 00:02:30.95] Docker container 52b3b810a98e created
[testcontainers.org 00:02:30.95] Start Docker container 52b3b810a98e
[testcontainers.org 00:02:31.16] Wait for Docker container 52b3b810a98e to complete readiness checks
  Passed TraliVali.Tests.Infrastructure.Storage.AzureBlobServiceTests.UploadArchiveAsync_ShouldUploadBlob_WhenValidStreamAndPath [22 ms]
  Passed TraliVali.Tests.Auth.ConversationServiceTests.CreateDirectConversationAsync_ShouldReturnExistingConversation_WhenDuplicateIsAttempted [8 ms]
[testcontainers.org 00:02:32.60] Docker container c72913753dff ready
[testcontainers.org 00:02:32.64] Stop Docker container c72913753dff
[testcontainers.org 00:02:32.89] Docker container dd96d5130d0f ready
[testcontainers.org 00:02:32.96] Docker container ca8f5dd5f6c8 created
[testcontainers.org 00:02:32.97] Start Docker container ca8f5dd5f6c8
[testcontainers.org 00:02:33.14] Wait for Docker container ca8f5dd5f6c8 to complete readiness checks
[testcontainers.org 00:02:34.15] Docker container ca8f5dd5f6c8 ready
[testcontainers.org 00:02:34.16] Stop Docker container dd96d5130d0f
[testcontainers.org 00:02:34.19] Docker container 52b3b810a98e ready
[testcontainers.org 00:02:34.27] Stop Docker container 52b3b810a98e
[testcontainers.org 00:02:34.34] Delete Docker container dd96d5130d0f
[testcontainers.org 00:02:34.36] Stop Docker container ca8f5dd5f6c8
[testcontainers.org 00:02:34.43] Delete Docker container 52b3b810a98e
  Passed TraliVali.Tests.Auth.ConversationServiceTests.AddMemberAsync_ShouldReturnFalse_WhenConversationDoesNotExist [2 ms]
[testcontainers.org 00:02:34.46] Docker container d364e15578b9 created
[testcontainers.org 00:02:34.46] Start Docker container d364e15578b9
[testcontainers.org 00:02:34.61] Wait for Docker container d364e15578b9 to complete readiness checks
[testcontainers.org 00:02:34.80] Delete Docker container c72913753dff
[testcontainers.org 00:02:34.82] Docker container d5a54f35bb06 created
[testcontainers.org 00:02:34.82] Start Docker container d5a54f35bb06
[testcontainers.org 00:02:35.01] Wait for Docker container d5a54f35bb06 to complete readiness checks
  Passed TraliVali.Tests.Infrastructure.Storage.AzureBlobServiceTests.GenerateUploadUrl_ShouldGenerateUrlWithCustomExpiry [< 1 ms]
[testcontainers.org 00:02:37.02] Docker container d5a54f35bb06 ready
[testcontainers.org 00:02:37.09] Stop Docker container d5a54f35bb06
[testcontainers.org 00:02:37.11] Delete Docker container ca8f5dd5f6c8
[testcontainers.org 00:02:37.14] Docker container 68a8e76bf105 created
[testcontainers.org 00:02:37.15] Start Docker container 68a8e76bf105
[testcontainers.org 00:02:37.32] Wait for Docker container 68a8e76bf105 to complete readiness checks
  Passed TraliVali.Tests.Auth.BackupServiceTests.Constructor_ShouldNotThrow_WhenBlobConnectionStringIsNull [< 1 ms]
[testcontainers.org 00:02:37.63] Docker container d364e15578b9 ready
[testcontainers.org 00:02:37.71] Stop Docker container d364e15578b9
[testcontainers.org 00:02:37.87] Delete Docker container d364e15578b9
[testcontainers.org 00:02:37.91] Docker container 8ec0f7258a26 created
[testcontainers.org 00:02:37.91] Start Docker container 8ec0f7258a26
[testcontainers.org 00:02:38.06] Wait for Docker container 8ec0f7258a26 to complete readiness checks
  Passed TraliVali.Tests.Auth.ConversationServiceTests.UpdateGroupMetadataAsync_ShouldReturnFalse_WhenConversationDoesNotExist [2 ms]
[testcontainers.org 00:02:39.07] Delete Docker container d5a54f35bb06
[testcontainers.org 00:02:39.09] Docker container 4b4fb5187615 created
[testcontainers.org 00:02:39.09] Start Docker container 4b4fb5187615
[testcontainers.org 00:02:39.32] Wait for Docker container 4b4fb5187615 to complete readiness checks
[testcontainers.org 00:02:40.34] Docker container 4b4fb5187615 ready
[testcontainers.org 00:02:40.34] Docker container 68a8e76bf105 ready
  Passed TraliVali.Tests.Infrastructure.Storage.AzureBlobServiceTests.ArchivePath_ShouldFollowSpecifiedStructure [26 ms]
[testcontainers.org 00:02:40.46] Docker container 11b45a6f992e created
[testcontainers.org 00:02:40.46] Start Docker container 11b45a6f992e
[testcontainers.org 00:02:40.47] Stop Docker container 4b4fb5187615
[testcontainers.org 00:02:40.68] Wait for Docker container 11b45a6f992e to complete readiness checks
[testcontainers.org 00:02:41.08] Docker container 8ec0f7258a26 ready
[testcontainers.org 00:02:41.15] Stop Docker container 8ec0f7258a26
[testcontainers.org 00:02:41.30] Delete Docker container 8ec0f7258a26
[testcontainers.org 00:02:41.34] Docker container 40822f5fa24e created
[testcontainers.org 00:02:41.34] Start Docker container 40822f5fa24e
[testcontainers.org 00:02:41.51] Wait for Docker container 40822f5fa24e to complete readiness checks
  Passed TraliVali.Tests.Auth.ConversationServiceTests.CreateDirectConversationAsync_ShouldThrowException_WhenUserId2IsEmpty [1 ms]
[testcontainers.org 00:02:42.69] Docker container 11b45a6f992e ready
[testcontainers.org 00:02:42.80] Stop Docker container 68a8e76bf105
[testcontainers.org 00:02:42.96] Delete Docker container 68a8e76bf105
[testcontainers.org 00:02:42.98] Stop Docker container 11b45a6f992e
[testcontainers.org 00:02:43.29] Delete Docker container 4b4fb5187615
[testcontainers.org 00:02:43.31] Docker container a4067b32ff51 created
[testcontainers.org 00:02:43.31] Start Docker container a4067b32ff51
  Passed TraliVali.Tests.Infrastructure.Storage.AzureBlobServiceTests.ListArchivesAsync_ShouldReturnEmptyList_WhenNoArchivesExist [16 ms]
[testcontainers.org 00:02:43.48] Wait for Docker container a4067b32ff51 to complete readiness checks
[testcontainers.org 00:02:44.49] Docker container a4067b32ff51 ready
[testcontainers.org 00:02:44.53] Docker container 40822f5fa24e ready
[testcontainers.org 00:02:44.62] Stop Docker container 40822f5fa24e
[testcontainers.org 00:02:44.62] Stop Docker container a4067b32ff51
[testcontainers.org 00:02:44.80] Delete Docker container 11b45a6f992e
[testcontainers.org 00:02:44.81] Delete Docker container 40822f5fa24e
[testcontainers.org 00:02:44.83] Docker container 29fb0610f134 created
[testcontainers.org 00:02:44.84] Start Docker container 29fb0610f134
[testcontainers.org 00:02:44.85] Docker container 5302b487fd5a created
[testcontainers.org 00:02:44.85] Start Docker container 5302b487fd5a
  Passed TraliVali.Tests.Auth.BackupServiceTests.BackupAndRestore_ShouldPreserveDataIntegrity [101 ms]
  Passed TraliVali.Tests.Auth.ConversationServiceTests.RemoveMemberAsync_ShouldThrowException_WhenUserIdIsEmpty [1 ms]
[testcontainers.org 00:02:45.01] Wait for Docker container 5302b487fd5a to complete readiness checks
[testcontainers.org 00:02:45.02] Wait for Docker container 29fb0610f134 to complete readiness checks
[testcontainers.org 00:02:47.56] Delete Docker container a4067b32ff51
  Passed TraliVali.Tests.Infrastructure.Storage.AzureBlobServiceTests.DownloadArchiveAsync_ShouldThrowArgumentException_WhenPathIsNull [1 ms]
[testcontainers.org 00:02:47.59] Docker container 6ba01d41b9d8 created
[testcontainers.org 00:02:47.60] Start Docker container 6ba01d41b9d8
[testcontainers.org 00:02:47.78] Wait for Docker container 6ba01d41b9d8 to complete readiness checks
[testcontainers.org 00:02:48.02] Docker container 5302b487fd5a ready
[testcontainers.org 00:02:48.04] Docker container 29fb0610f134 ready
[testcontainers.org 00:02:48.11] Stop Docker container 5302b487fd5a
[testcontainers.org 00:02:48.15] Docker container 9fccaff67632 created
[testcontainers.org 00:02:48.16] Start Docker container 9fccaff67632
[testcontainers.org 00:02:48.29] Delete Docker container 5302b487fd5a
[testcontainers.org 00:02:48.34] Docker container c159414c0720 created
[testcontainers.org 00:02:48.35] Start Docker container c159414c0720
[testcontainers.org 00:02:48.40] Wait for Docker container 9fccaff67632 to complete readiness checks
[testcontainers.org 00:02:48.56] Wait for Docker container c159414c0720 to complete readiness checks
  Passed TraliVali.Tests.Auth.ConversationServiceTests.GetUserConversationsAsync_ShouldThrowException_WhenUserIdIsEmpty [< 1 ms]
[testcontainers.org 00:02:49.81] Docker container 6ba01d41b9d8 ready
[testcontainers.org 00:02:49.85] Stop Docker container 6ba01d41b9d8
[testcontainers.org 00:02:50.41] Docker container 9fccaff67632 ready
[testcontainers.org 00:02:50.42] Stop Docker container 29fb0610f134
[testcontainers.org 00:02:50.59] Delete Docker container 29fb0610f134
[testcontainers.org 00:02:50.61] Stop Docker container 9fccaff67632
[testcontainers.org 00:02:51.59] Docker container c159414c0720 ready
[testcontainers.org 00:02:51.66] Stop Docker container c159414c0720
[testcontainers.org 00:02:51.81] Delete Docker container c159414c0720
  Passed TraliVali.Tests.Auth.ConversationServiceTests.RemoveMemberAsync_ShouldThrowException_WhenConversationIdIsEmpty [< 1 ms]
[testcontainers.org 00:02:51.85] Docker container c988dce64b7b created
[testcontainers.org 00:02:51.85] Start Docker container c988dce64b7b
[testcontainers.org 00:02:51.98] Delete Docker container 6ba01d41b9d8
[testcontainers.org 00:02:52.00] Docker container 5428c363e842 created
[testcontainers.org 00:02:52.00] Start Docker container 5428c363e842
[testcontainers.org 00:02:52.02] Wait for Docker container c988dce64b7b to complete readiness checks
[testcontainers.org 00:02:52.20] Wait for Docker container 5428c363e842 to complete readiness checks
[testcontainers.org 00:02:52.65] Delete Docker container 9fccaff67632
[testcontainers.org 00:02:52.68] Docker container bfabd7dc4877 created
[testcontainers.org 00:02:52.68] Start Docker container bfabd7dc4877
[testcontainers.org 00:02:52.87] Wait for Docker container bfabd7dc4877 to complete readiness checks
  Passed TraliVali.Tests.Infrastructure.Storage.AzureBlobServiceTests.GenerateUploadUrl_And_GenerateDownloadUrl_ShouldGenerateDifferentUrls [< 1 ms]
  Passed TraliVali.Tests.Auth.BackupServiceTests.RestoreBackupAsync_ShouldHandleCancellation [< 1 ms]
[testcontainers.org 00:02:54.22] Docker container 5428c363e842 ready
[testcontainers.org 00:02:54.28] Stop Docker container 5428c363e842
[testcontainers.org 00:02:55.05] Docker container c988dce64b7b ready
[testcontainers.org 00:02:55.12] Stop Docker container c988dce64b7b
[testcontainers.org 00:02:55.26] Delete Docker container c988dce64b7b
  Passed TraliVali.Tests.Auth.ConversationServiceTests.UpdateGroupMetadataAsync_ShouldReturnFalse_WhenNothingToUpdate [1 ms]
[testcontainers.org 00:02:55.31] Docker container 89950d172bf3 created
[testcontainers.org 00:02:55.31] Start Docker container 89950d172bf3
[testcontainers.org 00:02:55.47] Wait for Docker container 89950d172bf3 to complete readiness checks
[testcontainers.org 00:02:55.89] Docker container bfabd7dc4877 ready
[testcontainers.org 00:02:55.97] Docker container 9ed0d534590d created
[testcontainers.org 00:02:55.97] Start Docker container 9ed0d534590d
[testcontainers.org 00:02:56.17] Wait for Docker container 9ed0d534590d to complete readiness checks
[testcontainers.org 00:02:56.50] Delete Docker container 5428c363e842
[testcontainers.org 00:02:56.53] Docker container 4084678fb94b created
[testcontainers.org 00:02:56.53] Start Docker container 4084678fb94b
  Passed TraliVali.Tests.Infrastructure.Storage.AzureBlobServiceTests.ListArchivesAsync_ShouldReturnAllArchives_WhenPrefixMatches [30 ms]
[testcontainers.org 00:02:56.81] Wait for Docker container 4084678fb94b to complete readiness checks
[testcontainers.org 00:02:58.18] Docker container 9ed0d534590d ready
[testcontainers.org 00:02:58.18] Stop Docker container bfabd7dc4877
[testcontainers.org 00:02:58.34] Delete Docker container bfabd7dc4877
[testcontainers.org 00:02:58.36] Stop Docker container 9ed0d534590d
[testcontainers.org 00:02:58.50] Docker container 89950d172bf3 ready
[testcontainers.org 00:02:58.56] Stop Docker container 89950d172bf3
[testcontainers.org 00:02:58.70] Delete Docker container 89950d172bf3
  Passed TraliVali.Tests.Auth.ConversationServiceTests.AddMemberAsync_ShouldAddMemberToConversation [4 ms]
[testcontainers.org 00:02:58.73] Docker container c0025db83b58 created
[testcontainers.org 00:02:58.74] Start Docker container c0025db83b58
[testcontainers.org 00:02:58.83] Docker container 4084678fb94b ready
[testcontainers.org 00:02:58.88] Stop Docker container 4084678fb94b
[testcontainers.org 00:02:58.89] Wait for Docker container c0025db83b58 to complete readiness checks
[testcontainers.org 00:03:00.37] Delete Docker container 9ed0d534590d
  Passed TraliVali.Tests.Auth.BackupServiceTests.ListBackupsAsync_ShouldHandleCancellation [< 1 ms]
[testcontainers.org 00:03:00.39] Docker container 1fd22301d98f created
[testcontainers.org 00:03:00.39] Start Docker container 1fd22301d98f
[testcontainers.org 00:03:00.53] Wait for Docker container 1fd22301d98f to complete readiness checks
[testcontainers.org 00:03:00.82] Delete Docker container 4084678fb94b
[testcontainers.org 00:03:00.84] Docker container d1499a4f3a05 created
[testcontainers.org 00:03:00.84] Start Docker container d1499a4f3a05
[testcontainers.org 00:03:01.05] Wait for Docker container d1499a4f3a05 to complete readiness checks
  Passed TraliVali.Tests.Infrastructure.Storage.AzureBlobServiceTests.GenerateUploadUrl_ShouldThrowArgumentException_WhenBlobPathIsEmpty [< 1 ms]
[testcontainers.org 00:03:01.91] Docker container c0025db83b58 ready
[testcontainers.org 00:03:01.98] Stop Docker container c0025db83b58
[testcontainers.org 00:03:02.13] Delete Docker container c0025db83b58
[testcontainers.org 00:03:02.18] Docker container af8d47a0019e created
[testcontainers.org 00:03:02.18] Start Docker container af8d47a0019e
[testcontainers.org 00:03:02.35] Wait for Docker container af8d47a0019e to complete readiness checks
[testcontainers.org 00:03:03.07] Docker container d1499a4f3a05 ready
[testcontainers.org 00:03:03.16] Stop Docker container d1499a4f3a05
  Passed TraliVali.Tests.Auth.ConversationServiceTests.CreateGroupConversationAsync_ShouldThrowException_WhenNameIsEmpty [1 ms]
[testcontainers.org 00:03:03.55] Docker container 1fd22301d98f ready
[testcontainers.org 00:03:03.63] Docker container 4ff5c1503f83 created
[testcontainers.org 00:03:03.63] Start Docker container 4ff5c1503f83
[testcontainers.org 00:03:03.82] Wait for Docker container 4ff5c1503f83 to complete readiness checks
[testcontainers.org 00:03:04.83] Docker container 4ff5c1503f83 ready
[testcontainers.org 00:03:04.83] Stop Docker container 1fd22301d98f
[testcontainers.org 00:03:05.00] Delete Docker container 1fd22301d98f
[testcontainers.org 00:03:05.02] Stop Docker container 4ff5c1503f83
[testcontainers.org 00:03:05.22] Delete Docker container d1499a4f3a05
  Passed TraliVali.Tests.Infrastructure.Storage.AzureBlobServiceTests.ListArchivesAsync_ShouldNotReturnArchivesFromDifferentPrefix [35 ms]
[testcontainers.org 00:03:05.24] Docker container 5d890b0b852c created
[testcontainers.org 00:03:05.24] Start Docker container 5d890b0b852c
[testcontainers.org 00:03:05.36] Docker container af8d47a0019e ready
[testcontainers.org 00:03:05.43] Wait for Docker container 5d890b0b852c to complete readiness checks
[testcontainers.org 00:03:05.44] Stop Docker container af8d47a0019e
[testcontainers.org 00:03:05.59] Delete Docker container af8d47a0019e
[testcontainers.org 00:03:05.64] Docker container b8ad1be1bf4b created
[testcontainers.org 00:03:05.64] Start Docker container b8ad1be1bf4b
[testcontainers.org 00:03:05.81] Wait for Docker container b8ad1be1bf4b to complete readiness checks
  Passed TraliVali.Tests.Auth.ConversationServiceTests.AddMemberAsync_ShouldThrowException_WhenConversationIdIsEmpty [< 1 ms]
[testcontainers.org 00:03:07.44] Docker container 5d890b0b852c ready
[testcontainers.org 00:03:07.48] Stop Docker container 5d890b0b852c
[testcontainers.org 00:03:07.75] Delete Docker container 4ff5c1503f83
[testcontainers.org 00:03:07.77] Docker container 7ecf44dc0c4b created
[testcontainers.org 00:03:07.78] Start Docker container 7ecf44dc0c4b
[testcontainers.org 00:03:07.92] Wait for Docker container 7ecf44dc0c4b to complete readiness checks
  Passed TraliVali.Tests.Auth.BackupServiceTests.Constructor_ShouldThrowException_WhenDatabaseIsNull [< 1 ms]
[testcontainers.org 00:03:08.83] Docker container b8ad1be1bf4b ready
[testcontainers.org 00:03:08.91] Stop Docker container b8ad1be1bf4b
[testcontainers.org 00:03:09.10] Delete Docker container b8ad1be1bf4b
[testcontainers.org 00:03:09.49] Delete Docker container 5d890b0b852c
[testcontainers.org 00:03:09.51] Docker container 8ebb43dd1337 created
[testcontainers.org 00:03:09.51] Start Docker container 8ebb43dd1337
[testcontainers.org 00:03:09.68] Wait for Docker container 8ebb43dd1337 to complete readiness checks
  Passed TraliVali.Tests.Auth.ConversationServiceTests.UpdateGroupMetadataAsync_ShouldThrowException_WhenConversationIdIsEmpty [1 ms]
  Passed TraliVali.Tests.Infrastructure.Storage.AzureBlobServiceTests.GenerateArchivePath_ShouldHandleDecemberCorrectly [< 1 ms]
[testcontainers.org 00:03:10.69] Docker container 8ebb43dd1337 ready
[testcontainers.org 00:03:10.76] Stop Docker container 8ebb43dd1337
[testcontainers.org 00:03:10.93] Docker container 7ecf44dc0c4b ready
[testcontainers.org 00:03:11.01] Docker container f6d6fd78c396 created
[testcontainers.org 00:03:11.01] Start Docker container f6d6fd78c396
[testcontainers.org 00:03:11.19] Wait for Docker container f6d6fd78c396 to complete readiness checks
[testcontainers.org 00:03:12.21] Docker container f6d6fd78c396 ready
[testcontainers.org 00:03:12.21] Stop Docker container 7ecf44dc0c4b
[testcontainers.org 00:03:12.36] Delete Docker container 7ecf44dc0c4b
[testcontainers.org 00:03:12.38] Stop Docker container f6d6fd78c396
[testcontainers.org 00:03:13.62] Delete Docker container 8ebb43dd1337
  Passed TraliVali.Tests.Infrastructure.Storage.AzureBlobServiceTests.DeleteArchiveAsync_ShouldReturnFalse_WhenBlobDoesNotExist [9 ms]
[testcontainers.org 00:03:13.64] Docker container 38618cc50b3e created
[testcontainers.org 00:03:13.64] Start Docker container 38618cc50b3e
[testcontainers.org 00:03:13.81] Wait for Docker container 38618cc50b3e to complete readiness checks
[testcontainers.org 00:03:14.82] Docker container 38618cc50b3e ready
[testcontainers.org 00:03:14.87] Stop Docker container 38618cc50b3e
[testcontainers.org 00:03:15.14] Delete Docker container f6d6fd78c396
  Passed TraliVali.Tests.Auth.BackupServiceTests.Constructor_ShouldThrowException_WhenBackupsCollectionIsNull [< 1 ms]
[testcontainers.org 00:03:15.16] Docker container 44f5b3918049 created
[testcontainers.org 00:03:15.16] Start Docker container 44f5b3918049
[testcontainers.org 00:03:15.30] Wait for Docker container 44f5b3918049 to complete readiness checks
[testcontainers.org 00:03:17.86] Delete Docker container 38618cc50b3e
  Passed TraliVali.Tests.Infrastructure.Storage.AzureBlobServiceTests.UploadArchiveAsync_ShouldThrowArgumentException_WhenPathIsNull [1 ms]
[testcontainers.org 00:03:17.88] Docker container 187bd4f4ef57 created
[testcontainers.org 00:03:17.88] Start Docker container 187bd4f4ef57
[testcontainers.org 00:03:18.05] Wait for Docker container 187bd4f4ef57 to complete readiness checks
[testcontainers.org 00:03:18.32] Docker container 44f5b3918049 ready
[testcontainers.org 00:03:18.40] Docker container 58d1346bdcaf created
[testcontainers.org 00:03:18.41] Start Docker container 58d1346bdcaf
[testcontainers.org 00:03:18.60] Wait for Docker container 58d1346bdcaf to complete readiness checks
[testcontainers.org 00:03:19.61] Docker container 58d1346bdcaf ready
[testcontainers.org 00:03:19.62] Stop Docker container 44f5b3918049
[testcontainers.org 00:03:19.77] Delete Docker container 44f5b3918049
[testcontainers.org 00:03:19.79] Stop Docker container 58d1346bdcaf
[testcontainers.org 00:03:20.07] Docker container 187bd4f4ef57 ready
[testcontainers.org 00:03:20.10] Stop Docker container 187bd4f4ef57
[testcontainers.org 00:03:22.07] Delete Docker container 187bd4f4ef57
  Passed TraliVali.Tests.Infrastructure.Storage.AzureBlobServiceTests.GenerateUploadUrl_ShouldGenerateValidUrl_WhenBlobPathIsValid [< 1 ms]
[testcontainers.org 00:03:22.09] Docker container 10327b04d1f5 created
[testcontainers.org 00:03:22.09] Start Docker container 10327b04d1f5
[testcontainers.org 00:03:22.26] Wait for Docker container 10327b04d1f5 to complete readiness checks
[testcontainers.org 00:03:22.60] Delete Docker container 58d1346bdcaf
[testcontainers.org 00:03:22.62] Docker container f07635b56a9f created
[testcontainers.org 00:03:22.62] Start Docker container f07635b56a9f
[testcontainers.org 00:03:22.78] Wait for Docker container f07635b56a9f to complete readiness checks
  Passed TraliVali.Tests.Auth.BackupServiceTests.ListBackupsAsync_ShouldReturnEmptyList_WhenNoBackupsExist [2 ms]
[testcontainers.org 00:03:24.27] Docker container 10327b04d1f5 ready
[testcontainers.org 00:03:24.33] Stop Docker container 10327b04d1f5
[testcontainers.org 00:03:25.80] Docker container f07635b56a9f ready
[testcontainers.org 00:03:25.88] Docker container 223c9fb01a37 created
[testcontainers.org 00:03:25.88] Start Docker container 223c9fb01a37
[testcontainers.org 00:03:26.04] Wait for Docker container 223c9fb01a37 to complete readiness checks
[testcontainers.org 00:03:26.30] Delete Docker container 10327b04d1f5
  Passed TraliVali.Tests.Infrastructure.Storage.AzureBlobServiceTests.ListArchivesAsync_ShouldReturnAllArchives_WhenPrefixIsEmpty [25 ms]
[testcontainers.org 00:03:26.32] Docker container 1f28583e2850 created
[testcontainers.org 00:03:26.32] Start Docker container 1f28583e2850
[testcontainers.org 00:03:26.52] Wait for Docker container 1f28583e2850 to complete readiness checks
[testcontainers.org 00:03:28.05] Docker container 223c9fb01a37 ready
[testcontainers.org 00:03:28.06] Stop Docker container f07635b56a9f
[testcontainers.org 00:03:28.21] Delete Docker container f07635b56a9f
[testcontainers.org 00:03:28.23] Stop Docker container 223c9fb01a37
[testcontainers.org 00:03:28.54] Docker container 1f28583e2850 ready
[testcontainers.org 00:03:28.57] Stop Docker container 1f28583e2850
[testcontainers.org 00:03:30.10] Delete Docker container 223c9fb01a37
[testcontainers.org 00:03:30.56] Delete Docker container 1f28583e2850
  Passed TraliVali.Tests.Auth.BackupServiceTests.TriggerBackupAsync_ShouldSetStatusToFailed_WhenStorageIsNotConfigured [6 ms]
  Passed TraliVali.Tests.Infrastructure.Storage.AzureBlobServiceTests.DeleteArchiveAsync_ShouldThrowArgumentException_WhenPathIsEmpty [1 ms]
[testcontainers.org 00:03:30.57] Docker container 37ffde8a7d96 created
[testcontainers.org 00:03:30.58] Start Docker container 37ffde8a7d96
[testcontainers.org 00:03:30.75] Wait for Docker container 37ffde8a7d96 to complete readiness checks
[testcontainers.org 00:03:31.76] Docker container 37ffde8a7d96 ready
[testcontainers.org 00:03:31.82] Stop Docker container 37ffde8a7d96
[testcontainers.org 00:03:34.70] Delete Docker container 37ffde8a7d96
  Passed TraliVali.Tests.Infrastructure.Storage.AzureBlobServiceTests.GenerateDownloadUrl_ShouldGenerateUrlWithCustomExpiry [< 1 ms]
[testcontainers.org 00:03:34.71] Docker container 7beb5cf0ee92 created
[testcontainers.org 00:03:34.72] Start Docker container 7beb5cf0ee92
[testcontainers.org 00:03:34.89] Wait for Docker container 7beb5cf0ee92 to complete readiness checks
[testcontainers.org 00:03:35.90] Docker container 7beb5cf0ee92 ready
[testcontainers.org 00:03:36.01] Stop Docker container 7beb5cf0ee92
[testcontainers.org 00:03:38.83] Delete Docker container 7beb5cf0ee92
  Passed TraliVali.Tests.Infrastructure.Storage.AzureBlobServiceTests.MultipleArchives_ShouldBeOrganizedByYearAndMonth [42 ms]
[testcontainers.org 00:03:38.85] Docker container 1eea420ea631 created
[testcontainers.org 00:03:38.86] Start Docker container 1eea420ea631
[testcontainers.org 00:03:39.03] Wait for Docker container 1eea420ea631 to complete readiness checks
[testcontainers.org 00:03:40.04] Docker container 1eea420ea631 ready
[testcontainers.org 00:03:40.10] Stop Docker container 1eea420ea631
[testcontainers.org 00:03:42.96] Delete Docker container 1eea420ea631
  Passed TraliVali.Tests.Infrastructure.Storage.AzureBlobServiceTests.Constructor_ShouldThrowArgumentException_WhenConnectionStringIsNull [< 1 ms]
[testcontainers.org 00:03:42.98] Docker container 49d5792cffd0 created
[testcontainers.org 00:03:42.98] Start Docker container 49d5792cffd0
[testcontainers.org 00:03:43.15] Wait for Docker container 49d5792cffd0 to complete readiness checks
[testcontainers.org 00:03:44.16] Docker container 49d5792cffd0 ready
[testcontainers.org 00:03:44.21] Stop Docker container 49d5792cffd0
[testcontainers.org 00:03:47.08] Delete Docker container 49d5792cffd0
  Passed TraliVali.Tests.Infrastructure.Storage.AzureBlobServiceTests.GenerateUploadUrl_ShouldThrowArgumentException_WhenBlobPathIsNull [< 1 ms]
[testcontainers.org 00:03:47.13] Docker container 7b0406ce2fcb created
[testcontainers.org 00:03:47.13] Start Docker container 7b0406ce2fcb
[testcontainers.org 00:03:47.28] Wait for Docker container 7b0406ce2fcb to complete readiness checks
[testcontainers.org 00:03:50.29] Docker container 7b0406ce2fcb ready
[testcontainers.org 00:03:50.31] Docker container fb65fdccfaa1 created
[testcontainers.org 00:03:50.31] Start Docker container fb65fdccfaa1
[testcontainers.org 00:03:50.45] Wait for Docker container fb65fdccfaa1 to complete readiness checks
[testcontainers.org 00:03:50.45] Execute "redis-cli ping" at Docker container fb65fdccfaa1
[testcontainers.org 00:03:50.50] Docker container fb65fdccfaa1 ready
[17:45:59 INF] Starting TraliVali API
[17:46:00 WRN] No XML encryptor configured. Key {4c4c4967-3118-4066-ac78-3cefb87e47bf} may be persisted to storage in unencrypted form.
[17:46:01 WRN] Failed to determine the https port for redirect.
[17:46:01 INF] HTTP POST /hubs/chat/negotiate responded 200 in 44.3135 ms
[17:46:01 INF] HTTP POST /hubs/chat/negotiate responded 200 in 3.4411 ms
[17:46:01 INF] HTTP POST /hubs/chat responded 200 in 1.0494 ms
[17:46:01 INF] HTTP POST /hubs/chat responded 200 in 0.2044 ms
[17:46:01 INF] User testUser123 connected with connection ID 8I2bRYoTAkGK0WGH3n57Wg
[17:46:01 INF] HTTP POST /hubs/chat/negotiate responded 200 in 0.2687 ms
[17:46:01 INF] HTTP POST /hubs/chat/negotiate responded 200 in 0.1948 ms
[17:46:01 INF] HTTP POST /hubs/chat responded 200 in 0.1032 ms
[17:46:01 INF] HTTP POST /hubs/chat responded 200 in 0.0991 ms
[17:46:01 INF] User testUser123 connected with connection ID sWYB7bIfxCH2mO7iw3dVjw
[17:46:01 INF] HTTP POST /hubs/chat responded 200 in 0.0909 ms
[17:46:01 INF] User testUser123 joining conversation conv123
[17:46:01 INF] HTTP POST /hubs/chat responded 200 in 0.1043 ms
[17:46:01 INF] User testUser123 joining conversation conv123
[17:46:01 INF] HTTP POST /hubs/chat responded 200 in 0.0904 ms
[17:46:01 INF] HTTP POST /hubs/chat responded 200 in 0.0997 ms
[17:46:01 INF] User testUser123 disconnected from connection ID 8I2bRYoTAkGK0WGH3n57Wg
[17:46:01 INF] HTTP GET /hubs/chat responded 200 in 67.9185 ms
[17:46:01 INF] HTTP POST /hubs/chat responded 200 in 0.1322 ms
[17:46:01 INF] User testUser123 disconnected from connection ID sWYB7bIfxCH2mO7iw3dVjw
[17:46:01 INF] HTTP GET /hubs/chat responded 200 in 32.8284 ms
[testcontainers.org 00:03:52.98] Delete Docker container 7b0406ce2fcb
[testcontainers.org 00:03:53.14] Delete Docker container fb65fdccfaa1
  Passed TraliVali.Tests.Hubs.ChatHubIntegrationTests.MarkAsRead_ShouldNotifyClientsInConversation [2 s]
[testcontainers.org 00:03:53.27] Docker container b94273792452 created
[testcontainers.org 00:03:53.27] Start Docker container b94273792452
[testcontainers.org 00:03:53.41] Wait for Docker container b94273792452 to complete readiness checks
[testcontainers.org 00:03:56.43] Docker container b94273792452 ready
[testcontainers.org 00:03:56.45] Docker container c7c23a99333c created
[testcontainers.org 00:03:56.45] Start Docker container c7c23a99333c
[testcontainers.org 00:03:56.59] Wait for Docker container c7c23a99333c to complete readiness checks
[testcontainers.org 00:03:56.59] Execute "redis-cli ping" at Docker container c7c23a99333c
[testcontainers.org 00:03:56.64] Docker container c7c23a99333c ready
[17:46:05 INF] Starting TraliVali API
[17:46:05 WRN] Failed to determine the https port for redirect.
[17:46:05 INF] HTTP POST /hubs/chat/negotiate responded 200 in 6.3750 ms
[17:46:05 INF] HTTP POST /hubs/chat/negotiate responded 200 in 1.2690 ms
[17:46:05 INF] HTTP POST /hubs/chat responded 200 in 0.1027 ms
[17:46:05 INF] HTTP POST /hubs/chat responded 200 in 0.4728 ms
[17:46:05 INF] HTTP POST /hubs/chat/negotiate responded 200 in 0.1946 ms
[17:46:05 INF] User testUser123 connected with connection ID FqOi5px4RHPCnnZo7633Vg
[17:46:05 INF] HTTP POST /hubs/chat/negotiate responded 200 in 0.1500 ms
[17:46:05 INF] HTTP POST /hubs/chat responded 200 in 0.1140 ms
[17:46:05 INF] User testUser123 connected with connection ID _UIZAPp762iTxQVz0zauUQ
[17:46:05 INF] HTTP POST /hubs/chat responded 200 in 0.1072 ms
[17:46:05 INF] HTTP POST /hubs/chat responded 200 in 0.0811 ms
[17:46:05 INF] User testUser123 joining conversation conv123
[17:46:05 INF] HTTP POST /hubs/chat responded 200 in 0.1283 ms
[17:46:05 INF] User testUser123 joining conversation conv123
[17:46:05 INF] HTTP POST /hubs/chat responded 200 in 0.1333 ms
[17:46:05 INF] User testUser123 sending message msg123 to conversation conv123
[17:46:05 INF] User testUser123 disconnected from connection ID FqOi5px4RHPCnnZo7633Vg
[17:46:05 INF] User testUser123 disconnected from connection ID _UIZAPp762iTxQVz0zauUQ
[17:46:05 INF] HTTP GET /hubs/chat responded 200 in 14.5207 ms
[17:46:05 INF] HTTP GET /hubs/chat responded 200 in 9.9014 ms
[testcontainers.org 00:03:56.76] Delete Docker container b94273792452
[testcontainers.org 00:03:56.92] Delete Docker container c7c23a99333c
[xUnit.net 00:03:58.70]     TraliVali.Tests.Hubs.ChatHubIntegrationTests.SendMessage_ShouldBeReceivedByMultipleClients_InSameConversation [FAIL]
[xUnit.net 00:03:58.70]       Assert.Equal() Failure: Values differ
[xUnit.net 00:03:58.70]       Expected: 2
[xUnit.net 00:03:58.70]       Actual:   1
[xUnit.net 00:03:58.70]       Stack Trace:
[xUnit.net 00:03:58.70]         /home/runner/work/TralliValli/TralliValli/tests/TraliVali.Tests/Hubs/ChatHubIntegrationTests.cs(230,0): at TraliVali.Tests.Hubs.ChatHubIntegrationTests.SendMessage_ShouldBeReceivedByMultipleClients_InSameConversation()
[xUnit.net 00:03:58.70]         --- End of stack trace from previous location ---
  Failed TraliVali.Tests.Hubs.ChatHubIntegrationTests.SendMessage_ShouldBeReceivedByMultipleClients_InSameConversation [103 ms]
  Error Message:
   Assert.Equal() Failure: Values differ
Expected: 2
Actual:   1
  Stack Trace:
     at TraliVali.Tests.Hubs.ChatHubIntegrationTests.SendMessage_ShouldBeReceivedByMultipleClients_InSameConversation() in /home/runner/work/TralliValli/TralliValli/tests/TraliVali.Tests/Hubs/ChatHubIntegrationTests.cs:line 230
--- End of stack trace from previous location ---
[testcontainers.org 00:03:57.06] Docker container 9a223ad87c33 created
[testcontainers.org 00:03:57.06] Start Docker container 9a223ad87c33
